--------- beginning of main
07-13 23:35:04.213  1481  1736 I MicroDetectionState: Should stop hotword detection immediately - false
07-13 23:35:04.214  1481  1736 I MicroDetectionWorker: #startMicroDetector [speakerMode: 0]
07-13 23:35:04.216  1481  1736 I HotwordLSAdapter: stopListeningStatus result: 109
07-13 23:35:04.216  1481  1736 I HotwordLSAdapter: getAudioSourceOpeningStatus completed: 102
07-13 23:35:04.216  1481  1736 W ErrorReporter: reportError [type: 211, code: 393244, bug: 0]: errorCode: 393244, engine: 0
07-13 23:35:04.217  1481  1736 I MicroDetector: Keeping mic open: false
07-13 23:35:04.217  1481  1736 I MicroDetector: #shutdownAudioWithAudioLibrary
07-13 23:35:04.217  1481  5244 E DeviceStateChecker: DeviceStateChecker cancelled
07-13 23:35:04.217  1481  1736 I MicroDetectionWorker: #onError(false)
07-13 23:35:04.217  1481  1736 I HotwordLSAdapter: stopListeningStatus result: 109
07-13 23:35:04.720  1481  1736 I MicroDetectionState: Should stop hotword detection immediately - false
07-13 23:35:04.723  1481  1736 I MicroDetectionWorker: #startMicroDetector [speakerMode: 0]
07-13 23:35:04.727  1481  1736 I HotwordLSAdapter: stopListeningStatus result: 109
07-13 23:35:04.727  1481  1736 I HotwordLSAdapter: getAudioSourceOpeningStatus completed: 102
07-13 23:35:04.728  1481  1736 W ErrorReporter: reportError [type: 211, code: 393244, bug: 0]: errorCode: 393244, engine: 0
07-13 23:35:04.728  1481  1736 I MicroDetector: Keeping mic open: false
07-13 23:35:04.728  1481  1736 I MicroDetector: #shutdownAudioWithAudioLibrary
07-13 23:35:04.728  1481  5244 E DeviceStateChecker: DeviceStateChecker cancelled
07-13 23:35:04.729  1481  1736 I MicroDetectionWorker: #onError(false)
07-13 23:35:04.729  1481  1736 I HotwordLSAdapter: stopListeningStatus result: 109
07-13 23:35:05.232  1481  1736 I MicroDetectionState: Should stop hotword detection immediately - false
07-13 23:35:05.233  1481  1736 I MicroDetectionWorker: #startMicroDetector [speakerMode: 0]
07-13 23:35:05.235  1481  1736 I HotwordLSAdapter: stopListeningStatus result: 109
07-13 23:35:05.235  1481  1736 I HotwordLSAdapter: getAudioSourceOpeningStatus completed: 102
07-13 23:35:05.235  1481  1736 W ErrorReporter: reportError [type: 211, code: 393244, bug: 0]: errorCode: 393244, engine: 0
07-13 23:35:05.236  1481  1736 I MicroDetector: Keeping mic open: false
07-13 23:35:05.236  1481  1736 I MicroDetector: #shutdownAudioWithAudioLibrary
07-13 23:35:05.236  1481  5244 E DeviceStateChecker: DeviceStateChecker cancelled
07-13 23:35:05.236  1481  1736 I MicroDetectionWorker: #onError(false)
07-13 23:35:05.236  1481  1736 I HotwordLSAdapter: stopListeningStatus result: 109
07-13 23:35:05.738  1481  1736 I MicroDetectionState: Should stop hotword detection immediately - false
07-13 23:35:05.741  1481  1736 I MicroDetectionWorker: #startMicroDetector [speakerMode: 0]
07-13 23:35:05.744  1481  1736 I HotwordLSAdapter: stopListeningStatus result: 109
07-13 23:35:05.744  1481  1736 I HotwordLSAdapter: getAudioSourceOpeningStatus completed: 102
07-13 23:35:05.745  1481  1736 W ErrorReporter: reportError [type: 211, code: 393244, bug: 0]: errorCode: 393244, engine: 0
07-13 23:35:05.746  1481  1736 I MicroDetector: Keeping mic open: false
07-13 23:35:05.746  1481  1736 I MicroDetector: #shutdownAudioWithAudioLibrary
07-13 23:35:05.746  1481  5244 E DeviceStateChecker: DeviceStateChecker cancelled
07-13 23:35:05.746  1481  1736 I MicroDetectionWorker: #onError(false)
07-13 23:35:05.747  1481  1736 I HotwordLSAdapter: stopListeningStatus result: 109
07-13 23:35:06.248  1481  1736 I MicroDetectionState: Should stop hotword detection immediately - false
07-13 23:35:06.249  1481  1736 I MicroDetectionWorker: #startMicroDetector [speakerMode: 0]
07-13 23:35:06.251  1481  1736 I HotwordLSAdapter: stopListeningStatus result: 109
07-13 23:35:06.251  1481  1736 I HotwordLSAdapter: getAudioSourceOpeningStatus completed: 102
07-13 23:35:06.251  1481  1736 W ErrorReporter: reportError [type: 211, code: 393244, bug: 0]: errorCode: 393244, engine: 0
07-13 23:35:06.251  1481  1736 I MicroDetector: Keeping mic open: false
07-13 23:35:06.251  1481  1736 I MicroDetector: #shutdownAudioWithAudioLibrary
07-13 23:35:06.252  1481  5244 E DeviceStateChecker: DeviceStateChecker cancelled
07-13 23:35:06.252  1481  1736 I MicroDetectionWorker: #onError(false)
07-13 23:35:06.253  1481  1736 I HotwordLSAdapter: stopListeningStatus result: 109
07-13 23:35:06.693  1350  1408 I VoiceInputManagerWrapper: VoiceInputManagerWrapper.shutdownVoiceInternal():95 shutdownVoiceInternal()
07-13 23:35:06.754  1481  1736 I MicroDetectionState: Should stop hotword detection immediately - false
07-13 23:35:06.757  1481  1736 I MicroDetectionWorker: #startMicroDetector [speakerMode: 0]
07-13 23:35:06.760  1481  1736 I HotwordLSAdapter: stopListeningStatus result: 109
07-13 23:35:06.760  1481  1736 I HotwordLSAdapter: getAudioSourceOpeningStatus completed: 102
07-13 23:35:06.761  1481  1736 W ErrorReporter: reportError [type: 211, code: 393244, bug: 0]: errorCode: 393244, engine: 0
07-13 23:35:06.761  1481  1736 I MicroDetector: Keeping mic open: false
07-13 23:35:06.766  1481  1736 I MicroDetector: #shutdownAudioWithAudioLibrary
07-13 23:35:06.766  1481  5244 E DeviceStateChecker: DeviceStateChecker cancelled
07-13 23:35:06.766  1481  1736 I MicroDetectionWorker: #onError(false)
07-13 23:35:06.767  1481  1736 I HotwordLSAdapter: stopListeningStatus result: 109
--------- beginning of kernel
07-13 23:35:06.769     0     0 D logd    : logdr: UID=2000 GID=2000 PID=5790 n tail=0 logMask=99 pid=0 start=0ns timeout=0ns
07-13 23:35:07.176  5795  5795 D AndroidRuntime: >>>>>> START com.android.internal.os.RuntimeInit uid 2000 <<<<<<
07-13 23:35:07.181  5795  5795 E libc    : Access denied finding property "persist.device_config.runtime_native_boot.profilebootclasspath"
07-13 23:35:07.181  5795  5795 E libc    : Access denied finding property "persist.device_config.runtime_native_boot.enable_apex_image"
07-13 23:35:07.182  5795  5795 I AndroidRuntime: Using default boot image
07-13 23:35:07.182  5795  5795 E libc    : Access denied finding property "persist.device_config.runtime_native_boot.disable_lock_profiling"
07-13 23:35:07.182  5795  5795 I AndroidRuntime: Leaving lock profiling enabled
07-13 23:35:07.182  5795  5795 E libc    : Access denied finding property "persist.device_config.runtime_native_boot.enable_generational_cc"
07-13 23:35:07.187  5795  5795 W app_process: Could not reserve sentinel fault page
07-13 23:35:07.187  5795  5795 I app_process: Core platform API reporting enabled, enforcing=false
07-13 23:35:07.176  5795  5795 W app_process: type=1400 audit(0.0:79): avc: denied { read } for name="u:object_r:device_config_runtime_native_boot_prop:s0" dev="tmpfs" ino=8306 scontext=u:r:shell:s0 tcontext=u:object_r:device_config_runtime_native_boot_prop:s0 tclass=file permissive=0
07-13 23:35:07.176  5795  5795 I chatty  : uid=2000(shell) app_process identical 2 lines
07-13 23:35:07.176  5795  5795 W app_process: type=1400 audit(0.0:82): avc: denied { read } for name="u:object_r:device_config_runtime_native_boot_prop:s0" dev="tmpfs" ino=8306 scontext=u:r:shell:s0 tcontext=u:object_r:device_config_runtime_native_boot_prop:s0 tclass=file permissive=0
07-13 23:35:07.269  1481  1736 I MicroDetectionState: Should stop hotword detection immediately - false
07-13 23:35:07.271  1481  1736 I MicroDetectionWorker: #startMicroDetector [speakerMode: 0]
07-13 23:35:07.274  1481  1736 I HotwordLSAdapter: stopListeningStatus result: 109
07-13 23:35:07.274  1481  1736 I HotwordLSAdapter: getAudioSourceOpeningStatus completed: 102
07-13 23:35:07.274  1481  1736 W ErrorReporter: reportError [type: 211, code: 393244, bug: 0]: errorCode: 393244, engine: 0
07-13 23:35:07.274  1481  1736 I MicroDetector: Keeping mic open: false
07-13 23:35:07.274  1481  1736 I MicroDetector: #shutdownAudioWithAudioLibrary
07-13 23:35:07.274  1481  1736 I MicroDetectionWorker: #onError(false)
07-13 23:35:07.275  1481  1736 I HotwordLSAdapter: stopListeningStatus result: 109
07-13 23:35:07.400  5795  5795 D app_process: Time zone APEX ICU file found: /apex/com.android.tzdata/etc/icu/icu_tzdata.dat
07-13 23:35:07.400  5795  5795 D app_process: I18n APEX ICU file found: /apex/com.android.i18n/etc/icu/icudt66l.dat
07-13 23:35:07.410  5795  5795 W app_process: Unexpected CPU variant for X86 using defaults: x86
07-13 23:35:07.412  5795  5795 I app_process: The ClassLoaderContext is a special shared library.
07-13 23:35:07.441  5795  5795 W app_process: JNI RegisterNativeMethods: attempt to register 0 native methods for android.media.AudioAttributes
07-13 23:35:07.452  5795  5795 D AndroidRuntime: Calling main entry com.android.commands.monkey.Monkey
07-13 23:35:07.455  5795  5795 W Monkey  : args: [--pct-touch, 70, -p, com.android.todolist, -v, 1000, --throttle, 500]
07-13 23:35:07.456  5795  5795 W Monkey  :  arg: "--pct-touch"
07-13 23:35:07.456  5795  5795 W Monkey  :  arg: "70"
07-13 23:35:07.456  5795  5795 W Monkey  :  arg: "-p"
07-13 23:35:07.456  5795  5795 W Monkey  :  arg: "com.android.todolist"
07-13 23:35:07.457  5795  5795 W Monkey  :  arg: "-v"
07-13 23:35:07.457  5795  5795 W Monkey  :  arg: "1000"
07-13 23:35:07.457  5795  5795 W Monkey  :  arg: "--throttle"
07-13 23:35:07.457  5795  5795 W Monkey  :  arg: "500"
07-13 23:35:07.458  5795  5795 W Monkey  : arg="--pct-touch" mCurArgData="null" mNextArg=1 argwas="--pct-touch" nextarg="70"
07-13 23:35:07.458  5795  5795 W Monkey  : data="70"
07-13 23:35:07.459  5795  5795 W Monkey  : data="com.android.todolist"
07-13 23:35:07.520  5795  5795 I Monkey  : :Monkey: seed=1626376426351 count=1000
07-13 23:35:07.521  5795  5795 I Monkey  : :AllowPackage: com.android.todolist
07-13 23:35:07.521  5795  5795 I Monkey  : :IncludeCategory: android.intent.category.LAUNCHER
07-13 23:35:07.521  5795  5795 I Monkey  : :IncludeCategory: android.intent.category.MONKEY
--------- beginning of system
07-13 23:35:07.530   507   535 W BroadcastQueue: Skipping deliver [background] BroadcastRecord{5d1e541 u-1 android.net.conn.CONNECTIVITY_CHANGE} to ReceiverList{f7e9ae6 5795 (unknown name)/2000/u-1 remote:8f7c24b}: process gone or crashing
07-13 23:35:07.556  5795  5795 I Monkey  : // Event percentages:
07-13 23:35:07.556  5795  5795 I Monkey  : //   0: 70.0%
07-13 23:35:07.556  5795  5795 I Monkey  : //   1: 3.5294118%
07-13 23:35:07.557  5795  5795 I Monkey  : //   2: 0.7058824%
07-13 23:35:07.557  5795  5795 I Monkey  : //   3: 5.294118%
07-13 23:35:07.557  5795  5795 I Monkey  : //   4: -0.0%
07-13 23:35:07.557  5795  5795 I Monkey  : //   5: -0.0%
07-13 23:35:07.557  5795  5795 I Monkey  : //   6: 8.823529%
07-13 23:35:07.558  5795  5795 I Monkey  : //   7: 5.294118%
07-13 23:35:07.558  5795  5795 I Monkey  : //   8: 0.7058824%
07-13 23:35:07.562  5795  5795 I Monkey  : //   9: 0.7058824%
07-13 23:35:07.562  5795  5795 I Monkey  : //   10: 0.3529412%
07-13 23:35:07.563  5795  5795 I Monkey  : //   11: 4.5882354%
07-13 23:35:07.564  5795  5795 I Monkey  : :Switch: #Intent;action=android.intent.action.MAIN;category=android.intent.category.LAUNCHER;launchFlags=0x10200000;component=com.android.todolist/.MainActivity;end
07-13 23:35:07.572   507  1548 I ActivityTaskManager: START u0 {act=android.intent.action.MAIN cat=[android.intent.category.LAUNCHER] flg=0x10200000 cmp=com.android.todolist/.MainActivity} from uid 2000
07-13 23:35:07.572   507   529 D EventSequenceValidator: inc AccIntentStartedEvents to 2
07-13 23:35:07.575  5795  5795 I Monkey  :     // Allowing start of Intent { act=android.intent.action.MAIN cat=[android.intent.category.LAUNCHER] cmp=com.android.todolist/.MainActivity } in package com.android.todolist
07-13 23:35:07.588   392   392 I perfetto: ing_service_impl.cc:758 Configured tracing session 4, #sources:1, duration:5000 ms, #buffers:1, total buffer size:4096 KB, total sessions:1, uid:1071 session name: ""
07-13 23:35:07.589   388   388 I perfetto: probes_producer.cc:230  Ftrace setup (target_buf=4)
07-13 23:35:07.619   388   388 I perfetto: ftrace_procfs.cc:176    enabled ftrace
07-13 23:35:07.578     0     0 W perfetto: enabled ftrace
07-13 23:35:07.631   507   529 D CompatibilityChangeReporter: Compat change id reported: 135634846; UID 10156; state: DISABLED
07-13 23:35:07.632   507   536 D CompatibilityChangeReporter: Compat change id reported: 143937733; UID 10156; state: DISABLED
07-13 23:35:07.642   264   264 D Zygote  : Forked child process 5813
07-13 23:35:07.690   285   328 D goldfish-address-space: claimShared: Ask to claim region [0x3f5b72000 0x3f6498000]
07-13 23:35:07.696   507   536 W ActivityManager: Slow operation: 66ms so far, now at startProcess: returned from zygote!
07-13 23:35:07.696   507   536 W ActivityManager: Slow operation: 66ms so far, now at startProcess: done updating battery stats
07-13 23:35:07.696   507   536 W ActivityManager: Slow operation: 67ms so far, now at startProcess: building log message
07-13 23:35:07.696   507   536 I ActivityManager: Start proc 5813:com.android.todolist/u0a156 for pre-top-activity {com.android.todolist/com.android.todolist.MainActivity}
07-13 23:35:07.697   507   536 W ActivityManager: Slow operation: 67ms so far, now at startProcess: starting to update pids map
07-13 23:35:07.697  5795  5795 I Monkey  : :Sending Touch (ACTION_DOWN): 0:(895.0,675.0)
07-13 23:35:07.698   507   613 I InputDispatcher: Dropping event because there is no touchable window or gesture monitor at (895, 675) in display 0.
07-13 23:35:07.698  5813  5813 I ndroid.todolis: Not late-enabling -Xcheck:jni (already on)
07-13 23:35:07.705   507  1133 W InputManager: Input event injection from pid 5795 failed.
07-13 23:35:07.707  5795  5795 I Monkey  :     // Injection Failed
07-13 23:35:07.709  5795  5795 I Monkey  : :Sending Touch (ACTION_UP): 0:(899.4112,675.204)
07-13 23:35:07.723   507   536 W ActivityManager: Slow operation: 93ms so far, now at startProcess: done updating pids map
07-13 23:35:07.726   507   613 I InputDispatcher: Dropping event because there is no touched foreground window in display 0 or gesture monitor to receive it.
07-13 23:35:07.728   507  1548 W InputManager: Input event injection from pid 5795 failed.
07-13 23:35:07.730  5795  5795 I Monkey  :     // Injection Failed
07-13 23:35:07.731  5795  5795 I Monkey  : :Sending Touch (ACTION_DOWN): 0:(1046.0,1554.0)
07-13 23:35:07.737   507   613 I InputDispatcher: Dropping event because there is no touchable window or gesture monitor at (1046, 1554) in display 0.
07-13 23:35:07.754  5813  5813 I ndroid.todolis: Unquickening 12 vdex files!
07-13 23:35:07.756  5813  5813 W ndroid.todolis: Unexpected CPU variant for X86 using defaults: x86
07-13 23:35:07.775  5795  5795 I Monkey  :     // Injection Failed
07-13 23:35:07.778  1481  1736 I MicroDetectionState: Should stop hotword detection immediately - false
07-13 23:35:07.781  5795  5795 I Monkey  : :Sending Touch (ACTION_UP): 0:(1049.4888,1555.4551)
07-13 23:35:07.784   507   613 I InputDispatcher: Dropping event because there is no touched foreground window in display 0 or gesture monitor to receive it.
07-13 23:35:07.794  5795  5795 I Monkey  :     // Injection Failed
07-13 23:35:07.795  5795  5795 I Monkey  : :Sending Touch (ACTION_DOWN): 0:(1044.0,360.0)
07-13 23:35:07.797   507   613 I InputDispatcher: Dropping event because there is no touchable window or gesture monitor at (1044, 360) in display 0.
07-13 23:35:07.799  5795  5795 I Monkey  :     // Injection Failed
07-13 23:35:07.799  5795  5795 I Monkey  : :Sending Touch (ACTION_UP): 0:(1028.982,360.4266)
07-13 23:35:07.802  1481  1736 I MicroDetectionState: Should stop hotword detection immediately - false
07-13 23:35:07.809   507   613 I InputDispatcher: Dropping event because there is no touched foreground window in display 0 or gesture monitor to receive it.
07-13 23:35:07.813  5795  5795 I Monkey  :     // Injection Failed
07-13 23:35:07.813  5795  5795 I Monkey  : :Sending Touch (ACTION_DOWN): 0:(1030.0,1638.0)
07-13 23:35:07.817   507   613 I InputDispatcher: Dropping event because there is no touchable window or gesture monitor at (1030, 1638) in display 0.
07-13 23:35:07.821   363   381 I adbd    : jdwp connection from 5813
07-13 23:35:07.825  5795  5795 I Monkey  :     // Injection Failed
07-13 23:35:07.825  5795  5795 I Monkey  : :Sending Touch (ACTION_UP): 0:(1039.677,1637.4274)
07-13 23:35:07.827   507   613 I InputDispatcher: Dropping event because there is no touched foreground window in display 0 or gesture monitor to receive it.
07-13 23:35:07.831  5795  5795 I Monkey  :     // Injection Failed
07-13 23:35:07.847   507   613 W InputDispatcher: Waiting because no window has focus but ActivityRecord{d0c5b3b u0 com.google.android.apps.nexuslauncher/.NexusLauncherActivity t17} may eventually add a window when it finishes starting up. Will wait for 5000ms
07-13 23:35:07.847   507   613 W InputDispatcher: Still no focused window. Will drop the event in 4999ms
07-13 23:35:07.886   507  1133 W InputReader: Device virtio_input_multi_touch_9 is associated with display ADISPLAY_ID_NONE.
07-13 23:35:07.886   507  1133 W InputReader: Device virtio_input_multi_touch_6 is associated with display ADISPLAY_ID_NONE.
07-13 23:35:07.886   507  1133 W InputReader: Device virtio_input_multi_touch_3 is associated with display ADISPLAY_ID_NONE.
07-13 23:35:07.887   507  1133 W InputReader: Device virtio_input_multi_touch_10 is associated with display ADISPLAY_ID_NONE.
07-13 23:35:07.887   507  1133 W InputReader: Device virtio_input_multi_touch_7 is associated with display ADISPLAY_ID_NONE.
07-13 23:35:07.887   507  1133 W InputReader: Device virtio_input_multi_touch_8 is associated with display ADISPLAY_ID_NONE.
07-13 23:35:07.887   507  1133 W InputReader: Device virtio_input_multi_touch_4 is associated with display ADISPLAY_ID_NONE.
07-13 23:35:07.887   507  1133 W InputReader: Device virtio_input_multi_touch_11 is associated with display ADISPLAY_ID_NONE.
07-13 23:35:07.887   507  1133 W InputReader: Device virtio_input_multi_touch_5 is associated with display ADISPLAY_ID_NONE.
07-13 23:35:07.887   507  1133 W InputReader: Device virtio_input_multi_touch_2 is associated with display ADISPLAY_ID_NONE.
07-13 23:35:07.887   507  1133 W InputReader: Device virtio_input_multi_touch_9 is associated with display ADISPLAY_ID_NONE.
07-13 23:35:07.888   507  1133 W InputReader: Device virtio_input_multi_touch_6 is associated with display ADISPLAY_ID_NONE.
07-13 23:35:07.888   507  1133 W InputReader: Device virtio_input_multi_touch_3 is associated with display ADISPLAY_ID_NONE.
07-13 23:35:07.888   507  1133 W InputReader: Device virtio_input_multi_touch_10 is associated with display ADISPLAY_ID_NONE.
07-13 23:35:07.888   507  1133 W InputReader: Device virtio_input_multi_touch_7 is associated with display ADISPLAY_ID_NONE.
07-13 23:35:07.888   507  1133 W InputReader: Device virtio_input_multi_touch_8 is associated with display ADISPLAY_ID_NONE.
07-13 23:35:07.888   507  1133 W InputReader: Device virtio_input_multi_touch_4 is associated with display ADISPLAY_ID_NONE.
07-13 23:35:07.895   507  1133 W InputReader: Device virtio_input_multi_touch_11 is associated with display ADISPLAY_ID_NONE.
07-13 23:35:07.895   507  1133 W InputReader: Device virtio_input_multi_touch_5 is associated with display ADISPLAY_ID_NONE.
07-13 23:35:07.895   507  1133 W InputReader: Device virtio_input_multi_touch_2 is associated with display ADISPLAY_ID_NONE.
07-13 23:35:07.909   507   613 W InputDispatcher: Waiting because no window has focus but ActivityRecord{dd05363 u0 com.android.todolist/.MainActivity t19} may eventually add a window when it finishes starting up. Will wait for 5000ms
07-13 23:35:07.910   507   613 W InputDispatcher: Still no focused window. Will drop the event in 4998ms
07-13 23:35:07.821   507  1548 I chatty  : uid=1000(system) Binder:507_E identical 5 lines
07-13 23:35:07.829   507  1548 W InputManager: Input event injection from pid 5795 failed.
07-13 23:35:07.920   507  1133 W ActivityManager: Slow operation: 53ms so far, now at attachApplicationLocked: after mServices.attachApplicationLocked
07-13 23:35:07.979  5813  5813 D ApplicationLoaders: Returning zygote-cached class loader: /system/framework/android.test.base.jar
07-13 23:35:08.020   507   613 W InputDispatcher: Still no focused window. Will drop the event in 4889ms
07-13 23:35:08.045   507   613 W InputDispatcher: Still no focused window. Will drop the event in 4864ms
07-13 23:35:08.071   507   613 W InputDispatcher: Still no focused window. Will drop the event in 4837ms
07-13 23:35:08.089   507   613 W InputDispatcher: Still no focused window. Will drop the event in 4820ms
07-13 23:35:08.111   507   613 W InputDispatcher: Still no focused window. Will drop the event in 4798ms
07-13 23:35:08.115   507   613 W InputDispatcher: Still no focused window. Will drop the event in 4794ms
07-13 23:35:08.315   507   613 W InputDispatcher: Still no focused window. Will drop the event in 4593ms
07-13 23:35:08.335   507   613 W InputDispatcher: Still no focused window. Will drop the event in 4573ms
07-13 23:35:08.355   507   613 W InputDispatcher: Still no focused window. Will drop the event in 4553ms
07-13 23:35:08.372   507   613 W InputDispatcher: Still no focused window. Will drop the event in 4536ms
07-13 23:35:08.409   507   613 W InputDispatcher: Still no focused window. Will drop the event in 4500ms
07-13 23:35:08.469   507   613 W InputDispatcher: Still no focused window. Will drop the event in 4439ms
07-13 23:35:08.488   507   613 W InputDispatcher: Still no focused window. Will drop the event in 4421ms
07-13 23:35:08.534  5813  5813 D NetworkSecurityConfig: No Network Security Config specified, using platform default
07-13 23:35:08.535  5813  5813 D NetworkSecurityConfig: No Network Security Config specified, using platform default
07-13 23:35:08.582  5813  5836 D libEGL  : loaded /vendor/lib/egl/libEGL_emulation.so
07-13 23:35:08.595  5813  5836 D libEGL  : loaded /vendor/lib/egl/libGLESv1_CM_emulation.so
07-13 23:35:08.602  5813  5836 D libEGL  : loaded /vendor/lib/egl/libGLESv2_emulation.so
07-13 23:35:08.769  5813  5813 W ndroid.todolis: Accessing hidden method Landroid/view/View;->computeFitSystemWindows(Landroid/graphics/Rect;Landroid/graphics/Rect;)Z (greylist, reflection, allowed)
07-13 23:35:08.770  5813  5813 W ndroid.todolis: Accessing hidden method Landroid/view/ViewGroup;->makeOptionalFitsSystemWindows()V (greylist, reflection, allowed)
07-13 23:35:09.232   507   613 W InputDispatcher: Still no focused window. Will drop the event in 3676ms
07-13 23:35:09.237   507   613 W InputDispatcher: Still no focused window. Will drop the event in 3672ms
07-13 23:35:09.254   507   613 W InputDispatcher: Still no focused window. Will drop the event in 3655ms
07-13 23:35:09.273   507   613 W InputDispatcher: Still no focused window. Will drop the event in 3635ms
07-13 23:35:09.296  5813  5837 W SQLiteLog: (28) double-quoted string literal: "803253a5b56d65a7e0b1c4900298c9b8"
07-13 23:35:09.298  5813  5837 W SQLiteLog: (28) double-quoted string literal: "803253a5b56d65a7e0b1c4900298c9b8"
07-13 23:35:09.336   507   613 W InputDispatcher: Still no focused window. Will drop the event in 3572ms
07-13 23:35:09.361  5813  5834 D HostConnection: HostConnection::get() New Host Connection established 0xed581c10, tid 5834
07-13 23:35:09.374  5813  5834 D HostConnection: HostComposition ext ANDROID_EMU_CHECKSUM_HELPER_v1 ANDROID_EMU_native_sync_v2 ANDROID_EMU_native_sync_v3 ANDROID_EMU_native_sync_v4 ANDROID_EMU_dma_v1 ANDROID_EMU_direct_mem ANDROID_EMU_host_composition_v1 ANDROID_EMU_host_composition_v2 ANDROID_EMU_vulkan ANDROID_EMU_deferred_vulkan_commands ANDROID_EMU_vulkan_null_optional_strings ANDROID_EMU_vulkan_create_resources_with_requirements ANDROID_EMU_YUV_Cache ANDROID_EMU_async_unmap_buffer ANDROID_EMU_vulkan_ignored_handles ANDROID_EMU_has_shared_slots_host_memory_allocator ANDROID_EMU_vulkan_free_memory_sync ANDROID_EMU_vulkan_shader_float16_int8 ANDROID_EMU_vulkan_async_queue_submit ANDROID_EMU_sync_buffer_data GL_OES_vertex_array_object GL_KHR_texture_compression_astc_ldr ANDROID_EMU_host_side_tracing ANDROID_EMU_async_frame_commands ANDROID_EMU_gles_max_version_2 
07-13 23:35:09.377   151   151 I hwservicemanager: getTransport: Cannot find entry android.hardware.configstore@1.0::ISurfaceFlingerConfigs/default in either framework or device manifest.
07-13 23:35:09.378  5813  5834 W OpenGLRenderer: Failed to choose config with EGL_SWAP_BEHAVIOR_PRESERVED, retrying without...
07-13 23:35:09.418  5813  5834 D EGL_emulation: eglCreateContext: 0xed581c80: maj 2 min 0 rcv 2
07-13 23:35:09.476  5813  5834 D EGL_emulation: eglMakeCurrent: 0xed581c80: ver 2 0 (tinfo 0xed8f6cb0) (first time)
07-13 23:35:09.497   285   328 D goldfish-address-space: claimShared: Ask to claim region [0x3f6498000 0x3f6dbe000]
07-13 23:35:09.521   151   151 I hwservicemanager: getTransport: Cannot find entry android.hardware.graphics.mapper@4.0::IMapper/default in either framework or device manifest.
07-13 23:35:09.521  5813  5834 I Gralloc4: mapper 4.x is not supported
07-13 23:35:09.521  5813  5834 D HostConnection: createUnique: call
07-13 23:35:09.522  5813  5834 D HostConnection: HostConnection::get() New Host Connection established 0xed582930, tid 5834
07-13 23:35:09.522  5813  5834 D goldfish-address-space: allocate: Ask for block of size 0x100
07-13 23:35:09.523  5813  5834 D goldfish-address-space: allocate: ioctl allocate returned offset 0x3f3ffe000 size 0x2000
07-13 23:35:09.532  5813  5834 D HostConnection: HostComposition ext ANDROID_EMU_CHECKSUM_HELPER_v1 ANDROID_EMU_native_sync_v2 ANDROID_EMU_native_sync_v3 ANDROID_EMU_native_sync_v4 ANDROID_EMU_dma_v1 ANDROID_EMU_direct_mem ANDROID_EMU_host_composition_v1 ANDROID_EMU_host_composition_v2 ANDROID_EMU_vulkan ANDROID_EMU_deferred_vulkan_commands ANDROID_EMU_vulkan_null_optional_strings ANDROID_EMU_vulkan_create_resources_with_requirements ANDROID_EMU_YUV_Cache ANDROID_EMU_async_unmap_buffer ANDROID_EMU_vulkan_ignored_handles ANDROID_EMU_has_shared_slots_host_memory_allocator ANDROID_EMU_vulkan_free_memory_sync ANDROID_EMU_vulkan_shader_float16_int8 ANDROID_EMU_vulkan_async_queue_submit ANDROID_EMU_sync_buffer_data GL_OES_vertex_array_object GL_KHR_texture_compression_astc_ldr ANDROID_EMU_host_side_tracing ANDROID_EMU_async_frame_commands ANDROID_EMU_gles_max_version_2 
07-13 23:35:09.534   285   328 D goldfish-address-space: claimShared: Ask to claim region [0x3f6dbe000 0x3f76e4000]
07-13 23:35:09.566   285   328 D goldfish-address-space: claimShared: Ask to claim region [0x3f8000000 0x3f8926000]
07-13 23:35:09.688   507   613 W InputDispatcher: Still no focused window. Will drop the event in 3221ms
07-13 23:35:09.777   507   534 D ArtManagerInternalImpl: /data/misc/iorapd/com.android.todolist/1/com.android.todolist.MainActivity/compiled_traces/compiled_trace.pb doesn't exist
07-13 23:35:09.781   507   529 D EventSequenceValidator: dec AccIntentStartedEvents to 1
07-13 23:35:09.823   344   483 W ServiceManager: Permission failure: android.permission.ACCESS_SURFACE_FLINGER from uid=10156 pid=5813
07-13 23:35:09.823   344   483 D PermissionCache: checking android.permission.ACCESS_SURFACE_FLINGER for uid=10156 => denied (3461 us)
07-13 23:35:09.860   507   613 W InputDispatcher: Still no focused window. Will drop the event in 3048ms
07-13 23:35:09.861   507   613 W InputDispatcher: Still no focused window. Will drop the event in 3048ms
07-13 23:35:09.861   507   613 D InputDispatcher: Waiting to send key to Window{4d2008 u0 com.android.todolist/com.android.todolist.MainActivity} because there are unprocessed events that may cause focus to change
07-13 23:35:10.003   507   534 I ActivityTaskManager: Displayed com.android.todolist/.MainActivity: +2s196ms
07-13 23:35:10.029   402   641 E IPCThreadState: binder thread pool (1 threads) starved for 247 ms
07-13 23:35:10.045  5813  5825 I ndroid.todolis: Background young concurrent copying GC freed 19937(1748KB) AllocSpace objects, 0(0B) LOS objects, 90% free, 2454KB/26MB, paused 808us total 286.076ms
07-13 23:35:10.325  5813  5834 I OpenGLRenderer: Davey! duration=993ms; Flags=0, IntendedVsync=1758127472574, Vsync=1758594139222, OldestInputEvent=9223372036854775807, NewestInputEvent=0, HandleInputStart=1758597442700, AnimationStart=1758597494400, PerformTraversalsStart=1758598744400, DrawStart=1758606142900, SyncQueued=1758610013100, SyncStart=1758675321200, IssueDrawCommandsStart=1758689065100, SwapBuffers=1759014434600, FrameCompleted=1759186245600, DequeueBufferDuration=177900, QueueBufferDuration=22227800, GpuCompleted=0, 
07-13 23:35:10.368  5813  5813 I Choreographer: Skipped 31 frames!  The application may be doing too much work on its main thread.
07-13 23:35:10.484   507   613 W InputDispatcher: Dispatching key to Window{4d2008 u0 com.android.todolist/com.android.todolist.MainActivity} even though there are other unprocessed events
07-13 23:35:10.552   507   613 D InputDispatcher: Waiting to send key to Window{4d2008 u0 com.android.todolist/com.android.todolist.MainActivity} because there are unprocessed events that may cause focus to change
07-13 23:35:10.657   507   613 I chatty  : uid=1000(system) InputDispatcher identical 1 line
07-13 23:35:10.687   507   613 D InputDispatcher: Waiting to send key to Window{4d2008 u0 com.android.todolist/com.android.todolist.MainActivity} because there are unprocessed events that may cause focus to change
07-13 23:35:10.720  5795  5795 I Monkey  : :Sending Touch (ACTION_DOWN): 0:(917.0,462.0)
07-13 23:35:10.758  5795  5795 I Monkey  : :Sending Touch (ACTION_UP): 0:(903.19055,466.63086)
07-13 23:35:10.789  5795  5795 I Monkey  : :Sending Touch (ACTION_DOWN): 0:(48.0,670.0)
07-13 23:35:10.796  5795  5795 I Monkey  : :Sending Touch (ACTION_UP): 0:(40.671734,686.9528)
07-13 23:35:10.836   507   613 D InputDispatcher: Waiting to send key to Window{4d2008 u0 com.android.todolist/com.android.todolist.MainActivity} because there are unprocessed events that may cause focus to change
07-13 23:35:10.864  1481  1715 I PBSessionCacheImpl: Deleted sessionId[6515133089802668] from persistence.
07-13 23:35:10.879  5795  5795 I Monkey  : :Sending Touch (ACTION_DOWN): 0:(442.0,73.0)
07-13 23:35:10.899  5795  5795 I Monkey  : :Sending Touch (ACTION_UP): 0:(446.42523,69.280426)
07-13 23:35:10.920  5795  5795 I Monkey  : :Sending Touch (ACTION_DOWN): 0:(1061.0,281.0)
07-13 23:35:10.944  5795  5795 I Monkey  : :Sending Touch (ACTION_UP): 0:(1054.5745,276.25452)
07-13 23:35:10.959  5795  5795 I Monkey  : :Sending Touch (ACTION_DOWN): 0:(116.0,396.0)
07-13 23:35:10.977  5795  5795 I Monkey  : :Sending Touch (ACTION_UP): 0:(136.67673,402.50156)
07-13 23:35:11.003  5795  5795 I Monkey  : :Sending Touch (ACTION_DOWN): 0:(485.0,1289.0)
07-13 23:35:11.017  5795  5795 I Monkey  : :Sending Touch (ACTION_UP): 0:(484.0698,1277.1934)
07-13 23:35:11.044  5795  5795 I Monkey  : :Sending Touch (ACTION_DOWN): 0:(691.0,902.0)
07-13 23:35:11.060  5795  5795 I Monkey  : :Sending Touch (ACTION_UP): 0:(688.47754,898.6422)
07-13 23:35:11.095  5795  5795 I Monkey  : :Sending Trackball (ACTION_MOVE): 0:(-3.0,1.0)
07-13 23:35:11.126  1481  1736 W SearchServiceCore: Abort, client detached.
07-13 23:35:11.132  1481  1736 I MicroDetectionState: Should stop hotword detection immediately - false
07-13 23:35:11.202  5795  5795 I Monkey  : :Sending Touch (ACTION_DOWN): 0:(170.0,1212.0)
07-13 23:35:11.211  5795  5795 I Monkey  : :Sending Touch (ACTION_UP): 0:(168.8974,1213.5377)
07-13 23:35:11.230  5795  5795 I Monkey  : :Sending Touch (ACTION_DOWN): 0:(757.0,1287.0)
07-13 23:35:11.239  5795  5795 I Monkey  : :Sending Touch (ACTION_UP): 0:(772.7426,1286.6316)
07-13 23:35:11.247  5795  5795 I Monkey  : :Sending Touch (ACTION_DOWN): 0:(930.0,722.0)
07-13 23:35:11.258  5795  5795 I Monkey  : :Sending Touch (ACTION_UP): 0:(925.53265,723.5122)
07-13 23:35:11.263  5795  5795 I Monkey  : :Sending Touch (ACTION_DOWN): 0:(625.0,1558.0)
07-13 23:35:11.278  5795  5795 I Monkey  : :Sending Touch (ACTION_UP): 0:(628.08594,1557.9294)
07-13 23:35:11.293  5795  5795 I Monkey  : :Sending Touch (ACTION_DOWN): 0:(331.0,904.0)
07-13 23:35:11.297  5795  5795 I Monkey  : :Sending Touch (ACTION_UP): 0:(325.47678,908.77295)
07-13 23:35:11.311  5795  5795 I Monkey  : :Sending Touch (ACTION_DOWN): 0:(172.0,1158.0)
07-13 23:35:11.316  5795  5795 I Monkey  : :Sending Touch (ACTION_UP): 0:(189.51959,1156.878)
07-13 23:35:11.345  5795  5795 I Monkey  : :Sending Touch (ACTION_DOWN): 0:(273.0,1803.0)
07-13 23:35:11.352  5795  5795 I Monkey  : :Sending Touch (ACTION_UP): 0:(255.10277,1809.2305)
07-13 23:35:11.359  5795  5795 I Monkey  : :Sending Touch (ACTION_DOWN): 0:(664.0,1489.0)
07-13 23:35:11.370  5795  5795 I Monkey  : :Sending Touch (ACTION_UP): 0:(681.5118,1485.7858)
07-13 23:35:11.375  5795  5795 I Monkey  : :Sending Touch (ACTION_DOWN): 0:(283.0,1320.0)
07-13 23:35:11.384  5795  5795 I Monkey  : :Sending Touch (ACTION_UP): 0:(303.07544,1313.433)
07-13 23:35:11.399  5795  5795 I Monkey  : :Sending Touch (ACTION_DOWN): 0:(600.0,1896.0)
07-13 23:35:11.408  5795  5795 I Monkey  : :Sending Touch (ACTION_UP): 0:(606.7863,1878.145)
07-13 23:35:11.414   507   613 D InputDispatcher: Waiting to send key to Window{4d2008 u0 com.android.todolist/com.android.todolist.MainActivity} because there are unprocessed events that may cause focus to change
07-13 23:35:11.416  5795  5795 I Monkey  : :Sending Touch (ACTION_DOWN): 0:(413.0,535.0)
07-13 23:35:11.420  5795  5795 I Monkey  : :Sending Touch (ACTION_UP): 0:(425.67105,541.4348)
07-13 23:35:11.423  5795  5795 I Monkey  : :Sending Touch (ACTION_DOWN): 0:(343.0,1535.0)
07-13 23:35:11.430  5795  5795 I Monkey  : :Sending Touch (ACTION_UP): 0:(337.32053,1532.9473)
07-13 23:35:11.436  5795  5795 I Monkey  : :Sending Touch (ACTION_DOWN): 0:(907.0,221.0)
07-13 23:35:11.440  5795  5795 I Monkey  : :Sending Touch (ACTION_UP): 0:(897.95294,227.65881)
07-13 23:35:11.444  5795  5795 I Monkey  : :Sending Trackball (ACTION_MOVE): 0:(2.0,-4.0)
07-13 23:35:11.475   507   613 D InputDispatcher: Waiting to send key to Window{4d2008 u0 com.android.todolist/com.android.todolist.MainActivity} because there are unprocessed events that may cause focus to change
07-13 23:35:11.495   507   613 D InputDispatcher: Waiting to send key to Window{4d2008 u0 com.android.todolist/com.android.todolist.MainActivity} because there are unprocessed events that may cause focus to change
07-13 23:35:11.501  5795  5795 I Monkey  : :Sending Touch (ACTION_DOWN): 0:(468.0,89.0)
07-13 23:35:11.509  5795  5795 I Monkey  : :Sending Touch (ACTION_UP): 0:(468.20197,91.2362)
07-13 23:35:11.513  5795  5795 I Monkey  : :Sending Touch (ACTION_DOWN): 0:(822.0,555.0)
07-13 23:35:11.578  5795  5795 I Monkey  :     //[calendar_time:2021-07-13 23:35:11.567  system_uptime:1760438]
07-13 23:35:11.578  5795  5795 I Monkey  :     // Sending event #100
07-13 23:35:11.578  5795  5795 I Monkey  : :Sending Touch (ACTION_UP): 0:(744.3591,591.2533)
07-13 23:35:11.595  5795  5795 I Monkey  : :Sending Touch (ACTION_DOWN): 0:(768.0,492.0)
07-13 23:35:11.615  5795  5795 I Monkey  : :Sending Touch (ACTION_UP): 0:(773.3877,479.84732)
07-13 23:35:11.677  5795  5795 I Monkey  : :Sending Touch (ACTION_DOWN): 0:(74.0,63.0)
07-13 23:35:11.696  5795  5795 I Monkey  : :Sending Touch (ACTION_UP): 0:(57.915543,71.52899)
07-13 23:35:11.701  5795  5795 I Monkey  : :Sending Touch (ACTION_DOWN): 0:(312.0,434.0)
07-13 23:35:11.710  5795  5795 I Monkey  : :Sending Touch (ACTION_UP): 0:(301.57898,440.4587)
07-13 23:35:11.717  5795  5795 I Monkey  : :Sending Touch (ACTION_DOWN): 0:(1038.0,545.0)
07-13 23:35:11.736  5795  5795 I Monkey  : :Sending Touch (ACTION_UP): 0:(1052.1664,548.1825)
07-13 23:35:11.743  5795  5795 I Monkey  : :Sending Touch (ACTION_DOWN): 0:(762.0,428.0)
07-13 23:35:11.770   712   712 D StatusBar: disable<e i a s b h r c s > disable2<q i n >
07-13 23:35:11.777  5795  5795 I Monkey  : :Sending Touch (ACTION_UP): 0:(769.38367,445.76157)
07-13 23:35:11.782  5795  5795 I Monkey  : :Sending Touch (ACTION_DOWN): 0:(625.0,1954.0)
07-13 23:35:11.807  5795  5795 I Monkey  : :Sending Touch (ACTION_UP): 0:(625.4424,1946.4667)
07-13 23:35:11.865  5795  5795 I Monkey  : :Sending Touch (ACTION_DOWN): 0:(459.0,1477.0)
07-13 23:35:11.874   285   328 D goldfish-address-space: claimShared: Ask to claim region [0x3f4000000 0x3f4926000]
07-13 23:35:11.899  5795  5795 I Monkey  : :Sending Touch (ACTION_UP): 0:(457.27182,1473.9376)
07-13 23:35:11.913  5795  5795 I Monkey  : :Sending Touch (ACTION_DOWN): 0:(905.0,1965.0)
07-13 23:35:11.944  5795  5795 I Monkey  : :Sending Touch (ACTION_UP): 0:(906.12396,1949.5542)
07-13 23:35:11.962   285   328 D goldfish-address-space: claimShared: Ask to claim region [0x3f4926000 0x3f524c000]
07-13 23:35:11.966  5795  5795 I Monkey  : :Sending Touch (ACTION_DOWN): 0:(43.0,524.0)
07-13 23:35:12.017   285   328 D goldfish-address-space: claimShared: Ask to claim region [0x3f524c000 0x3f5b72000]
07-13 23:35:12.024  5795  5795 I Monkey  : :Sending Touch (ACTION_UP): 0:(43.26196,535.1541)
07-13 23:35:12.053   507   613 D InputDispatcher: Waiting to send key to Window{4d2008 u0 com.android.todolist/com.android.todolist.MainActivity} because there are unprocessed events that may cause focus to change
07-13 23:35:12.152   507   613 D InputDispatcher: Waiting to send key to Window{4d2008 u0 com.android.todolist/com.android.todolist.MainActivity} because there are unprocessed events that may cause focus to change
07-13 23:35:12.159   712   712 D StatusBar: disable<e i a s b h r c s > disable2<q i n >
07-13 23:35:12.236   507  1552 I system_server: oneway function results will be dropped but finished with status OK and parcel size 4
07-13 23:35:12.238   507  4405 I system_server: oneway function results will be dropped but finished with status OK and parcel size 4
07-13 23:35:12.398  5795  5795 I Monkey  : :Sending Touch (ACTION_DOWN): 0:(651.0,1781.0)
07-13 23:35:12.409  5795  5795 I Monkey  : :Sending Touch (ACTION_UP): 0:(652.83185,1779.9558)
07-13 23:35:12.478  5795  5795 I Monkey  : :Sending Touch (ACTION_DOWN): 0:(250.0,760.0)
07-13 23:35:12.517   507  1552 I system_server: oneway function results will be dropped but finished with status OK and parcel size 4
07-13 23:35:12.591   269  4454 W android.hardware.audio.service.ranchu: TinyalsaSink::write:125 pcm_write was late reading frames, dropping 22131 us of audio
07-13 23:35:12.595   388   388 I perfetto: probes_producer.cc:329  Producer stop (id=4)
07-13 23:35:12.562     0     0 W perfetto: disabled ftrace
07-13 23:35:12.600   388   388 I perfetto: ftrace_procfs.cc:183    disabled ftrace
07-13 23:35:12.604   392   392 I perfetto: ng_service_impl.cc:1948 Tracing session 4 ended, total sessions:0
07-13 23:35:12.638   507  4405 I ActivityManager: Killing 3905:android.process.acore/u0a66 (adj 975): empty #17
07-13 23:35:12.650  5795  5795 I Monkey  : :Sending Touch (ACTION_UP): 0:(221.88223,764.71106)
07-13 23:35:12.659  5795  5795 I Monkey  : :Sending Touch (ACTION_DOWN): 0:(5.0,244.0)
07-13 23:35:12.681  5795  5795 I Monkey  : :Sending Touch (ACTION_UP): 0:(4.6795835,249.19986)
07-13 23:35:12.717  5795  5795 I Monkey  : :Sending Touch (ACTION_DOWN): 0:(681.0,373.0)
07-13 23:35:12.781   507   527 W Looper  : Slow dispatch took 148ms android.ui h=com.android.server.am.ActivityManagerService$UiHandler c=null m=31
07-13 23:35:12.835  5795  5795 I Monkey  : :Sending Touch (ACTION_UP): 0:(689.1043,357.32288)
07-13 23:35:12.858  5795  5795 I Monkey  : :Sending Touch (ACTION_DOWN): 0:(665.0,372.0)
07-13 23:35:12.879  5795  5795 I Monkey  : :Sending Touch (ACTION_UP): 0:(662.6373,372.7992)
07-13 23:35:12.923  5795  5795 I Monkey  : :Sending Touch (ACTION_DOWN): 0:(484.0,183.0)
07-13 23:35:12.934   507   526 E JobScheduler.Background: App com.google.android.gms became active but still in NEVER bucket
07-13 23:35:12.941  5795  5795 I Monkey  : :Sending Touch (ACTION_UP): 0:(471.53833,181.75157)
07-13 23:35:12.949   507   535 I DropBoxManagerService: add tag=system_server_wtf isTagEnabled=true flags=0x2
07-13 23:35:12.985  5795  5795 I Monkey  : :Sending Touch (ACTION_DOWN): 0:(756.0,511.0)
07-13 23:35:13.050  5795  5795 I Monkey  : :Sending Touch (ACTION_UP): 0:(740.037,499.49182)
07-13 23:35:13.057  5795  5795 I Monkey  : :Sending Touch (ACTION_DOWN): 0:(88.0,1910.0)
07-13 23:35:13.060   507   507 W Looper  : Slow dispatch took 104ms main h=com.android.server.job.JobSchedulerService$JobHandler c=null m=4
07-13 23:35:13.061   507   527 W Looper  : Slow dispatch took 199ms android.ui h=com.android.server.am.ActivityManagerService$UiHandler c=null m=53
07-13 23:35:13.091  5795  5795 I Monkey  : :Sending Touch (ACTION_UP): 0:(89.45594,1924.908)
07-13 23:35:13.094  5795  5795 I Monkey  : :Sending Touch (ACTION_DOWN): 0:(898.0,1931.0)
07-13 23:35:13.100   354   735 W AudioFlinger: createTrack_l(): mismatch between requested flags (00000004) and output flags (00000002)
07-13 23:35:13.107   507  1133 D CountryDetector: No listener is left
07-13 23:35:13.109   264   264 I Zygote  : Process 3905 exited due to signal 9 (Killed)
07-13 23:35:13.133   507   537 I libprocessgroup: Successfully killed process cgroup uid 10066 pid 3905 in 408ms
07-13 23:35:13.152   507  1767 I system_server: oneway function results will be dropped but finished with status OK and parcel size 4
07-13 23:35:13.161  5795  5795 I Monkey  : :Sending Touch (ACTION_UP): 0:(895.20337,1926.7184)
07-13 23:35:13.173   354   735 D AF::TrackHandle: OpPlayAudio: track:58 usage:13 not muted
07-13 23:35:13.178   354   436 D AudioFlinger: mixer(0xf18ec030) throttle end: throttle time(20)
07-13 23:35:13.181   507   656 D AudioTrack: createTrack_l(-1): AUDIO_OUTPUT_FLAG_FAST denied by server; frameCount 0 -> 4512
07-13 23:35:13.183   507   613 D InputDispatcher: Waiting to send key to Window{3a1496c u0 NotificationShade} because there are unprocessed events that may cause focus to change
07-13 23:35:13.194   507  1548 I system_server: oneway function results will be dropped but finished with status OK and parcel size 4
07-13 23:35:13.255  5795  5795 I Monkey  : :Sending Touch (ACTION_DOWN): 0:(1052.0,511.0)
07-13 23:35:13.255   354   436 D AudioFlinger: mixer(0xf18ec030) throttle end: throttle time(39)
07-13 23:35:13.276  5795  5795 I Monkey  : :Sending Touch (ACTION_UP): 0:(1052.9213,506.22882)
07-13 23:35:13.277   507  1624 I system_server: oneway function results will be dropped but finished with status OK and parcel size 4
07-13 23:35:13.282   507  1624 I system_server: oneway function results will be dropped but finished with status OK and parcel size 4
07-13 23:35:13.288  5795  5795 I Monkey  : :Sending Touch (ACTION_DOWN): 0:(148.0,46.0)
07-13 23:35:13.294  5795  5795 I Monkey  : :Sending Touch (ACTION_UP): 0:(141.98672,47.996265)
07-13 23:35:13.298  5795  5795 I Monkey  : :Sending Touch (ACTION_DOWN): 0:(177.0,2030.0)
07-13 23:35:13.316  5795  5795 I Monkey  : :Sending Touch (ACTION_UP): 0:(168.24794,2031.2686)
07-13 23:35:13.335  5795  5795 I Monkey  : :Sending Touch (ACTION_DOWN): 0:(638.0,1229.0)
07-13 23:35:13.344  5813  5813 I Choreographer: Skipped 57 frames!  The application may be doing too much work on its main thread.
07-13 23:35:13.365  5795  5795 I Monkey  : :Sending Touch (ACTION_UP): 0:(634.6386,1241.6714)
07-13 23:35:13.373  5813  5834 I OpenGLRenderer: Davey! duration=985ms; Flags=0, IntendedVsync=1761244063647, Vsync=1762194063609, OldestInputEvent=9223372036854775807, NewestInputEvent=0, HandleInputStart=1762206272000, AnimationStart=1762206331300, PerformTraversalsStart=1762206826500, DrawStart=1762207118200, SyncQueued=1762208046200, SyncStart=1762212182800, IssueDrawCommandsStart=1762212431400, SwapBuffers=1762217966300, FrameCompleted=1762234041200, DequeueBufferDuration=12681900, QueueBufferDuration=1781600, GpuCompleted=0, 
07-13 23:35:13.448   712   712 V ShadeControllerImpl: NotificationShadeWindow: com.android.systemui.statusbar.phone.NotificationShadeWindowView{8847504 V.E...... ........ 0,0-1080,2220} canPanelBeCollapsed(): false
07-13 23:35:13.458   507  1767 I system_server: oneway function results will be dropped but finished with status OK and parcel size 4
07-13 23:35:13.465  5795  5795 I Monkey  : :Sending Touch (ACTION_DOWN): 0:(978.0,513.0)
07-13 23:35:13.478  5795  5795 I Monkey  : :Sending Touch (ACTION_UP): 0:(966.97974,531.0912)
07-13 23:35:13.491   507  1624 I ActivityTaskManager: START u0 {act=android.intent.action.SHOW_ALARMS flg=0x14000000 cmp=com.google.android.deskclock/com.android.deskclock.HandleApiCalls} from uid 10143
07-13 23:35:13.493   507   529 D EventSequenceValidator: inc AccIntentStartedEvents to 2
07-13 23:35:13.494  5795  5807 I Monkey  :     // Rejecting start of Intent { act=android.intent.action.SHOW_ALARMS cmp=com.google.android.deskclock/com.android.deskclock.HandleApiCalls } in package com.google.android.deskclock
07-13 23:35:13.494  5795  5795 I Monkey  : :Sending Touch (ACTION_DOWN): 0:(860.0,1842.0)
07-13 23:35:13.495   507   529 D EventSequenceValidator: dec AccIntentStartedEvents to 1
07-13 23:35:13.578   285   328 D goldfish-address-space: claimShared: Ask to claim region [0x3f76e4000 0x3f7a6c000]
07-13 23:35:13.609  5795  5795 I Monkey  : :Sending Touch (ACTION_UP): 0:(876.80316,1842.3981)
07-13 23:35:13.620   285   328 D goldfish-address-space: claimShared: Ask to claim region [0x3f7a6c000 0x3f7df4000]
07-13 23:35:13.655  5795  5795 I Monkey  : :Sending Touch (ACTION_DOWN): 0:(270.0,943.0)
07-13 23:35:13.676   507   522 I system_server: oneway function results will be dropped but finished with status OK and parcel size 4
07-13 23:35:13.679  5795  5795 I Monkey  : :Sending Touch (ACTION_UP): 0:(272.21307,945.9443)
07-13 23:35:13.698  5795  5795 I Monkey  : :Sending Touch (ACTION_DOWN): 0:(868.0,1825.0)
07-13 23:35:13.709  5795  5795 I Monkey  : :Sending Touch (ACTION_UP): 0:(865.9863,1824.7797)
07-13 23:35:13.769   285   328 D goldfish-address-space: claimShared: Ask to claim region [0x3f5b72000 0x3f5efa000]
07-13 23:35:13.792   354   436 D AudioFlinger: mixer(0xf18ec030) throttle end: throttle time(22)
07-13 23:35:13.793   507  1548 I system_server: oneway function results will be dropped but finished with status OK and parcel size 4
07-13 23:35:13.823  5813  5834 I OpenGLRenderer: Davey! duration=1434ms; Flags=1, IntendedVsync=1761244063647, Vsync=1762194063609, OldestInputEvent=9223372036854775807, NewestInputEvent=0, HandleInputStart=1762206272000, AnimationStart=1762206331300, PerformTraversalsStart=1762206826500, DrawStart=1762597610500, SyncQueued=1762613176500, SyncStart=1762619275900, IssueDrawCommandsStart=1762619432500, SwapBuffers=1762678939400, FrameCompleted=1762684565900, DequeueBufferDuration=276900, QueueBufferDuration=2375500, GpuCompleted=72904454231491230, 
07-13 23:35:13.836   507   613 D InputDispatcher: Waiting to send key to Window{3a1496c u0 NotificationShade} because there are unprocessed events that may cause focus to change
07-13 23:35:13.893  5795  5795 I Monkey  : :Sending Touch (ACTION_DOWN): 0:(674.0,1873.0)
07-13 23:35:13.930  5795  5795 I Monkey  : :Sending Touch (ACTION_UP): 0:(673.80334,1869.4233)
07-13 23:35:13.985   507  1624 I system_server: oneway function results will be dropped but finished with status OK and parcel size 4
07-13 23:35:14.094  5795  5795 I Monkey  : :Sending Touch (ACTION_DOWN): 0:(381.0,1951.0)
07-13 23:35:14.159  5813  5834 I OpenGLRenderer: Davey! duration=732ms; Flags=0, IntendedVsync=1762260759431, Vsync=1762727426079, OldestInputEvent=9223372036854775807, NewestInputEvent=0, HandleInputStart=1762730902900, AnimationStart=1762730944400, PerformTraversalsStart=1762731261700, DrawStart=1762768187300, SyncQueued=1762768526000, SyncStart=1762795009800, IssueDrawCommandsStart=1762839433600, SwapBuffers=1762841692400, FrameCompleted=1763020171100, DequeueBufferDuration=172120600, QueueBufferDuration=2597700, GpuCompleted=43984843964424, 
07-13 23:35:14.232  5795  5795 I Monkey  : :Sending Touch (ACTION_UP): 0:(304.7215,1999.3896)
07-13 23:35:14.240  5795  5795 I Monkey  : :Sending Touch (ACTION_DOWN): 0:(97.0,1200.0)
07-13 23:35:14.244  5795  5795 I Monkey  : :Sending Touch (ACTION_UP): 0:(100.38511,1205.1458)
07-13 23:35:14.256  5795  5795 I Monkey  : :Sending Touch (ACTION_DOWN): 0:(696.0,345.0)
07-13 23:35:14.266  5795  5795 I Monkey  : :Sending Touch (ACTION_UP): 0:(695.7563,345.30313)
07-13 23:35:14.296   507   613 D InputDispatcher: Waiting to send key to Window{3a1496c u0 NotificationShade} because there are unprocessed events that may cause focus to change
07-13 23:35:14.314  5795  5795 I Monkey  : :Sending Touch (ACTION_DOWN): 0:(609.0,1574.0)
07-13 23:35:14.343  5795  5795 I Monkey  : :Sending Touch (ACTION_UP): 0:(613.1764,1571.3309)
07-13 23:35:14.358  5795  5795 I Monkey  : :Sending Touch (ACTION_DOWN): 0:(568.0,1318.0)
07-13 23:35:14.365   354   436 D AudioFlinger: mixer(0xf18ec030) throttle end: throttle time(30)
07-13 23:35:14.369  5795  5795 I Monkey  : :Sending Touch (ACTION_UP): 0:(551.4812,1318.7308)
07-13 23:35:14.373   507   522 I system_server: oneway function results will be dropped but finished with status OK and parcel size 4
07-13 23:35:14.374   507  1767 I ActivityTaskManager: START u0 {flg=0x10000000 cmp=com.android.settings/.deviceinfo.StorageWizardInit bnds=[22,1184][199,1316] (has extras)} from uid 10143
07-13 23:35:14.375  5795  5807 I Monkey  :     // Rejecting start of Intent { cmp=com.android.settings/.deviceinfo.StorageWizardInit } in package com.android.settings
07-13 23:35:14.375   507   529 D EventSequenceValidator: inc AccIntentStartedEvents to 2
07-13 23:35:14.380   507   526 E JobScheduler.Background: App com.google.android.gms became active but still in NEVER bucket
07-13 23:35:14.390  5795  5795 I Monkey  : :Sending Touch (ACTION_DOWN): 0:(493.0,1804.0)
