07-13 23:35:34.575   257   257 I tombstoned: registered intercept for pid 5813 and type kDebuggerdJavaBacktrace
07-13 23:35:34.575  5813  5821 I ndroid.todolis: Thread[3,tid=5821,WaitingInMainSignalCatcherLoop,Thread*=0xdf789a10,peer=0x13140c30,"Signal Catcher"]: reacting to signal 3
07-13 23:35:34.575  5813  5821 I ndroid.todolis: 
07-13 23:35:34.578  5795  5795 I Monkey  : :Sending Touch (ACTION_DOWN): 0:(31.0,1300.0)
07-13 23:35:34.697  5795  5795 I Monkey  : :Sending Touch (ACTION_UP): 0:(9.287027,1292.1223)
07-13 23:35:34.714  1350  1408 I PeriodicStatsRunner: PeriodicStatsRunner.call():180 call()
07-13 23:35:34.714  1350  1408 I PeriodicStatsRunner: PeriodicStatsRunner.call():184 No submit PeriodicStats since input started.
07-13 23:35:34.760  5795  5795 I Monkey  : :Sending Touch (ACTION_DOWN): 0:(961.0,601.0)
07-13 23:35:34.787  5795  5795 I Monkey  : :Sending Touch (ACTION_UP): 0:(960.2943,599.8758)
07-13 23:35:34.858   257   257 I tombstoned: received crash request for pid 5813
07-13 23:35:34.858   257   257 I tombstoned: found intercept fd 512 for pid 5813 and type kDebuggerdJavaBacktrace
07-13 23:35:34.862  5813  5821 I ndroid.todolis: Wrote stack traces to tombstoned
07-13 23:35:34.863   507  5864 I system_server: libdebuggerd_client: done dumping process 5813
07-13 23:35:34.878   507  5864 I ActivityManager: Collecting stacks for extra pid 1195
07-13 23:35:34.882   507  5864 I system_server: libdebuggerd_client: started dumping process 1195
07-13 23:35:34.887  1195  1203 I .gms.persisten: Thread[3,tid=1203,WaitingInMainSignalCatcherLoop,Thread*=0xdf784610,peer=0x12f00000,"Signal Catcher"]: reacting to signal 3
07-13 23:35:34.887  1195  1203 I .gms.persisten: 
07-13 23:35:34.890   257   257 I tombstoned: registered intercept for pid 1195 and type kDebuggerdJavaBacktrace
07-13 23:35:34.936   507   613 D InputDispatcher: Waiting to send key to Window{3a1496c u0 NotificationShade} because there are unprocessed events that may cause focus to change
07-13 23:35:34.954  5795  5795 I Monkey  : :Sending Touch (ACTION_DOWN): 0:(804.0,1755.0)
07-13 23:35:35.006  5795  5795 I Monkey  : :Sending Touch (ACTION_UP): 0:(805.5888,1755.0566)
07-13 23:35:35.047  5795  5795 I Monkey  : :Sending Touch (ACTION_DOWN): 0:(965.0,86.0)
07-13 23:35:35.063  5795  5795 I Monkey  : :Sending Touch (ACTION_UP): 0:(962.388,87.576584)
07-13 23:35:35.078   507   613 D InputDispatcher: Waiting to send key to Window{3a1496c u0 NotificationShade} because there are unprocessed events that may cause focus to change
07-13 23:35:35.238   257   257 I tombstoned: received crash request for pid 1195
07-13 23:35:35.238   257   257 I tombstoned: found intercept fd 512 for pid 1195 and type kDebuggerdJavaBacktrace
07-13 23:35:35.238  1195  1203 I .gms.persisten: Wrote stack traces to tombstoned
07-13 23:35:35.276  5795  5795 I Monkey  : :Sending Touch (ACTION_DOWN): 0:(979.0,2039.0)
07-13 23:35:35.289   507  5864 I system_server: libdebuggerd_client: done dumping process 1195
07-13 23:35:35.296  5795  5795 I Monkey  : :Sending Touch (ACTION_UP): 0:(968.32965,2032.1902)
07-13 23:35:35.335  5795  5795 I Monkey  : :Sending Touch (ACTION_DOWN): 0:(733.0,1200.0)
07-13 23:35:35.336   507  5864 I ActivityManager: Collecting stacks for extra pid 1272
07-13 23:35:35.343   507  5864 I system_server: libdebuggerd_client: started dumping process 1272
07-13 23:35:35.343   257   257 I tombstoned: registered intercept for pid 1272 and type kDebuggerdJavaBacktrace
07-13 23:35:35.345  1272  1281 I gle.android.gm: Thread[3,tid=1281,WaitingInMainSignalCatcherLoop,Thread*=0xdf78b610,peer=0x13d401b0,"Signal Catcher"]: reacting to signal 3
07-13 23:35:35.346  1272  1281 I gle.android.gm: 
07-13 23:35:35.458  5795  5795 I Monkey  : :Sending Touch (ACTION_UP): 0:(724.6897,1210.2153)
07-13 23:35:35.492  5795  5795 I Monkey  : :Sending Touch (ACTION_DOWN): 0:(847.0,2076.0)
07-13 23:35:35.540  5795  5795 I Monkey  : :Sending Touch (ACTION_UP): 0:(846.9448,2073.5283)
07-13 23:35:35.543   507   613 D InputDispatcher: Waiting to send key to Window{3a1496c u0 NotificationShade} because there are unprocessed events that may cause focus to change
07-13 23:35:35.560   507   613 D InputDispatcher: Waiting to send key to Window{3a1496c u0 NotificationShade} because there are unprocessed events that may cause focus to change
07-13 23:35:35.601  5795  5795 I Monkey  : :Sending Touch (ACTION_DOWN): 0:(230.0,1601.0)
07-13 23:35:35.619  5795  5795 I Monkey  : :Sending Touch (ACTION_UP): 0:(229.27016,1600.2844)
07-13 23:35:35.664  5795  5795 I Monkey  : :Sending Touch (ACTION_DOWN): 0:(805.0,364.0)
07-13 23:35:35.712  5795  5795 I Monkey  : :Sending Touch (ACTION_UP): 0:(802.81134,369.7846)
07-13 23:35:35.722  5795  5795 I Monkey  : :Sending Touch (ACTION_DOWN): 0:(117.0,264.0)
07-13 23:35:35.755   257   257 I tombstoned: received crash request for pid 1272
07-13 23:35:35.755   257   257 I tombstoned: found intercept fd 512 for pid 1272 and type kDebuggerdJavaBacktrace
07-13 23:35:35.756  1272  1281 I gle.android.gm: Wrote stack traces to tombstoned
07-13 23:35:35.756  5795  5795 I Monkey  : :Sending Touch (ACTION_UP): 0:(119.60174,266.15402)
07-13 23:35:35.774   507  5864 I system_server: libdebuggerd_client: done dumping process 1272
07-13 23:35:35.797   507  5864 I ActivityManager: Done dumping
07-13 23:35:35.818   507   613 D InputDispatcher: Waiting to send key to Window{3a1496c u0 NotificationShade} because there are unprocessed events that may cause focus to change
07-13 23:35:35.887  5795  5795 I Monkey  : :Sending Touch (ACTION_DOWN): 0:(666.0,1602.0)
07-13 23:35:35.893   507  3943 I system_server: oneway function results will be dropped but finished with status OK and parcel size 4
07-13 23:35:35.893   507  3620 I system_server: oneway function results will be dropped but finished with status OK and parcel size 4
07-13 23:35:35.895   507  3620 I system_server: oneway function results will be dropped but finished with status OK and parcel size 4
07-13 23:35:35.911   354   436 D AudioFlinger: mixer(0xf18ec030) throttle end: throttle time(14)
07-13 23:35:35.923  5795  5795 I Monkey  : :Sending Touch (ACTION_UP): 0:(676.9268,1605.8353)
07-13 23:35:35.928  5795  5795 I Monkey  : :Sending Touch (ACTION_DOWN): 0:(53.0,909.0)
07-13 23:35:35.929   507  1551 I system_server: oneway function results will be dropped but finished with status OK and parcel size 4
07-13 23:35:35.934  5795  5795 I Monkey  : :Sending Touch (ACTION_UP): 0:(44.8639,906.9261)
07-13 23:35:35.941   507  5864 E ActivityManager: ANR in com.android.systemui
07-13 23:35:35.941   507  5864 E ActivityManager: PID: 712
07-13 23:35:35.941   507  5864 E ActivityManager: Reason: Input dispatching timed out (3a1496c NotificationShade (server) is not responding. Waited 5001ms for MotionEvent(deviceId=-1, source=0x00010004, displayId=0, action=MOVE, actionButton=0x00000000, flags=0x00000000, metaState=0x00000000, buttonState=0x00000000, classification=NONE, edgeFlags=0x00000000, xPrecision=1.0, yPrecision=1.0, xCursorPosition=nan, yCursorPosition=nan, pointers=[0: (2.0, 1.0)]), policyFlags=0x6b000000)
07-13 23:35:35.941   507  5864 E ActivityManager: Load: 1.84 / 0.67 / 1.32
07-13 23:35:35.941   507  5864 E ActivityManager: ----- Output from /proc/pressure/memory -----
07-13 23:35:35.941   507  5864 E ActivityManager: some avg10=1.62 avg60=0.70 avg300=0.19 total=17981955
07-13 23:35:35.941   507  5864 E ActivityManager: full avg10=0.26 avg60=0.10 avg300=0.02 total=1261428
07-13 23:35:35.941   507  5864 E ActivityManager: ----- End output from /proc/pressure/memory -----
07-13 23:35:35.941   507  5864 E ActivityManager: 
07-13 23:35:35.941   507  5864 E ActivityManager: CPU usage from 0ms to 15788ms later (2021-07-13 23:35:20.010 to 2021-07-13 23:35:35.797):
07-13 23:35:35.941   507  5864 E ActivityManager:   39% 507/system_server: 4.7% user + 34% kernel / faults: 11443 minor 60 major
07-13 23:35:35.941   507  5864 E ActivityManager:   24% 5813/com.android.todolist: 4.4% user + 20% kernel / faults: 9593 minor 4 major
07-13 23:35:35.941   507  5864 E ActivityManager:   24% 286/android.hardware.graphics.composer@2.3-service: 0.4% user + 24% kernel
07-13 23:35:35.941   507  5864 E ActivityManager:   22% 712/com.android.systemui: 3.4% user + 19% kernel / faults: 9308 minor 49 major
07-13 23:35:35.941   507  5864 E ActivityManager:   22% 344/surfaceflinger: 1.5% user + 20% kernel / faults: 645 minor 132 major
07-13 23:35:35.941   507  5864 E ActivityManager:   5.1% 271/android.hardware.bluetooth@1.1-service.sim: 0.3% user + 4.8% kernel
07-13 23:35:35.941   507  5864 E ActivityManager:   5% 363/adbd: 0.1% user + 4.8% kernel / faults: 9 minor
07-13 23:35:35.941   507  5864 E ActivityManager:   4.9% 5795/com.android.commands.monkey: 0.6% user + 4.2% kernel / faults: 622 minor
07-13 23:35:35.941   507  5864 E ActivityManager:   4.3% 269/android.hardware.audio.service.ranchu: 0.1% user + 4.1% kernel / faults: 9 minor
07-13 23:35:35.941   507  5864 E ActivityManager:   4.1% 354/audioserver: 0.2% user + 3.8% kernel / faults: 185 minor 13 major
07-13 23:35:35.941   507  5864 E ActivityManager:   2.3% 1272/com.google.android.gms: 0.5% user + 1.7% kernel / faults: 3363 minor 4 major
07-13 23:35:35.941   507  5864 E ActivityManager:   2.1% 285/android.hardware.graphics.allocator@3.0-service: 0% user + 2.1% kernel
07-13 23:35:35.941   507  5864 E ActivityManager:   2% 1195/com.google.android.gms.persistent: 0.6% user + 1.4% kernel / faults: 2492 minor 1 major
07-13 23:35:35.941   507  5864 E ActivityManager:   2% 1350/com.google.android.inputmethod.latin: 0.6% user + 1.3% kernel / faults: 4010 minor 1 major
07-13 23:35:35.941   507  5864 E ActivityManager:   1.8% 148/logd: 0.1% user + 1.7% kernel / faults: 4 minor 2 major
07-13 23:35:35.941   507  5864 E ActivityManager:   1.2% 945/com.android.phone: 0.3% user + 0.9% kernel / faults: 2108 minor 9 major
07-13 23:35:35.941   507  5864 E ActivityManager:   1.2% 78/kswapd0: 0% user + 1.2% kernel
07-13 23:35:35.941   507  5864 E ActivityManager:   1.1% 312/android.hardware.sensors@2.1-service.multihal: 0.1% user + 1% kernel
07-13 23:35:35.941   507  5864 E ActivityManager:   0% 426/media.swcodec: 0% user + 0% kernel / faults: 5183 minor 10 major
07-13 23:35:35.941   507  5864 E ActivityManager:   1% 350/logcat: 0% user + 1% kernel
07-13 23:35:35.941   507  5864 E ActivityManager:   1% 262/statsd: 0% user + 0.9% kernel / faults: 128 minor 12 major
07-13 23:35:35.941   507  5864 E ActivityManager:   0.6% 10/rcu_preempt: 0% user + 0.6% kernel
07-13 23:35:35.941   507  5864 E ActivityManager:   0.6% 313/kworker/u4:3-events_unbound: 0% user + 0.6% kernel
07-13 23:35:35.941   507  5864 E ActivityManager:   0% 420/media.codec: 0% user + 0% kernel / faults: 2539 minor 41 major
07-13 23:35:35.941   507  5864 E ActivityManager:   0.6% 694/com.android.bluetooth: 0% user + 0.6% kernel / faults: 276 minor 1 major
07-13 23:35:35.941   507  5864 E ActivityManager:   0.5% 873/com.android.networkstack.process: 0.1% user + 0.4% kernel / faults: 1631 minor 3 major
07-13 23:35:35.941   507  5864 E ActivityManager:   0% 909/com.android.se: 0% user + 0% kernel / faults: 1437 minor 1 major
07-13 23:35:35.941   507  5864 E ActivityManager:   0% 1525/com.android.emulator.multidisplay: 0% user + 0% kernel / faults: 1422 minor 3 major
07-13 23:35:35.941   507  5864 E ActivityManager:   0% 1502/com.android.ims.rcsservice: 0% user + 0% kernel / faults: 1406 minor 2 major
07-13 23:35:35.941   507  5864 E ActivityManager:   0% 5659/kworker/u4:0-phy0: 0% user + 0% kernel
07-13 23:35:35.941   507  5864 E ActivityManager:   0.3% 1/init: 0% user + 0.3% kernel / faults: 4 minor 8 major
07-13 23:35:35.941   507  5864 E ActivityManager:   0.3% 16/ksoftirqd/1: 0% user + 0.3% kernel
07-13 23:35:35.941   507  5864 E ActivityManager:   0.3% 150/servicemanager: 0% user + 0.3% kernel
07-13 23:35:35.941   507  5864 E ActivityManager:   0.3% 5694/kworker/u4:1-phy0: 0% user + 0.3% kernel
07-13 23:35:35.941   507  5864 E ActivityManager:   0% 257/tombstoned: 0% user + 0% kernel / faults: 15 minor 41 major
07-13 23:35:35.941   507  5864 E ActivityManager:   0.2% 5853/kworker/0:1-events: 0% user + 0.2% kernel
07-13 23:35:35.941   507  5864 E ActivityManager:   0.1% 149/lmkd: 0% user + 0.1% kernel
07-13 23:35:35.941   507  5864 E ActivityManager:   0.1% 180/jbd2/dm-5-8: 0% user + 0.1% kernel
07-13 23:35:35.941   507  5864 E ActivityManager:   0% 408/media.extractor: 0% user + 0% kernel / faults: 1250 minor 22 major
07-13 23:35:35.941   507  5864 E ActivityManager:   0.1% 9/ksoftirqd/0: 0% user + 0.1% kernel
07-13 23:35:35.941   507  5864 E ActivityManager:   0.1% 184/android.system.suspend@1.0-service: 0% user + 0% kernel / faults: 1 minor 2 major
07-13 23:35:35.941   507  5864 E ActivityManager:   0.1% 410/media.metrics: 0% user + 0.1% kernel / faults: 67 minor 5 major
07-13 23:35:35.941   507  5864 E ActivityManager:   0.1% 982/com.google.android.ext.services: 0% user + 0% kernel / faults: 1 minor
07-13 23:35:35.941   507  5864 E ActivityManager:   0% 1562/com.google.process.gservices: 0% user + 0% kernel / faults: 215 minor
07-13 23:35:35.941   507  5864 E ActivityManager:   0% 5309/kworker/0:0-cgroup_pidlist_destroy: 0% user + 0% kernel
07-13 23:35:35.941   507  5864 E ActivityManager:   0% 120/kworker/1:1H-kblockd: 0% user + 0% kernel
07-13 23:35:35.941   507  5864 E ActivityManager:   0% 133/loop0: 0% user + 0% kernel
07-13 23:35:35.941   507  5864 E ActivityManager:   0% 151/hwservicemanager: 0% user + 0% kernel
07-13 23:35:35.941   507  5864 E ActivityManager:   0% 161/vold: 0% user + 0% kernel / faults: 25 minor 14 major
07-13 23:35:35.941   507  5864 E ActivityManager:   0% 174/kworker/u5:1-blk_crypto_wq: 0% user + 0% kernel
07-13 23:35:35.941   507  5864 E ActivityManager:   0% 211/loop12: 0% user + 0% kernel
07-13 23:35:35.941   507  5864 E ActivityManager:   0% 231/loop22: 0% user + 0% kernel
07-13 23:35:35.941   507  5864 E ActivityManager:   0% 239/loop26: 0% user + 0% kernel
07-13 23:35:35.941   507  5864 E ActivityManager:   0% 263/netd: 0% user + 0% kernel / faults: 24 minor 8 major
07-13 23:35:35.941   507  5864 E ActivityManager:   0% 337/media.log: 0% user + 0% kernel / faults: 13 minor 3 major
07-13 23:35:35.941   507  5864 E ActivityManager:   0% 392/traced: 0% user + 0% kernel
07-13 23:35:35.941   507  5864 E ActivityManager:   0% 395/cameraserver: 0% user + 0% kernel / faults: 42 minor 13 major
07-13 23:35:35.941   507  5864 E ActivityManager:   0% 396/drmserver: 0% user + 0% kernel / faults: 18 minor 9 major
07-13 23:35:35.941   507  5864 E ActivityManager:   0% 402/iorapd: 0% user + 0% kernel / faults: 13 minor
07-13 23:35:35.941   507  5864 E ActivityManager:   0% 422/libgoldfish-rild: 0% user + 0% kernel / faults: 2 minor
07-13 23:35:35.941   507  5864 E ActivityManager:   0% 855/android.hardware.gnss@2.0-service.ranchu: 0% user + 0% kernel
07-13 23:35:35.941   507  5864 E ActivityManager:   0% 1055/com.google.android.apps.nexuslauncher: 0% user + 0% kernel / faults: 1 minor
07-13 23:35:35.941   507  5864 E ActivityManager:   0% 5556/com.google.android.apps.docs: 0% user + 0% kernel / faults: 1 minor
07-13 23:35:35.941   507  5864 E ActivityManager:   0% 5845/kworker/1:0-mm_percpu_wq: 0% user + 0% kernel
07-13 23:35:35.941   507  5864 E ActivityManager:  +0% 5869/kworker/u5:2-fscrypt_read_queue: 0% user + 0% kernel
07-13 23:35:35.941   507  5864 E ActivityManager:  +0% 5928/crash_dump32: 0% user + 0% kernel
07-13 23:35:35.941   507  5864 E ActivityManager:  +0% 5930/com.android.bluetooth: 0% user + 0% kernel
07-13 23:35:35.941   507  5864 E ActivityManager: 96% TOTAL: 11% user + 83% kernel + 0.3% iowait + 0.6% softirq
07-13 23:35:35.941   507  5864 E ActivityManager: CPU usage from 58ms to 2022ms later (2021-07-13 23:35:20.067 to 2021-07-13 23:35:22.031):
07-13 23:35:35.941   507  5864 E ActivityManager:   55% 507/system_server: 4.2% user + 51% kernel / faults: 472 minor 2 major
07-13 23:35:35.941   507  5864 E ActivityManager:     18% 5864/AnrConsumer: 0.7% user + 17% kernel
07-13 23:35:35.941   507  5864 E ActivityManager:     5% 530/android.anim: 0.7% user + 4.2% kernel
07-13 23:35:35.941   507  5864 E ActivityManager:     5% 613/InputDispatcher: 0% user + 5% kernel
07-13 23:35:35.941   507  5864 E ActivityManager:     3.5% 507/Binder:507_3: 0.7% user + 2.8% kernel
07-13 23:35:35.941   507  5864 E ActivityManager:     3.5% 1017/Binder:507_A: 0% user + 3.5% kernel
07-13 23:35:35.941   507  5864 E ActivityManager:     3.5% 1767/Binder:507_19: 0.7% user + 2.8% kernel
07-13 23:35:35.941   507  5864 E ActivityManager:     2.1% 527/android.ui: 0.7% user + 1.4% kernel
07-13 23:35:35.941   507  5864 E ActivityManager:     2.1% 531/android.anim.lf: 0% user + 2.1% kernel
07-13 23:35:35.941   507  5864 E ActivityManager:     2.1% 1522/Binder:507_D: 0% user + 2.1% kernel
07-13 23:35:35.941   507  5864 E ActivityManager:     0.7% 516/Jit thread pool: 0% user + 0.7% kernel
07-13 23:35:35.941   507  5864 E ActivityManager:     0.7% 522/Binder:507_2: 0% user + 0.7% kernel
07-13 23:35:35.941   507  5864 E ActivityManager:     0.7% 529/android.display: 0% user + 0.7% kernel
07-13 23:35:35.941   507  5864 E ActivityManager:     0.7% 534/android.bg: 0% user + 0.7% kernel
07-13 23:35:35.941   507  5864 E ActivityManager:     0.7% 1624/Binder:507_14: 0% user + 0.7% kernel
07-13 23:35:35.941   507  5864 E ActivityManager:   29% 344/surfaceflinger: 2.4% user + 26% kernel / faults: 5 minor
07-13 23:35:35.941   507  5864 E ActivityManager:     9.3% 344/surfaceflinger: 2.4% user + 6.8% kernel
07-13 23:35:35.941   507  5864 E ActivityManager:     3.7% 368/DispSync: 0% user + 3.7% kernel
07-13 23:35:35.941   507  5864 E ActivityManager:     3.1% 371/sf: 0% user + 3.1% kernel
07-13 23:35:35.941   507  5864 E ActivityManager:     2.4% 359/Binder:344_2: 0% user + 2.4% kernel
07-13 23:35:35.941   507  5864 E ActivityManager:     2.4% 913/Binder:344_5: 0.6% user + 1.8% kernel
07-13 23:35:35.941   507  5864 E ActivityManager:     1.8% 360/surfaceflinger: 0% user + 1.8% kernel
07-13 23:35:35.941   507  5864 E ActivityManager:     1.2% 370/app: 0% user + 1.2% kernel
07-13 23:35:35.941   507  5864 E ActivityManager:     1.2% 483/Binder:344_3: 0% user + 1.2% kernel
07-13 23:35:35.941   507  5864 E ActivityManager:     0.6% 358/Binder:344_1: 0% user + 0.6% kernel
07-13 23:35:35.941   507  5864 E ActivityManager:     0.6% 366/HwBinder:344_1: 0% user + 0.6% kernel
07-13 23:35:35.941   507  5864 E ActivityManager:     0.6% 373/surfaceflinger: 0% user + 0.6% kernel
07-13 23:35:35.941   507  5864 E ActivityManager:     0.6% 567/Binder:344_4: 0% user + 0.6% kernel
07-13 23:35:35.941   507  5864 E ActivityManager:   26% 286/android.hardware.graphics.composer@2.3-service: 0% user + 26% kernel
07-13 23:35:35.941   507  5864 E ActivityManager:     25% 286/composer@2.3-se: 0% user + 25% kernel
07-13 23:35:35.941   507  5864 E ActivityManager:     1.2% 324/: 0% user + 1.2% kernel
07-13 23:35:35.941   507  5864 E ActivityManager:     0.6% 493/HwBinder:286_2: 0% user + 0.6% kernel
07-13 23:35:35.941   507  5864 E ActivityManager:   20% 5813/com.android.todolist: 4.8% user + 15% kernel / faults: 240 minor
07-13 23:35:35.941   507  5864 E ActivityManager:     9.6% 5813/ndroid.todolist: 2.4% user + 7.2% kernel
07-13 23:35:35.941   507  5864 E ActivityManager:     3.6% 5834/RenderThread: 0% user + 3.6% kernel
07-13 23:35:35.941   507  5864 E ActivityManager:     2.4% 5824/Jit thread pool: 0% user + 2.4% kernel
07-13 23:35:35.941   507  5864 E ActivityManager:   5% 271/android.hardware.bluetooth@1.1-service.sim: 1.2% user + 3.7% kernel
07-13 23:35:35.941   507  5864 E ActivityManager:     4.4% 1098/bluetooth@1.1-s: 1.2% user + 3.1% kernel
07-13 23:35:35.941   507  5864 E ActivityManager:   5.1% 354/audioserver: 0% user + 5.1% kernel / faults: 2 minor
07-13 23:35:35.941   507  5864 E ActivityManager:     4.4% 436/AudioOut_D: 0% user + 4.4% kernel
07-13 23:35:35.941   507  5864 E ActivityManager:     0.6% 428/Binder:354_1: 0% user + 0.6% kernel
07-13 23:35:35.941   507  5864 E ActivityManager:     0.6% 657/TimeCheckThread: 0% user + 0.6% kernel
07-13 23:35:35.941   507  5864 E ActivityManager:     0.6% 5451/Binder:354_5: 0% user + 0.6% kernel
07-13 23:35:35.941   507  5864 E ActivityManager:   4.6% 363/adbd: 0.6% user + 3.9% kernel / faults: 1 minor
07-13 23:35:35.941   507  5864 E ActivityManager:     1.9% 439/adbd: 0.6% user + 1.3% kernel
07-13 23:35:35.941   507  5864 E ActivityManager:     1.3% 363/adbd: 0% user + 1.3% kernel
07-13 23:35:35.941   507  5864 E ActivityManager:     0.6% 380/server socket: 0% user + 0.6% kernel
07-13 23:35:35.941   507  5864 E ActivityManager:     0.6% 438/adbd: 0% user + 0.6% kernel
07-13 23:35:35.941   507  5864 E ActivityManager:   5% 1195/com.google.android.gms.persistent: 1.6% user + 3.3% kernel / faults: 158 minor
07-13 23:35:35.941   507  5864 E ActivityManager:     2.5% 1195/.gms.persistent: 0.8% user + 1.6% kernel
07-13 23:35:35.941   507  5864 E ActivityManager:     0.8% 1206/Jit thread pool: 0.8% user + 0% kernel
07-13 23:35:35.941   507  5864 E ActivityManager:     0.8% 1759/GoogleApiHandle: 0% user + 0.8% kernel
07-13 23:35:35.941   507  5864 E ActivityManager:     0.8% 4159/lowpool[10]: 0% user + 0.8% kernel
07-13 23:35:35.941   507  5864 E ActivityManager:   3.1% 269/android.hardware.audio.service.ranchu: 0% user + 3.1% kernel / faults: 3 minor
07-13 23:35:35.941   507  5864 E ActivityManager:     1.8% 4454/audio.service.r: 0% user + 1.8% kernel
07-13 23:35:35.941   507  5864 E ActivityManager:    +0% 5868/audio.service.r: 0% user + 0% kernel
07-13 23:35:35.941   507  5864 E ActivityManager:   2.5% 285/android.hardware.graphics.allocator@3.0-service: 0% user + 2.5% kernel
07-13 23:35:35.941   507  5864 E ActivityManager:     2.5% 328/HwBinder:285_3: 0% user + 2.5% kernel
07-13 23:35:35.941   507  5864 E ActivityManager:   3.2% 712/com.android.systemui: 0.8% user + 2.4% kernel / faults: 77 minor
07-13 23:35:35.941   507  5864 E ActivityManager:     2.4% 712/ndroid.systemui: 0.8% user + 1.6% kernel
07-13 23:35:35.941   507  5864 E ActivityManager:     0.8% 723/Jit thread pool: 0.8% user + 0% kernel
07-13 23:35:35.941   507  5864 E ActivityManager:     0.8% 859/SysUiBg: 0.8% user + 0% kernel
07-13 23:35:35.941   507  5864 E ActivityManager:     0.8% 1162/Binder:712_6: 0% user + 0.8% kernel
07-13 23:35:35.941   507  5864 E ActivityManager:     0.8% 1178/RenderThread: 0% user + 0.8% kernel
07-13 23:35:35.941   507  5864 E ActivityManager:   1.9% 350/logcat: 0% user + 1.9% kernel
07-13 23:35:35.941   507  5864 E ActivityManager:   3.6% 5795/com.android.commands.monkey: 1.2% user + 2.4% kernel / faults: 24 minor
07-13 23:35:35.941   507  5864 E ActivityManager:     2.4% 5795/commands.monkey: 0% user + 2.4% kernel
07-13 23:35:35.941   507  5864 E ActivityManager:   1.1% 148/logd: 0% user + 1.1% kernel
07-13 23:35:35.941   507  5864 E ActivityManager:     1.1% 154/logd.writer: 0% user + 1.1% kernel
07-13 23:35:35.941   507  5864 E ActivityManager:     0.5% 353/logd.reader.per: 0% user + 0.5% kernel
07-13 23:35:35.941   507  5864 E ActivityManager:   1.2% 312/android.hardware.sensors@2.1-service.multihal: 0% user + 1.2% kernel
07-13 23:35:35.941   507  5864 E ActivityManager:     0.6% 322/sensors@2.1-ser: 0% user + 0.6% kernel
07-13 23:35:35.941   507  5864 E ActivityManager:     0.6% 323/sensors@2.1-ser: 0% user + 0.6% kernel
07-13 23:35:35.941   507  5864 E ActivityManager:   1.6% 1350/com.google.android.inputmethod.latin: 0% user + 1.6% kernel / faults: 4 minor
07-13 23:35:35.941   507  5864 E ActivityManager:     0.8% 1350/putmethod.latin: 0% user + 0.8% kernel
07-13 23:35:35.941   507  5864 E ActivityManager:   0.5% 10/rcu_preempt: 0% user + 0.5% kernel
07-13 23:35:35.941   507  5864 E ActivityManager:   0.5% 149/lmkd: 0% user + 0.5% kernel
07-13 23:35:35.941   507  5864 E ActivityManager:   0.6% 262/statsd: 0% user + 0.6% kernel
07-13 23:35:35.941   507  5864 E ActivityManager:     0.6% 460/statsd.writer: 0% user + 0.6% kernel
07-13 23:35:35.941   507  5864 E ActivityManager:   0.6% 337/media.log: 0% user + 0.6% kernel / faults: 1 minor
07-13 23:35:35.941   507  5864 E ActivityManager:   0.6% 392/traced: 0% user + 0.6% kernel
07-13 23:35:35.941   507  5864 E ActivityManager:   0.8% 1272/com.google.android.gms: 0% user + 0.8% kernel / faults: 4 minor
07-13 23:35:35.941   507  5864 E ActivityManager:     1.6% 2345/highpool[2]: 0.8% user + 0.8% kernel
07-13 23:35:35.941   507  5864 E ActivityManager:     0.8% 1293/Binder:1272_2: 0% user + 0.8% kernel
07-13 23:35:35.941   507  5864 E ActivityManager:   1.2% 5853/kworker/0:1-events: 0% user + 1.2% kernel
07-13 23:35:35.941   507  5864 E ActivityManager: 98% TOTAL: 11% user + 86% kernel + 0.5% softirq
07-13 23:35:35.955  5795  5807 W Monkey  : // NOT RESPONDING: com.android.systemui (pid 712)
07-13 23:35:35.958  5795  5807 W Monkey  : ANR in com.android.systemui
07-13 23:35:35.958  5795  5807 W Monkey  : PID: 712
07-13 23:35:35.958  5795  5807 W Monkey  : Reason: Input dispatching timed out (3a1496c NotificationShade (server) is not responding. Waited 5001ms for MotionEvent(deviceId=-1, source=0x00010004, displayId=0, action=MOVE, actionButton=0x00000000, flags=0x00000000, metaState=0x00000000, buttonState=0x00000000, classification=NONE, edgeFlags=0x00000000, xPrecision=1.0, yPrecision=1.0, xCursorPosition=nan, yCursorPosition=nan, pointers=[0: (2.0, 1.0)]), policyFlags=0x6b000000)
07-13 23:35:35.958  5795  5807 W Monkey  : Load: 1.84 / 0.67 / 1.32
07-13 23:35:35.958  5795  5807 W Monkey  : ----- Output from /proc/pressure/memory -----
07-13 23:35:35.958  5795  5807 W Monkey  : some avg10=1.62 avg60=0.70 avg300=0.19 total=17981955
07-13 23:35:35.958  5795  5807 W Monkey  : full avg10=0.26 avg60=0.10 avg300=0.02 total=1261428
07-13 23:35:35.958  5795  5807 W Monkey  : ----- End output from /proc/pressure/memory -----
07-13 23:35:35.958  5795  5807 W Monkey  : 
07-13 23:35:35.958  5795  5807 W Monkey  : CPU usage from 0ms to 15788ms later (2021-07-13 23:35:20.010 to 2021-07-13 23:35:35.797):
07-13 23:35:35.958  5795  5807 W Monkey  :   39% 507/system_server: 4.7% user + 34% kernel / faults: 11443 minor 60 major
07-13 23:35:35.958  5795  5807 W Monkey  :   24% 5813/com.android.todolist: 4.4% user + 20% kernel / faults: 9593 minor 4 major
07-13 23:35:35.958  5795  5807 W Monkey  :   24% 286/android.hardware.graphics.composer@2.3-service: 0.4% user + 24% kernel
07-13 23:35:35.958  5795  5807 W Monkey  :   22% 712/com.android.systemui: 3.4% user + 19% kernel / faults: 9308 minor 49 major
07-13 23:35:35.958  5795  5807 W Monkey  :   22% 344/surfaceflinger: 1.5% user + 20% kernel / faults: 645 minor 132 major
07-13 23:35:35.958  5795  5807 W Monkey  :   5.1% 271/android.hardware.bluetooth@1.1-service.sim: 0.3% user + 4.8% kernel
07-13 23:35:35.958  5795  5807 W Monkey  :   5% 363/adbd: 0.1% user + 4.8% kernel / faults: 9 minor
07-13 23:35:35.958  5795  5807 W Monkey  :   4.9% 5795/com.android.commands.monkey: 0.6% user + 4.2% kernel / faults: 622 minor
07-13 23:35:35.958  5795  5807 W Monkey  :   4.3% 269/android.hardware.audio.service.ranchu: 0.1% user + 4.1% kernel / faults: 9 minor
07-13 23:35:35.958  5795  5807 W Monkey  :   4.1% 354/audioserver: 0.2% user + 3.8% kernel / faults: 185 minor 13 major
07-13 23:35:35.958  5795  5807 W Monkey  :   2.3% 1272/com.google.android.gms: 0.5% user + 1.7% kernel / faults: 3363 minor 4 major
07-13 23:35:35.958  5795  5807 W Monkey  :   2.1% 285/android.hardware.graphics.allocator@3.0-service: 0% user + 2.1% kernel
07-13 23:35:35.958  5795  5807 W Monkey  :   2% 1195/com.google.android.gms.persistent: 0.6% user + 1.4% kernel / faults: 2492 minor 1 major
07-13 23:35:35.958  5795  5807 W Monkey  :   2% 1350/com.google.android.inputmethod.latin: 0.6% user + 1.3% kernel / faults: 4010 minor 1 major
07-13 23:35:35.958  5795  5807 W Monkey  :   1.8% 148/logd: 0.1% user + 1.7% kernel / faults: 4 minor 2 major
07-13 23:35:35.958  5795  5807 W Monkey  :   1.2% 945/com.android.phone: 0.3% user + 0.9% kernel / faults: 2108 minor 9 major
07-13 23:35:35.958  5795  5807 W Monkey  :   1.2% 78/kswapd0: 0% user + 1.2% kernel
07-13 23:35:35.958  5795  5807 W Monkey  :   1.1% 312/android.hardware.sensors@2.1-service.multihal: 0.1% user + 1% kernel
07-13 23:35:35.958  5795  5807 W Monkey  :   0% 426/media.swcodec: 0% user + 0% kernel / faults: 5183 minor 10 major
07-13 23:35:35.958  5795  5807 W Monkey  :   1% 350/logcat: 0% user + 1% kernel
07-13 23:35:35.958  5795  5807 W Monkey  :   1% 262/statsd: 0% user + 0.9% kernel / faults: 128 minor 12 major
07-13 23:35:35.958  5795  5807 W Monkey  :   0.6% 10/rcu_preempt: 0% user + 0.6% kernel
07-13 23:35:35.958  5795  5807 W Monkey  :   0.6% 313/kworker/u4:3-events_unbound: 0% user + 0.6% kernel
07-13 23:35:35.958  5795  5807 W Monkey  :   0% 420/media.codec: 0% user + 0% kernel / faults: 2539 minor 41 major
07-13 23:35:35.958  5795  5807 W Monkey  :   0.6% 694/com.android.bluetooth: 0% user + 0.6% kernel / faults: 276 minor 1 major
07-13 23:35:35.958  5795  5807 W Monkey  :   0.5% 873/com.android.networkstack.process: 0.1% user + 0.4% kernel / faults: 1631 minor 3 major
07-13 23:35:35.958  5795  5807 W Monkey  :   0% 909/com.android.se: 0% user + 0% kernel / faults: 1437 minor 1 major
07-13 23:35:35.958  5795  5807 W Monkey  :   0% 1525/com.android.emulator.multidisplay: 0% user + 0% kernel / faults: 1422 minor 3 major
07-13 23:35:35.958  5795  5807 W Monkey  :   0% 1502/com.android.ims.rcsservice: 0% user + 0% kernel / faults: 1406 minor 2 major
07-13 23:35:35.958  5795  5807 W Monkey  :   0% 5659/kworker/u4:0-phy0: 0% user + 0% kernel
07-13 23:35:35.958  5795  5807 W Monkey  :   0.3% 1/init: 0% user + 0.3% kernel / faults: 4 minor 8 major
07-13 23:35:35.958  5795  5807 W Monkey  :   0.3% 16/ksoftirqd/1: 0% user + 0.3% kernel
07-13 23:35:35.958  5795  5807 W Monkey  :   0.3% 150/servicemanager: 0% user + 0.3% kernel
07-13 23:35:35.958  5795  5807 W Monkey  :   0.3% 5694/kworker/u4:1-phy0: 0% user + 0.3% kernel
07-13 23:35:35.958  5795  5807 W Monkey  :   0% 257/tombstoned: 0% user + 0% kernel / faults: 15 minor 41 major
07-13 23:35:35.958  5795  5807 W Monkey  :   0.2% 5853/kworker/0:1-events: 0% user + 0.2% kernel
07-13 23:35:35.958  5795  5807 W Monkey  :   0.1% 149/lmkd: 0% user + 0.1% kernel
07-13 23:35:35.958  5795  5807 W Monkey  :   0.1% 180/jbd2/dm-5-8: 0% user + 0.1% kernel
07-13 23:35:35.958  5795  5807 W Monkey  :   0% 408/media.extractor: 0% user + 0% kernel / faults: 1250 minor 22 major
07-13 23:35:35.958  5795  5807 W Monkey  :   0.1% 9/ksoftirqd/0: 0% user + 0.1% kernel
07-13 23:35:35.958  5795  5807 W Monkey  :   0.1% 184/android.system.suspend@1.0-service: 0% user + 0% kernel / faults: 1 minor 2 major
07-13 23:35:35.958  5795  5807 W Monkey  :   0.1% 410/media.metrics: 0% user + 0.1% kernel / faults: 67 minor 5 major
07-13 23:35:35.958  5795  5807 W Monkey  :   0.1% 982/com.google.android.ext.services: 0% user + 0% kernel / faults: 1 minor
07-13 23:35:35.958  5795  5807 W Monkey  :   0% 1562/com.google.process.gservices: 0% user + 0% kernel / faults: 215 minor
07-13 23:35:35.958  5795  5807 W Monkey  :   0% 5309/kworker/0:0-cgroup_pidlist_destroy: 0% user + 0% kernel
07-13 23:35:35.958  5795  5807 W Monkey  :   0% 120/kworker/1:1H-kblockd: 0% user + 0% kernel
07-13 23:35:35.958  5795  5807 W Monkey  :   0% 133/loop0: 0% user + 0% kernel
07-13 23:35:35.958  5795  5807 W Monkey  :   0% 151/hwservicemanager: 0% user + 0% kernel
07-13 23:35:35.958  5795  5807 W Monkey  :   0% 161/vold: 0% user + 0% kernel / faults: 25 minor 14 major
07-13 23:35:35.958  5795  5807 W Monkey  :   0% 174/kworker/u5:1-blk_crypto_wq: 0% user + 0% kernel
07-13 23:35:35.958  5795  5807 W Monkey  :   0% 211/loop12: 0% user + 0% kernel
07-13 23:35:35.958  5795  5807 W Monkey  :   0% 231/loop22: 0% user + 0% kernel
07-13 23:35:35.958  5795  5807 W Monkey  :   0% 239/loop26: 0% user + 0% kernel
07-13 23:35:35.958  5795  5807 W Monkey  :   0% 263/netd: 0% user + 0% kernel / faults: 24 minor 8 major
07-13 23:35:35.958  5795  5807 W Monkey  :   0% 337/media.log: 0% user + 0% kernel / faults: 13 minor 3 major
07-13 23:35:35.958  5795  5807 W Monkey  :   0% 392/traced: 0% user + 0% kernel
07-13 23:35:35.958  5795  5807 W Monkey  :   0% 395/cameraserver: 0% user + 0% kernel / faults: 42 minor 13 major
07-13 23:35:35.958  5795  5807 W Monkey  :   0% 396/drmserver: 0% user + 0% kernel / faults: 18 minor 9 major
07-13 23:35:35.958  5795  5807 W Monkey  :   0% 402/iorapd: 0% user + 0% kernel / faults: 13 minor
07-13 23:35:35.958  5795  5807 W Monkey  :   0% 422/libgoldfish-rild: 0% user + 0% kernel / faults: 2 minor
07-13 23:35:35.958  5795  5807 W Monkey  :   0% 855/android.hardware.gnss@2.0-service.ranchu: 0% user + 0% kernel
07-13 23:35:35.958  5795  5807 W Monkey  :   0% 1055/com.google.android.apps.nexuslauncher: 0% user + 0% kernel / faults: 1 minor
07-13 23:35:35.958  5795  5807 W Monkey  :   0% 5556/com.google.android.apps.docs: 0% user + 0% kernel / faults: 1 minor
07-13 23:35:35.958  5795  5807 W Monkey  :   0% 5845/kworker/1:0-mm_percpu_wq: 0% user + 0% kernel
07-13 23:35:35.958  5795  5807 W Monkey  :  +0% 5869/kworker/u5:2-fscrypt_read_queue: 0% user + 0% kernel
07-13 23:35:35.958  5795  5807 W Monkey  :  +0% 5928/crash_dump32: 0% user + 0% kernel
07-13 23:35:35.958  5795  5807 W Monkey  :  +0% 5930/com.android.bluetooth: 0% user + 0% kernel
07-13 23:35:35.958  5795  5807 W Monkey  : 96% TOTAL: 11% user + 83% kernel + 0.3% iowait + 0.6% softirq
07-13 23:35:35.958  5795  5807 W Monkey  : CPU usage from 58ms to 2022ms later (2021-07-13 23:35:20.067 to 2021-07-13 23:35:22.031):
07-13 23:35:35.958  5795  5807 W Monkey  :   55% 507/system_server: 4.2% user + 51% kernel / faults: 472 minor 2 major
07-13 23:35:35.958  5795  5807 W Monkey  :     18% 5864/AnrConsumer: 0.7% user + 17% kernel
07-13 23:35:35.958  5795  5807 W Monkey  :     5% 530/android.anim: 0.7% user + 4.2% kernel
07-13 23:35:35.958  5795  5807 W Monkey  :     5% 613/InputDispatcher: 0% user + 5% kernel
07-13 23:35:35.958  5795  5807 W Monkey  :     3.5% 507/Binder:507_3: 0.7% user + 2.8% kernel
07-13 23:35:35.958  5795  5807 W Monkey  :     3.5% 1017/Binder:507_A: 0% user + 3.5% kernel
07-13 23:35:35.958  5795  5807 W Monkey  :     3.5% 1767/Binder:507_19: 0.7% user + 2.8% kernel
07-13 23:35:35.958  5795  5807 W Monkey  :     2.1% 527/android.ui: 0.7% user + 1.4% kernel
07-13 23:35:35.958  5795  5807 W Monkey  :     2.1% 531/android.anim.lf: 0% user + 2.1% kernel
07-13 23:35:35.958  5795  5807 W Monkey  :     2.1% 1522/Binder:507_D: 0% user + 2.1% kernel
07-13 23:35:35.958  5795  5807 W Monkey  :     0.7% 516/Jit thread pool: 0% user + 0.7% kernel
07-13 23:35:35.958  5795  5807 W Monkey  :     0.7% 522/Binder:507_2: 0% user + 0.7% kernel
07-13 23:35:35.958  5795  5807 W Monkey  :     0.7% 529/android.display: 0% user + 0.7% kernel
07-13 23:35:35.958  5795  5807 W Monkey  :     0.7% 534/android.bg: 0% user + 0.7% kernel
07-13 23:35:35.958  5795  5807 W Monkey  :     0.7% 1624/Binder:507_14: 0% user + 0.7% kernel
07-13 23:35:35.958  5795  5807 W Monkey  :   29% 344/surfaceflinger: 2.4% user + 26% kernel / faults: 5 minor
07-13 23:35:35.958  5795  5807 W Monkey  :     9.3% 344/surfaceflinger: 2.4% user + 6.8% kernel
07-13 23:35:35.958  5795  5807 W Monkey  :     3.7% 368/DispSync: 0% user + 3.7% kernel
07-13 23:35:35.958  5795  5807 W Monkey  :     3.1% 371/sf: 0% user + 3.1% kernel
07-13 23:35:35.958  5795  5807 W Monkey  :     2.4% 359/Binder:344_2: 0% user + 2.4% kernel
07-13 23:35:35.958  5795  5807 W Monkey  :     2.4% 913/Binder:344_5: 0.6% user + 1.8% kernel
07-13 23:35:35.958  5795  5807 W Monkey  :     1.8% 360/surfaceflinger: 0% user + 1.8% kernel
07-13 23:35:35.958  5795  5807 W Monkey  :     1.2% 370/app: 0% user + 1.2% kernel
07-13 23:35:35.958  5795  5807 W Monkey  :     1.2% 483/Binder:344_3: 0% user + 1.2% kernel
07-13 23:35:35.958  5795  5807 W Monkey  :     0.6% 358/Binder:344_1: 0% user + 0.6% kernel
07-13 23:35:35.958  5795  5807 W Monkey  :     0.6% 366/HwBinder:344_1: 0% user + 0.6% kernel
07-13 23:35:35.958  5795  5807 W Monkey  :     0.6% 373/surfaceflinger: 0% user + 0.6% kernel
07-13 23:35:35.958  5795  5807 W Monkey  :     0.6% 567/Binder:344_4: 0% user + 0.6% kernel
07-13 23:35:35.958  5795  5807 W Monkey  :   26% 286/android.hardware.graphics.composer@2.3-service: 0% user + 26% kernel
07-13 23:35:35.958  5795  5807 W Monkey  :     25% 286/composer@2.3-se: 0% user + 25% kernel
07-13 23:35:35.958  5795  5807 W Monkey  :     1.2% 324/: 0% user + 1.2% kernel
07-13 23:35:35.958  5795  5807 W Monkey  :     0.6% 493/HwBinder:286_2: 0% user + 0.6% kernel
07-13 23:35:35.958  5795  5807 W Monkey  :   20% 5813/com.android.todolist: 4.8% user + 15% kernel / faults: 240 minor
07-13 23:35:35.958  5795  5807 W Monkey  :     9.6% 5813/ndroid.todolist: 2.4% user + 7.2% kernel
07-13 23:35:35.958  5795  5807 W Monkey  :     3.6% 5834/RenderThread: 0% user + 3.6% kernel
07-13 23:35:35.958  5795  5807 W Monkey  :     2.4% 5824/Jit thread pool: 0% user + 2.4% kernel
07-13 23:35:35.958  5795  5807 W Monkey  :   5% 271/android.hardware.bluetooth@1.1-service.sim: 1.2% user + 3.7% kernel
07-13 23:35:35.958  5795  5807 W Monkey  :     4.4% 1098/bluetooth@1.1-s: 1.2% user + 3.1% kernel
07-13 23:35:35.958  5795  5807 W Monkey  :   5.1% 354/audioserver: 0% user + 5.1% kernel / faults: 2 minor
07-13 23:35:35.958  5795  5807 W Monkey  :     4.4% 436/AudioOut_D: 0% user + 4.4% kernel
07-13 23:35:35.958  5795  5807 W Monkey  :     0.6% 428/Binder:354_1: 0% user + 0.6% kernel
07-13 23:35:35.958  5795  5807 W Monkey  :     0.6% 657/TimeCheckThread: 0% user + 0.6% kernel
07-13 23:35:35.958  5795  5807 W Monkey  :     0.6% 5451/Binder:354_5: 0% user + 0.6% kernel
07-13 23:35:35.958  5795  5807 W Monkey  :   4.6% 363/adbd: 0.6% user + 3.9% kernel / faults: 1 minor
07-13 23:35:35.958  5795  5807 W Monkey  :     1.9% 439/adbd: 0.6% user + 1.3% kernel
07-13 23:35:35.958  5795  5807 W Monkey  :     1.3% 363/adbd: 0% user + 1.3% kernel
07-13 23:35:35.958  5795  5807 W Monkey  :     0.6% 380/server socket: 0% user + 0.6% kernel
07-13 23:35:35.958  5795  5807 W Monkey  :     0.6% 438/adbd: 0% user + 0.6% kernel
07-13 23:35:35.958  5795  5807 W Monkey  :   5% 1195/com.google.android.gms.persistent: 1.6% user + 3.3% kernel / faults: 158 minor
07-13 23:35:35.958  5795  5807 W Monkey  :     2.5% 1195/.gms.persistent: 0.8% user + 1.6% kernel
07-13 23:35:35.958  5795  5807 W Monkey  :     0.8% 1206/Jit thread pool: 0.8% user + 0% kernel
07-13 23:35:35.958  5795  5807 W Monkey  :     0.8% 1759/GoogleApiHandle: 0% user + 0.8% kernel
07-13 23:35:35.958  5795  5807 W Monkey  :     0.8% 4159/lowpool[10]: 0% user + 0.8% kernel
07-13 23:35:35.958  5795  5807 W Monkey  :   3.1% 269/android.hardware.audio.service.ranchu: 0% user + 3.1% kernel / faults: 3 minor
07-13 23:35:35.958  5795  5807 W Monkey  :     1.8% 4454/audio.service.r: 0% user + 1.8% kernel
07-13 23:35:35.958  5795  5807 W Monkey  :    +0% 5868/audio.service.r: 0% user + 0% kernel
07-13 23:35:35.958  5795  5807 W Monkey  :   2.5% 285/android.hardware.graphics.allocator@3.0-service: 0% user + 2.5% kernel
07-13 23:35:35.958  5795  5807 W Monkey  :     2.5% 328/HwBinder:285_3: 0% user + 2.5% kernel
07-13 23:35:35.958  5795  5807 W Monkey  :   3.2% 712/com.android.systemui: 0.8% user + 2.4% kernel / faults: 77 minor
07-13 23:35:35.958  5795  5807 W Monkey  :     2.4% 712/ndroid.systemui: 0.8% user + 1.6% kernel
07-13 23:35:35.958  5795  5807 W Monkey  :     0.8% 723/Jit thread pool: 0.8% user + 0% kernel
07-13 23:35:35.958  5795  5807 W Monkey  :     0.8% 859/SysUiBg: 0.8% user + 0% kernel
07-13 23:35:35.958  5795  5807 W Monkey  :     0.8% 1162/Binder:712_6: 0% user + 0.8% kernel
07-13 23:35:35.958  5795  5807 W Monkey  :     0.8% 1178/RenderThread: 0% user + 0.8% kernel
07-13 23:35:35.958  5795  5807 W Monkey  :   1.9% 350/logcat: 0% user + 1.9% kernel
07-13 23:35:35.958  5795  5807 W Monkey  :   3.6% 5795/com.android.commands.monkey: 1.2% user + 2.4% kernel / faults: 24 minor
07-13 23:35:35.958  5795  5807 W Monkey  :     2.4% 5795/commands.monkey: 0% user + 2.4% kernel
07-13 23:35:35.958  5795  5807 W Monkey  :   1.1% 148/logd: 0% user + 1.1% kernel
07-13 23:35:35.958  5795  5807 W Monkey  :     1.1% 154/logd.writer: 0% user + 1.1% kernel
07-13 23:35:35.958  5795  5807 W Monkey  :     0.5% 353/logd.reader.per: 0% user + 0.5% kernel
07-13 23:35:35.958  5795  5807 W Monkey  :   1.2% 312/android.hardware.sensors@2.1-service.multihal: 0% user + 1.2% kernel
07-13 23:35:35.958  5795  5807 W Monkey  :     0.6% 322/sensors@2.1-ser: 0% user + 0.6% kernel
07-13 23:35:35.958  5795  5807 W Monkey  :     0.6% 323/sensors@2.1-ser: 0% user + 0.6% kernel
07-13 23:35:35.958  5795  5807 W Monkey  :   1.6% 1350/com.google.android.inputmethod.latin: 0% user + 1.6% kernel / faults: 4 minor
07-13 23:35:35.958  5795  5807 W Monkey  :     0.8% 1350/putmethod.latin: 0% user + 0.8% kernel
07-13 23:35:35.958  5795  5807 W Monkey  :   0.5% 10/rcu_preempt: 0% user + 0.5% kernel
07-13 23:35:35.958  5795  5807 W Monkey  :   0.5% 149/lmkd: 0% user + 0.5% kernel
07-13 23:35:35.958  5795  5807 W Monkey  :   0.6% 262/statsd: 0% user + 0.6% kernel
07-13 23:35:35.958  5795  5807 W Monkey  :     0.6% 460/statsd.writer: 0% user + 0.6% kernel
07-13 23:35:35.958  5795  5807 W Monkey  :   0.6% 337/media.log: 0% user + 0.6% kernel / faults: 1 minor
07-13 23:35:35.958  5795  5807 W Monkey  :   0.6% 392/traced: 0% user + 0.6% kernel
07-13 23:35:35.958  5795  5807 W Monkey  :   0.8% 1272/com.google.android.gms: 0% user + 0.8% kernel / faults: 4 minor
07-13 23:35:35.958  5795  5807 W Monkey  :     1.6% 2345/highpool[2]: 0.8% user + 0.8% kernel
07-13 23:35:35.958  5795  5807 W Monkey  :     0.8% 1293/Binder:1272_2: 0% user + 0.8% kernel
07-13 23:35:35.958  5795  5807 W Monkey  :   1.2% 5853/kworker/0:1-events: 0% user + 1.2% kernel
07-13 23:35:35.958  5795  5807 W Monkey  : 98% TOTAL: 11% user + 86% kernel + 0.5% softirq
07-13 23:35:35.959   507  5864 D ActivityManager: Completed ANR of com.android.systemui in 15951ms, latency 20ms
07-13 23:35:35.964   507   527 W InputReader: Device virtio_input_multi_touch_9 is associated with display ADISPLAY_ID_NONE.
07-13 23:35:35.965   507   527 W InputReader: Device virtio_input_multi_touch_6 is associated with display ADISPLAY_ID_NONE.
07-13 23:35:35.965   507   527 W InputReader: Device virtio_input_multi_touch_3 is associated with display ADISPLAY_ID_NONE.
07-13 23:35:35.966   507   527 W InputReader: Device virtio_input_multi_touch_10 is associated with display ADISPLAY_ID_NONE.
07-13 23:35:35.966   507   527 W InputReader: Device virtio_input_multi_touch_7 is associated with display ADISPLAY_ID_NONE.
07-13 23:35:35.966   507   527 W InputReader: Device virtio_input_multi_touch_8 is associated with display ADISPLAY_ID_NONE.
07-13 23:35:35.966   507   527 W InputReader: Device virtio_input_multi_touch_4 is associated with display ADISPLAY_ID_NONE.
07-13 23:35:35.966   507   527 W InputReader: Device virtio_input_multi_touch_11 is associated with display ADISPLAY_ID_NONE.
07-13 23:35:35.966   507   527 W InputReader: Device virtio_input_multi_touch_5 is associated with display ADISPLAY_ID_NONE.
07-13 23:35:35.966   507   527 W InputReader: Device virtio_input_multi_touch_2 is associated with display ADISPLAY_ID_NONE.
07-13 23:35:35.974  5795  5795 W Monkey  : procrank:
07-13 23:35:35.991   507  5933 I DropBoxManagerService: add tag=system_app_anr isTagEnabled=true flags=0x2
07-13 23:35:36.020   507  3943 I system_server: oneway function results will be dropped but finished with status OK and parcel size 4
07-13 23:35:36.053  5934  5934 E procrank: Can't find memory status under: /sys/block/zram0/
07-13 23:35:36.054  5934  5934 E procrank: Failed to parse /proc/1/maps
07-13 23:35:36.054  5934  5934 E procrank: Failed to get memory usage for Process 1
07-13 23:35:36.054  5934  5934 E procrank: Failed to parse /proc/1/maps
07-13 23:35:36.054  5934  5934 E procrank: Failed to get swap offsets for Process 1
07-13 23:35:36.055  5934  5934 E procrank: Failed to open /proc/2/pagemap: Permission denied
07-13 23:35:36.055  5934  5934 E procrank: Failed to get memory usage for Process 2
07-13 23:35:36.056  5934  5934 E procrank: Failed to open /proc/2/pagemap: Permission denied
07-13 23:35:36.056  5934  5934 E procrank: Failed to get swap offsets for Process 2
07-13 23:35:36.057  5934  5934 E procrank: Failed to open /proc/3/pagemap: Permission denied
07-13 23:35:36.057  5934  5934 E procrank: Failed to get memory usage for Process 3
07-13 23:35:36.057  5934  5934 E procrank: Failed to open /proc/3/pagemap: Permission denied
07-13 23:35:36.057  5934  5934 E procrank: Failed to get swap offsets for Process 3
07-13 23:35:36.057  5934  5934 E procrank: Failed to open /proc/4/pagemap: Permission denied
07-13 23:35:36.057  5934  5934 E procrank: Failed to get memory usage for Process 4
07-13 23:35:36.057  5934  5934 E procrank: Failed to open /proc/4/pagemap: Permission denied
07-13 23:35:36.057  5934  5934 E procrank: Failed to get swap offsets for Process 4
07-13 23:35:36.057  5934  5934 E procrank: Failed to open /proc/6/pagemap: Permission denied
07-13 23:35:36.057  5934  5934 E procrank: Failed to get memory usage for Process 6
07-13 23:35:36.057  5934  5934 E procrank: Failed to open /proc/6/pagemap: Permission denied
07-13 23:35:36.057  5934  5934 E procrank: Failed to get swap offsets for Process 6
07-13 23:35:36.058  5934  5934 E procrank: Failed to open /proc/8/pagemap: Permission denied
07-13 23:35:36.058  5934  5934 E procrank: Failed to get memory usage for Process 8
07-13 23:35:36.058  5934  5934 E procrank: Failed to open /proc/8/pagemap: Permission denied
07-13 23:35:36.058  5934  5934 E procrank: Failed to get swap offsets for Process 8
07-13 23:35:36.058  5934  5934 E procrank: Failed to open /proc/9/pagemap: Permission denied
07-13 23:35:36.058  5934  5934 E procrank: Failed to get memory usage for Process 9
07-13 23:35:36.058  5934  5934 E procrank: Failed to open /proc/9/pagemap: Permission denied
07-13 23:35:36.058  5934  5934 E procrank: Failed to get swap offsets for Process 9
07-13 23:35:36.058  5934  5934 E procrank: Failed to open /proc/10/pagemap: Permission denied
07-13 23:35:36.058  5934  5934 E procrank: Failed to get memory usage for Process 10
07-13 23:35:36.058  5934  5934 E procrank: Failed to open /proc/10/pagemap: Permission denied
07-13 23:35:36.058  5934  5934 E procrank: Failed to get swap offsets for Process 10
07-13 23:35:36.059  5934  5934 E procrank: Failed to open /proc/11/pagemap: Permission denied
07-13 23:35:36.061  5934  5934 E procrank: Failed to get memory usage for Process 11
07-13 23:35:36.061  5934  5934 E procrank: Failed to open /proc/11/pagemap: Permission denied
07-13 23:35:36.061  5934  5934 E procrank: Failed to get swap offsets for Process 11
07-13 23:35:36.061  5934  5934 E procrank: Failed to open /proc/13/pagemap: Permission denied
07-13 23:35:36.061  5934  5934 E procrank: Failed to get memory usage for Process 13
07-13 23:35:36.067  5934  5934 E procrank: Failed to open /proc/13/pagemap: Permission denied
07-13 23:35:36.067  5934  5934 E procrank: Failed to get swap offsets for Process 13
07-13 23:35:36.067  5934  5934 E procrank: Failed to open /proc/14/pagemap: Permission denied
07-13 23:35:36.077   507  3620 I system_server: oneway function results will be dropped but finished with status OK and parcel size 4
07-13 23:35:36.077  5934  5934 E procrank: Failed to get memory usage for Process 14
07-13 23:35:36.077  5934  5934 E procrank: Failed to open /proc/14/pagemap: Permission denied
07-13 23:35:36.077  5934  5934 E procrank: Failed to get swap offsets for Process 14
07-13 23:35:36.078  5934  5934 E procrank: Failed to open /proc/15/pagemap: Permission denied
07-13 23:35:36.078  5934  5934 E procrank: Failed to get memory usage for Process 15
07-13 23:35:36.078  5934  5934 E procrank: Failed to open /proc/15/pagemap: Permission denied
07-13 23:35:36.078  5934  5934 E procrank: Failed to get swap offsets for Process 15
07-13 23:35:36.078  5934  5934 E procrank: Failed to open /proc/16/pagemap: Permission denied
07-13 23:35:36.078  5934  5934 E procrank: Failed to get memory usage for Process 16
07-13 23:35:36.078  5934  5934 E procrank: Failed to open /proc/16/pagemap: Permission denied
07-13 23:35:36.078  5934  5934 E procrank: Failed to get swap offsets for Process 16
07-13 23:35:36.078  5934  5934 E procrank: Failed to open /proc/18/pagemap: Permission denied
07-13 23:35:36.078  5934  5934 E procrank: Failed to get memory usage for Process 18
07-13 23:35:36.078  5934  5934 E procrank: Failed to open /proc/18/pagemap: Permission denied
07-13 23:35:36.078  5934  5934 E procrank: Failed to get swap offsets for Process 18
07-13 23:35:36.079  5934  5934 E procrank: Failed to open /proc/19/pagemap: Permission denied
07-13 23:35:36.079  5934  5934 E procrank: Failed to get memory usage for Process 19
07-13 23:35:36.079  5934  5934 E procrank: Failed to open /proc/19/pagemap: Permission denied
07-13 23:35:36.079  5934  5934 E procrank: Failed to get swap offsets for Process 19
07-13 23:35:36.079  5934  5934 E procrank: Failed to open /proc/20/pagemap: Permission denied
07-13 23:35:36.079  5934  5934 E procrank: Failed to get memory usage for Process 20
07-13 23:35:36.079  5934  5934 E procrank: Failed to open /proc/20/pagemap: Permission denied
07-13 23:35:36.079  5934  5934 E procrank: Failed to get swap offsets for Process 20
07-13 23:35:36.079  5934  5934 E procrank: Failed to open /proc/21/pagemap: Permission denied
07-13 23:35:36.082  5934  5934 E procrank: Failed to get memory usage for Process 21
07-13 23:35:36.085  5934  5934 E procrank: Failed to open /proc/21/pagemap: Permission denied
07-13 23:35:36.086  5934  5934 E procrank: Failed to get swap offsets for Process 21
