07-13 23:35:23.092  5795  5795 I Monkey  :     // Injection Failed
07-13 23:35:23.093  5795  5795 I Monkey  : :Sending Touch (ACTION_UP): 0:(235.04492,1334.8975)
07-13 23:35:23.093   507   613 I InputDispatcher: Dropping event because there is no touched foreground window in display 0 or gesture monitor to receive it.
07-13 23:35:23.096  5795  5795 I Monkey  :     // Injection Failed
07-13 23:35:23.098  5795  5795 I Monkey  : :Sending Touch (ACTION_DOWN): 0:(150.0,876.0)
07-13 23:35:23.099   507   613 W InputDispatcher: Unresponsive window Window{3a1496c u0 NotificationShade} will not get the new gesture at 1771959000000
07-13 23:35:23.099   507   613 I InputDispatcher: Dropping event because there is no touchable window or gesture monitor at (150, 876) in display 0.
07-13 23:35:23.112  5795  5795 I Monkey  :     // Injection Failed
07-13 23:35:23.113  5795  5795 I Monkey  : :Sending Touch (ACTION_UP): 0:(152.21277,877.8082)
07-13 23:35:23.115   507   613 I InputDispatcher: Dropping event because there is no touched foreground window in display 0 or gesture monitor to receive it.
07-13 23:35:23.117  5795  5795 I Monkey  :     // Injection Failed
07-13 23:35:23.118  5795  5795 I Monkey  : :Sending Touch (ACTION_DOWN): 0:(720.0,147.0)
07-13 23:35:23.119   507   613 W InputDispatcher: Unresponsive window Window{3a1496c u0 NotificationShade} will not get the new gesture at 1771979000000
07-13 23:35:23.119   507   613 I InputDispatcher: Dropping event because there is no touchable window or gesture monitor at (720, 147) in display 0.
07-13 23:35:23.099   507  1017 I chatty  : uid=1000(system) Binder:507_A identical 12 lines
07-13 23:35:23.116   507  1017 W InputManager: Input event injection from pid 5795 failed.
07-13 23:35:23.119   507   522 W InputManager: Input event injection from pid 5795 failed.
07-13 23:35:23.121  5795  5795 I Monkey  :     // Injection Failed
07-13 23:35:23.122  5795  5795 I Monkey  : :Sending Touch (ACTION_UP): 0:(718.882,146.09009)
07-13 23:35:23.123   507   613 I InputDispatcher: Dropping event because there is no touched foreground window in display 0 or gesture monitor to receive it.
07-13 23:35:23.130  5795  5795 I Monkey  :     // Injection Failed
07-13 23:35:23.134  5795  5795 I Monkey  : :Sending Touch (ACTION_DOWN): 0:(822.0,1138.0)
07-13 23:35:23.135   507   613 W InputDispatcher: Unresponsive window Window{3a1496c u0 NotificationShade} will not get the new gesture at 1771992000000
07-13 23:35:23.135   507   613 I InputDispatcher: Dropping event because there is no touchable window or gesture monitor at (822, 1138) in display 0.
07-13 23:35:23.136  5795  5795 I Monkey  :     // Injection Failed
07-13 23:35:23.137  5795  5795 I Monkey  :     //[calendar_time:2021-07-13 23:35:23.136  system_uptime:1771997]
07-13 23:35:23.137  5795  5795 I Monkey  :     // Sending event #400
07-13 23:35:23.138  5795  5795 I Monkey  : :Sending Touch (ACTION_UP): 0:(821.22125,1147.171)
07-13 23:35:23.138   507   613 I InputDispatcher: Dropping event because there is no touched foreground window in display 0 or gesture monitor to receive it.
07-13 23:35:23.140  5795  5795 I Monkey  :     // Injection Failed
07-13 23:35:23.152  5795  5795 I Monkey  : :Sending Touch (ACTION_DOWN): 0:(878.0,2015.0)
07-13 23:35:23.153   507   613 W InputDispatcher: Unresponsive window Window{3a1496c u0 NotificationShade} will not get the new gesture at 1772012000000
07-13 23:35:23.153   507   613 I InputDispatcher: Dropping event because there is no touchable window or gesture monitor at (878, 2015) in display 0.
07-13 23:35:23.155  5795  5795 I Monkey  :     // Injection Failed
07-13 23:35:23.156  5795  5795 I Monkey  : :Sending Touch (ACTION_UP): 0:(865.013,2022.8428)
07-13 23:35:23.157   507   613 I InputDispatcher: Dropping event because there is no touched foreground window in display 0 or gesture monitor to receive it.
07-13 23:35:23.158  5795  5795 I Monkey  :     // Injection Failed
07-13 23:35:23.158  5795  5795 I Monkey  : :Sending Touch (ACTION_DOWN): 0:(423.0,1842.0)
07-13 23:35:23.162   507   613 W InputDispatcher: Unresponsive window Window{3a1496c u0 NotificationShade} will not get the new gesture at 1772019000000
07-13 23:35:23.162   507   613 I InputDispatcher: Dropping event because there is no touchable window or gesture monitor at (423, 1842) in display 0.
07-13 23:35:23.164  5795  5795 I Monkey  :     // Injection Failed
07-13 23:35:23.164  5795  5795 I Monkey  : :Sending Touch (ACTION_UP): 0:(424.13318,1842.8141)
07-13 23:35:23.165   507   613 I InputDispatcher: Dropping event because there is no touched foreground window in display 0 or gesture monitor to receive it.
07-13 23:35:23.167  5795  5795 I Monkey  :     // Injection Failed
07-13 23:35:23.171  5795  5795 I Monkey  : :Sending Touch (ACTION_DOWN): 0:(804.0,1958.0)
07-13 23:35:23.171   507   613 W InputDispatcher: Unresponsive window Window{3a1496c u0 NotificationShade} will not get the new gesture at 1772030000000
07-13 23:35:23.171   507   613 I InputDispatcher: Dropping event because there is no touchable window or gesture monitor at (804, 1958) in display 0.
07-13 23:35:23.173  5795  5795 I Monkey  :     // Injection Failed
07-13 23:35:23.173  5795  5795 I Monkey  : :Sending Touch (ACTION_UP): 0:(798.17596,1963.9327)
07-13 23:35:23.174   507   613 I InputDispatcher: Dropping event because there is no touched foreground window in display 0 or gesture monitor to receive it.
07-13 23:35:23.176  5795  5795 I Monkey  :     // Injection Failed
07-13 23:35:23.178  5795  5795 I Monkey  : :Sending Touch (ACTION_DOWN): 0:(282.0,1468.0)
07-13 23:35:23.182   507   613 W InputDispatcher: Unresponsive window Window{3a1496c u0 NotificationShade} will not get the new gesture at 1772038000000
07-13 23:35:23.182   507   613 I InputDispatcher: Dropping event because there is no touchable window or gesture monitor at (282, 1468) in display 0.
07-13 23:35:23.185  5795  5795 I Monkey  :     // Injection Failed
07-13 23:35:23.186  5795  5795 I Monkey  : :Sending Touch (ACTION_UP): 0:(286.35028,1449.7177)
07-13 23:35:23.187   507   613 I InputDispatcher: Dropping event because there is no touched foreground window in display 0 or gesture monitor to receive it.
07-13 23:35:23.189  5795  5795 I Monkey  :     // Injection Failed
07-13 23:35:23.206  5795  5795 I Monkey  : :Sending Trackball (ACTION_MOVE): 0:(0.0,-1.0)
07-13 23:35:23.234  5795  5795 I Monkey  : :Sending Flip keyboardOpen=false
07-13 23:35:23.238  5795  5795 I Monkey  : Got IOException performing flipjava.io.FileNotFoundException: /dev/input/event0: open failed: EACCES (Permission denied)
07-13 23:35:23.241  5795  5795 I Monkey  :     // Injection Failed
07-13 23:35:23.245  5795  5795 I Monkey  : :Sending Touch (ACTION_DOWN): 0:(353.0,848.0)
07-13 23:35:23.246   507   613 W InputDispatcher: Unresponsive window Window{3a1496c u0 NotificationShade} will not get the new gesture at 1772102000000
07-13 23:35:23.247   507   613 I InputDispatcher: Dropping event because there is no touchable window or gesture monitor at (353, 848) in display 0.
07-13 23:35:23.256  5795  5795 I Monkey  :     // Injection Failed
07-13 23:35:23.258  5795  5795 I Monkey  : :Sending Touch (ACTION_UP): 0:(354.6082,828.9942)
07-13 23:35:23.228  5795  5795 W commands.monkey: type=1400 audit(0.0:83): avc: denied { write } for name="event0" dev="tmpfs" ino=7430 scontext=u:r:shell:s0 tcontext=u:object_r:input_device:s0 tclass=chr_file permissive=0
07-13 23:35:23.273   507   613 I InputDispatcher: Dropping event because there is no touched foreground window in display 0 or gesture monitor to receive it.
07-13 23:35:23.279  5795  5795 I Monkey  :     // Injection Failed
07-13 23:35:23.288  5795  5795 I Monkey  : :Sending Trackball (ACTION_MOVE): 0:(-2.0,4.0)
07-13 23:35:23.309  5795  5795 I Monkey  : :Sending Touch (ACTION_DOWN): 0:(785.0,696.0)
07-13 23:35:23.310   507   613 W InputDispatcher: Unresponsive window Window{3a1496c u0 NotificationShade} will not get the new gesture at 1772170000000
07-13 23:35:23.311   507   613 I InputDispatcher: Dropping event because there is no touchable window or gesture monitor at (785, 696) in display 0.
07-13 23:35:23.312  5795  5795 I Monkey  :     // Injection Failed
07-13 23:35:23.313  5795  5795 I Monkey  : :Sending Touch (ACTION_UP): 0:(786.0481,695.3772)
07-13 23:35:23.313   507   613 I InputDispatcher: Dropping event because there is no touched foreground window in display 0 or gesture monitor to receive it.
07-13 23:35:23.314  5795  5795 I Monkey  :     // Injection Failed
07-13 23:35:23.315  5795  5795 I Monkey  : :Sending Touch (ACTION_DOWN): 0:(740.0,339.0)
07-13 23:35:23.315   507   613 W InputDispatcher: Unresponsive window Window{3a1496c u0 NotificationShade} will not get the new gesture at 1772176000000
07-13 23:35:23.315   507   613 I InputDispatcher: Dropping event because there is no touchable window or gesture monitor at (740, 339) in display 0.
07-13 23:35:23.317  5795  5795 I Monkey  :     // Injection Failed
07-13 23:35:23.317  5795  5795 I Monkey  : :Sending Touch (ACTION_UP): 0:(738.72595,335.79742)
07-13 23:35:23.318   507   613 I InputDispatcher: Dropping event because there is no touched foreground window in display 0 or gesture monitor to receive it.
07-13 23:35:23.319  5795  5795 I Monkey  :     // Injection Failed
07-13 23:35:23.320  5795  5795 I Monkey  : :Sending Touch (ACTION_DOWN): 0:(1022.0,1096.0)
07-13 23:35:23.321   507   613 W InputDispatcher: Unresponsive window Window{3a1496c u0 NotificationShade} will not get the new gesture at 1772180000000
07-13 23:35:23.321   507   613 I InputDispatcher: Dropping event because there is no touchable window or gesture monitor at (1022, 1096) in display 0.
07-13 23:35:23.322  5795  5795 I Monkey  :     // Injection Failed
07-13 23:35:23.323  5795  5795 I Monkey  : :Sending Touch (ACTION_UP): 0:(1034.9471,1094.2079)
07-13 23:35:23.324   507   613 I InputDispatcher: Dropping event because there is no touched foreground window in display 0 or gesture monitor to receive it.
07-13 23:35:23.325  5795  5795 I Monkey  :     // Injection Failed
07-13 23:35:23.325  5795  5795 I Monkey  : :Sending Touch (ACTION_DOWN): 0:(704.0,1024.0)
07-13 23:35:23.327   507   613 W InputDispatcher: Unresponsive window Window{3a1496c u0 NotificationShade} will not get the new gesture at 1772186000000
07-13 23:35:23.327   507   613 I InputDispatcher: Dropping event because there is no touchable window or gesture monitor at (704, 1024) in display 0.
07-13 23:35:23.329  5795  5795 I Monkey  :     // Injection Failed
07-13 23:35:23.331  5795  5795 I Monkey  : :Sending Touch (ACTION_UP): 0:(704.25995,1030.1002)
07-13 23:35:23.333   507   613 I InputDispatcher: Dropping event because there is no touched foreground window in display 0 or gesture monitor to receive it.
07-13 23:35:23.334  5795  5795 I Monkey  :     // Injection Failed
07-13 23:35:23.335  5795  5795 I Monkey  : :Sending Touch (ACTION_DOWN): 0:(675.0,22.0)
07-13 23:35:23.336   507   613 W InputDispatcher: Unresponsive window Window{3a1496c u0 NotificationShade} will not get the new gesture at 1772196000000
07-13 23:35:23.336   507   613 I InputDispatcher: Dropping event because there is no touchable window or gesture monitor at (675, 22) in display 0.
07-13 23:35:23.337  5795  5795 I Monkey  :     // Injection Failed
07-13 23:35:23.337  5795  5795 I Monkey  : :Sending Touch (ACTION_UP): 0:(667.00726,18.47794)
07-13 23:35:23.338   507   613 I InputDispatcher: Dropping event because there is no touched foreground window in display 0 or gesture monitor to receive it.
07-13 23:35:23.339  5795  5795 I Monkey  :     // Injection Failed
07-13 23:35:23.353  5795  5795 I Monkey  : :Sending Touch (ACTION_DOWN): 0:(892.0,303.0)
07-13 23:35:23.355   507   613 W InputDispatcher: Unresponsive window Window{3a1496c u0 NotificationShade} will not get the new gesture at 1772213000000
07-13 23:35:23.366   507   613 I InputDispatcher: Dropping event because there is no touchable window or gesture monitor at (892, 303) in display 0.
07-13 23:35:23.374  5795  5795 I Monkey  :     // Injection Failed
07-13 23:35:23.374  5795  5795 I Monkey  : :Sending Touch (ACTION_UP): 0:(897.5064,316.64832)
07-13 23:35:23.375   507   613 I InputDispatcher: Dropping event because there is no touched foreground window in display 0 or gesture monitor to receive it.
07-13 23:35:23.376  5795  5795 I Monkey  :     // Injection Failed
07-13 23:35:23.390  5795  5795 I Monkey  : :Sending Touch (ACTION_DOWN): 0:(254.0,305.0)
07-13 23:35:23.392   507   613 W InputDispatcher: Unresponsive window Window{3a1496c u0 NotificationShade} will not get the new gesture at 1772249000000
07-13 23:35:23.392   507   613 I InputDispatcher: Dropping event because there is no touchable window or gesture monitor at (254, 305) in display 0.
07-13 23:35:23.394  5795  5795 I Monkey  :     // Injection Failed
07-13 23:35:23.397  5795  5795 I Monkey  : :Sending Touch (ACTION_UP): 0:(268.8557,303.5565)
07-13 23:35:23.397   507   613 I InputDispatcher: Dropping event because there is no touched foreground window in display 0 or gesture monitor to receive it.
07-13 23:35:23.401  5795  5795 I Monkey  :     // Injection Failed
07-13 23:35:23.404  5795  5795 I Monkey  : :Sending Touch (ACTION_DOWN): 0:(980.0,145.0)
07-13 23:35:23.405   507   613 W InputDispatcher: Unresponsive window Window{3a1496c u0 NotificationShade} will not get the new gesture at 1772264000000
07-13 23:35:23.405   507   613 I InputDispatcher: Dropping event because there is no touchable window or gesture monitor at (980, 145) in display 0.
07-13 23:35:23.406  5795  5795 I Monkey  :     // Injection Failed
07-13 23:35:23.407  5795  5795 I Monkey  : :Sending Touch (ACTION_UP): 0:(982.0518,147.16988)
07-13 23:35:23.408   507   613 I InputDispatcher: Dropping event because there is no touched foreground window in display 0 or gesture monitor to receive it.
07-13 23:35:23.410  5795  5795 I Monkey  :     // Injection Failed
07-13 23:35:23.436   712  1178 I OpenGLRenderer: Davey! duration=1178ms; Flags=1, IntendedVsync=1771093993761, Vsync=1771427327081, OldestInputEvent=9223372036854775807, NewestInputEvent=0, HandleInputStart=1771442568000, AnimationStart=1771446596000, PerformTraversalsStart=1771459395300, DrawStart=1771797317700, SyncQueued=1771836720200, SyncStart=1771861295000, IssueDrawCommandsStart=1771861537300, SwapBuffers=1772292298500, FrameCompleted=1772296989200, DequeueBufferDuration=179200, QueueBufferDuration=1449700, GpuCompleted=72904454231491230, 
07-13 23:35:23.497   712  1178 I OpenGLRenderer: Davey! duration=1261ms; Flags=1, IntendedVsync=1771093993761, Vsync=1771427327081, OldestInputEvent=9223372036854775807, NewestInputEvent=0, HandleInputStart=1771442568000, AnimationStart=1771446596000, PerformTraversalsStart=1771459395300, DrawStart=1772331079400, SyncQueued=1772331169900, SyncStart=1772333707700, IssueDrawCommandsStart=1772343436400, SwapBuffers=1772343886500, FrameCompleted=1772358252800, DequeueBufferDuration=797400, QueueBufferDuration=7031900, GpuCompleted=0, 
07-13 23:35:23.405   507   522 I chatty  : uid=1000(system) Binder:507_2 identical 28 lines
07-13 23:35:23.409   507   522 W InputManager: Input event injection from pid 5795 failed.
07-13 23:35:23.512   507   526 D AutofillManagerService: Close system dialogs
07-13 23:35:23.513   507   529 D EventSequenceValidator: inc AccIntentStartedEvents to 2
07-13 23:35:23.514   507  1548 I ActivityTaskManager: START u0 {act=android.intent.action.CALL_BUTTON flg=0x10000000 cmp=com.android.dialer/.main.impl.MainActivity} from uid 10143
07-13 23:35:23.517  5795  5807 I Monkey  :     // Rejecting start of Intent { act=android.intent.action.CALL_BUTTON cmp=com.android.dialer/.main.impl.MainActivity } in package com.android.dialer
07-13 23:35:23.517  5265  5265 V GlobalScreenshot: clearing screenshot: close system dialogs
07-13 23:35:23.518   507   529 D EventSequenceValidator: dec AccIntentStartedEvents to 1
07-13 23:35:23.543   712   712 I Choreographer: Skipped 56 frames!  The application may be doing too much work on its main thread.
07-13 23:35:23.543   507   613 I InputDispatcher: 3a1496c NotificationShade (server) spent 9069ms processing MotionEvent(deviceId=-1, source=0x00010004, displayId=0, action=MOVE, actionButton=0x00000000, flags=0x00000000, metaState=0x00000000, buttonState=0x00000000, classification=NONE, edgeFlags=0x00000000, xPrecision=1.0, yPrecision=1.0, xCursorPosition=nan, yCursorPosition=nan, pointers=[0: (2.0, 1.0)]), policyFlags=0x6b000000
07-13 23:35:23.546   507   613 I InputDispatcher: 3a1496c NotificationShade (server) spent 9069ms processing MotionEvent(deviceId=-1, source=0x00010004, displayId=0, action=MOVE, actionButton=0x00000000, flags=0x00000000, metaState=0x00000000, buttonState=0x00000000, classification=NONE, edgeFlags=0x00000000, xPrecision=1.0, yPrecision=1.0, xCursorPosition=nan, yCursorPosition=nan, pointers=[0: (-5.0, -1.0)]), policyFlags=0x6b000000
07-13 23:35:23.547   507   613 I InputDispatcher: 3a1496c NotificationShade (server) spent 9069ms processing MotionEvent(deviceId=-1, source=0x00010004, displayId=0, action=MOVE, actionButton=0x00000000, flags=0x00000000, metaState=0x00000000, buttonState=0x00000000, classification=NONE, edgeFlags=0x00000000, xPrecision=1.0, yPrecision=1.0, xCursorPosition=nan, yCursorPosition=nan, pointers=[0: (4.0, 2.0)]), policyFlags=0x6b000000
07-13 23:35:23.548   507   613 I InputDispatcher: 3a1496c NotificationShade (server) spent 9067ms processing MotionEvent(deviceId=-1, source=0x00010004, displayId=0, action=MOVE, actionButton=0x00000000, flags=0x00000000, metaState=0x00000000, buttonState=0x00000000, classification=NONE, edgeFlags=0x00000000, xPrecision=1.0, yPrecision=1.0, xCursorPosition=nan, yCursorPosition=nan, pointers=[0: (1.0, -3.0)]), policyFlags=0x6b000000
07-13 23:35:23.553   507   613 I InputDispatcher: 3a1496c NotificationShade (server) spent 9066ms processing MotionEvent(deviceId=-1, source=0x00010004, displayId=0, action=MOVE, actionButton=0x00000000, flags=0x00000000, metaState=0x00000000, buttonState=0x00000000, classification=NONE, edgeFlags=0x00000000, xPrecision=1.0, yPrecision=1.0, xCursorPosition=nan, yCursorPosition=nan, pointers=[0: (-3.0, -5.0)]), policyFlags=0x6b000000
07-13 23:35:23.554   507   613 I InputDispatcher: 3a1496c NotificationShade (server) spent 9062ms processing MotionEvent(deviceId=-1, source=0x00010004, displayId=0, action=MOVE, actionButton=0x00000000, flags=0x00000000, metaState=0x00000000, buttonState=0x00000000, classification=NONE, edgeFlags=0x00000000, xPrecision=1.0, yPrecision=1.0, xCursorPosition=nan, yCursorPosition=nan, pointers=[0: (0.0, -2.0)]), policyFlags=0x6b000000
07-13 23:35:23.555   507   613 I InputDispatcher: 3a1496c NotificationShade (server) spent 9059ms processing MotionEvent(deviceId=-1, source=0x00010004, displayId=0, action=MOVE, actionButton=0x00000000, flags=0x00000000, metaState=0x00000000, buttonState=0x00000000, classification=NONE, edgeFlags=0x00000000, xPrecision=1.0, yPrecision=1.0, xCursorPosition=nan, yCursorPosition=nan, pointers=[0: (2.0, -2.0)]), policyFlags=0x6b000000
07-13 23:35:23.555   507   613 I InputDispatcher: 3a1496c NotificationShade (server) spent 8787ms processing MotionEvent(deviceId=-1, source=0x00010004, displayId=0, action=MOVE, actionButton=0x00000000, flags=0x00000000, metaState=0x00000000, buttonState=0x00000000, classification=NONE, edgeFlags=0x00000000, xPrecision=1.0, yPrecision=1.0, xCursorPosition=nan, yCursorPosition=nan, pointers=[0: (-3.0, 0.0)]), policyFlags=0x6b000000
07-13 23:35:23.590   712  1178 I OpenGLRenderer: Davey! duration=980ms; Flags=0, IntendedVsync=1771460674237, Vsync=1772394007533, OldestInputEvent=1763329000000, NewestInputEvent=1772404000000, HandleInputStart=1772404485800, AnimationStart=1772423554300, PerformTraversalsStart=1772424690500, DrawStart=1772425502500, SyncQueued=1772425988900, SyncStart=1772436230700, IssueDrawCommandsStart=1772436470500, SwapBuffers=1772446343400, FrameCompleted=1772451675600, DequeueBufferDuration=902400, QueueBufferDuration=3504900, GpuCompleted=865335112200, 
07-13 23:35:23.595   507   613 D InputDispatcher: Waiting to send key to Window{3a1496c u0 NotificationShade} because there are unprocessed events that may cause focus to change
07-13 23:35:23.663   507  1548 D MediaSessionService: dispatchVolumeKeyEvent, pkg=com.android.systemui, opPkg=com.android.systemui, pid=712, uid=10143, asSystem=true, event=KeyEvent { action=ACTION_DOWN, keyCode=KEYCODE_VOLUME_DOWN, scanCode=0, metaState=0, flags=0x8, repeatCount=0, eventTime=1772271, downTime=1772271, deviceId=-1, source=0x101, displayId=-1 }, stream=-2147483648, musicOnly=false
07-13 23:35:23.663   507  1548 D MediaSessionService: Adjusting suggestedStream=-2147483648 by -1. flags=4113, preferSuggestedStream=false, session=null
07-13 23:35:23.673   712   712 V ShadeControllerImpl: NotificationShadeWindow: com.android.systemui.statusbar.phone.NotificationShadeWindowView{8847504 V.E...... .......D 0,0-1080,2220} canPanelBeCollapsed(): true
07-13 23:35:23.675   712   712 I vol.Events: writeEvent dismiss_dialog volume_controller
07-13 23:35:23.679   712  1178 I OpenGLRenderer: Davey! duration=1017ms; Flags=0, IntendedVsync=1771460674237, Vsync=1772394007533, OldestInputEvent=1763329000000, NewestInputEvent=1772404000000, HandleInputStart=1772404485800, AnimationStart=1772423554300, PerformTraversalsStart=1772424690500, DrawStart=1772458472000, SyncQueued=1772458517300, SyncStart=1772520947500, IssueDrawCommandsStart=1772521728600, SwapBuffers=1772522709300, FrameCompleted=1772540120800, DequeueBufferDuration=339100, QueueBufferDuration=3672000, GpuCompleted=43984843964424, 
07-13 23:35:23.696   712  1064 I vol.Events: writeEvent active_stream_changed UNKNOWN_STREAM_-1
07-13 23:35:23.722  5795  5795 I Monkey  : :Sending Touch (ACTION_DOWN): 0:(660.0,1210.0)
07-13 23:35:23.726   712  1064 I vol.Events: writeEvent active_stream_changed STREAM_MUSIC
07-13 23:35:23.730   257   257 I tombstoned: received crash request for pid 712
07-13 23:35:23.730   257   257 I tombstoned: found intercept fd 512 for pid 712 and type kDebuggerdJavaBacktrace
07-13 23:35:23.731   712   720 I ndroid.systemu: Wrote stack traces to tombstoned
07-13 23:35:23.754   712  1064 I vol.Events: writeEvent key STREAM_MUSIC 5
07-13 23:35:23.769  5795  5795 I Monkey  : :Sending Touch (ACTION_UP): 0:(670.9116,1203.0769)
07-13 23:35:23.816  5795  5795 I Monkey  : :Sending Touch (ACTION_DOWN): 0:(581.0,1409.0)
07-13 23:35:23.832   285   325 D goldfish-address-space: claimShared: Ask to claim region [0x3f77c1000 0x3f789e000]
07-13 23:35:23.837   507  5864 I system_server: libdebuggerd_client: done dumping process 712
07-13 23:35:23.844   507  5864 I ActivityManager: Collecting stacks for pid 507
07-13 23:35:23.856  5795  5795 I Monkey  : :Sending Touch (ACTION_UP): 0:(568.28015,1408.0979)
07-13 23:35:23.874   507  5864 I system_server: libdebuggerd_client: started dumping process 507
07-13 23:35:23.875   257   257 I tombstoned: registered intercept for pid 507 and type kDebuggerdJavaBacktrace
07-13 23:35:23.878   507   513 I system_server: Thread[2,tid=513,WaitingInMainSignalCatcherLoop,Thread*=0xdf782a10,peer=0x13380150,"Signal Catcher"]: reacting to signal 3
07-13 23:35:23.879   507   513 I system_server: 
07-13 23:35:23.881  5795  5795 I Monkey  : :Sending Touch (ACTION_DOWN): 0:(194.0,2021.0)
07-13 23:35:23.902  5795  5795 I Monkey  : :Sending Touch (ACTION_UP): 0:(196.6014,2011.1606)
07-13 23:35:23.921  5795  5795 I Monkey  : :Sending Touch (ACTION_DOWN): 0:(580.0,1615.0)
07-13 23:35:23.938   285   325 D goldfish-address-space: claimShared: Ask to claim region [0x3f797b000 0x3f7a58000]
07-13 23:35:23.939  5795  5795 I Monkey  : :Sending Touch (ACTION_UP): 0:(566.00836,1608.3126)
07-13 23:35:23.946  5795  5795 I Monkey  : :Sending Touch (ACTION_DOWN): 0:(316.0,840.0)
07-13 23:35:23.949  5795  5795 I Monkey  : :Sending Touch (ACTION_UP): 0:(337.2876,848.17456)
07-13 23:35:24.113   507   522 I system_server: oneway function results will be dropped but finished with status OK and parcel size 4
07-13 23:35:24.336  5795  5795 I Monkey  : :Sending Touch (ACTION_DOWN): 0:(13.0,1385.0)
07-13 23:35:24.341  5795  5795 I Monkey  : :Sending Touch (ACTION_UP): 0:(13.225007,1382.5795)
07-13 23:35:24.349  5795  5795 I Monkey  : :Sending Touch (ACTION_DOWN): 0:(383.0,690.0)
07-13 23:35:24.353  5795  5795 I Monkey  : :Sending Touch (ACTION_UP): 0:(374.68845,680.4797)
07-13 23:35:24.356  5795  5795 I Monkey  : :Sending Touch (ACTION_DOWN): 0:(959.0,1253.0)
07-13 23:35:24.364  5795  5795 I Monkey  : :Sending Touch (ACTION_UP): 0:(949.9866,1257.7053)
07-13 23:35:24.371  5795  5795 I Monkey  : :Sending Touch (ACTION_DOWN): 0:(554.0,578.0)
07-13 23:35:24.374  5795  5795 I Monkey  : :Sending Touch (ACTION_UP): 0:(561.8485,584.0679)
07-13 23:35:24.493   507  1548 D MediaSessionService: dispatchVolumeKeyEvent, pkg=com.android.systemui, opPkg=com.android.systemui, pid=712, uid=10143, asSystem=true, event=KeyEvent { action=ACTION_UP, keyCode=KEYCODE_VOLUME_DOWN, scanCode=0, metaState=0, flags=0x8, repeatCount=0, eventTime=1772425, downTime=1772425, deviceId=-1, source=0x101, displayId=-1 }, stream=-2147483648, musicOnly=false
07-13 23:35:24.493   507  1548 D MediaSessionService: Adjusting suggestedStream=-2147483648 by 0. flags=4116, preferSuggestedStream=false, session=null
07-13 23:35:24.495   507   613 D InputDispatcher: Waiting to send key to Window{4d2008 u0 com.android.todolist/com.android.todolist.MainActivity} because there are unprocessed events that may cause focus to change
07-13 23:35:24.539   507   613 D InputDispatcher: Waiting to send key to Window{4d2008 u0 com.android.todolist/com.android.todolist.MainActivity} because there are unprocessed events that may cause focus to change
07-13 23:35:24.540   712   712 I Choreographer: Skipped 51 frames!  The application may be doing too much work on its main thread.
07-13 23:35:24.547   285   325 D goldfish-address-space: claimShared: Ask to claim region [0x3f76e4000 0x3f77c1000]
07-13 23:35:24.572   712  1178 I OpenGLRenderer: Davey! duration=889ms; Flags=0, IntendedVsync=1772543999939, Vsync=1773393999905, OldestInputEvent=9223372036854775807, NewestInputEvent=0, HandleInputStart=1773401502700, AnimationStart=1773401542000, PerformTraversalsStart=1773403230000, DrawStart=1773403323200, SyncQueued=1773404447900, SyncStart=1773405166700, IssueDrawCommandsStart=1773405661900, SwapBuffers=1773406155500, FrameCompleted=1773434062300, DequeueBufferDuration=25313000, QueueBufferDuration=1742500, GpuCompleted=72339451266727936, 
07-13 23:35:24.600   712  1178 I OpenGLRenderer: Davey! duration=912ms; Flags=1, IntendedVsync=1772543999939, Vsync=1773393999905, OldestInputEvent=9223372036854775807, NewestInputEvent=0, HandleInputStart=1773401502700, AnimationStart=1773401542000, PerformTraversalsStart=1773403230000, DrawStart=1773450692800, SyncQueued=1773451081100, SyncStart=1773455774700, IssueDrawCommandsStart=1773455976500, SwapBuffers=1773458197000, FrameCompleted=1773461399100, DequeueBufferDuration=621600, QueueBufferDuration=1333700, GpuCompleted=865588461000, 
07-13 23:35:24.616   507   613 D InputDispatcher: Waiting to send key to Window{4d2008 u0 com.android.todolist/com.android.todolist.MainActivity} because there are unprocessed events that may cause focus to change
07-13 23:35:24.667   712   712 I vol.Events: writeEvent show_dialog volume_changed keyguard=false
07-13 23:35:24.709   507   613 D InputDispatcher: Waiting to send key to Window{3a1496c u0 NotificationShade} because there are unprocessed events that may cause focus to change
07-13 23:35:24.713   712   712 I vol.Events: writeEvent icon_click STREAM_MUSIC unmute
07-13 23:35:24.741   507   613 D InputDispatcher: Waiting to send key to Window{3a1496c u0 NotificationShade} because there are unprocessed events that may cause focus to change
07-13 23:35:24.741   712  1064 E vol.VolumeDialogControl: isCaptionsServiceEnabled failed to check for captions component
07-13 23:35:24.741   712  1064 E vol.VolumeDialogControl: java.lang.IllegalArgumentException: Unknown component: ComponentInfo{com.google.android.as/com.google.android.apps.miphone.aiai.captions.CaptionsService}
07-13 23:35:24.741   712  1064 E vol.VolumeDialogControl: 	at android.os.Parcel.createExceptionOrNull(Parcel.java:2377)
07-13 23:35:24.741   712  1064 E vol.VolumeDialogControl: 	at android.os.Parcel.createException(Parcel.java:2357)
07-13 23:35:24.741   712  1064 E vol.VolumeDialogControl: 	at android.os.Parcel.readException(Parcel.java:2340)
07-13 23:35:24.741   712  1064 E vol.VolumeDialogControl: 	at android.os.Parcel.readException(Parcel.java:2282)
07-13 23:35:24.741   712  1064 E vol.VolumeDialogControl: 	at android.content.pm.IPackageManager$Stub$Proxy.getComponentEnabledSetting(IPackageManager.java:6804)
07-13 23:35:24.741   712  1064 E vol.VolumeDialogControl: 	at android.app.ApplicationPackageManager.getComponentEnabledSetting(ApplicationPackageManager.java:2723)
07-13 23:35:24.741   712  1064 E vol.VolumeDialogControl: 	at com.android.systemui.volume.VolumeDialogControllerImpl.onGetCaptionsComponentStateW(VolumeDialogControllerImpl.java:441)
07-13 23:35:24.741   712  1064 E vol.VolumeDialogControl: 	at com.android.systemui.volume.VolumeDialogControllerImpl.access$2000(VolumeDialogControllerImpl.java:92)
07-13 23:35:24.741   712  1064 E vol.VolumeDialogControl: 	at com.android.systemui.volume.VolumeDialogControllerImpl$W.handleMessage(VolumeDialogControllerImpl.java:825)
07-13 23:35:24.741   712  1064 E vol.VolumeDialogControl: 	at android.os.Handler.dispatchMessage(Handler.java:106)
07-13 23:35:24.741   712  1064 E vol.VolumeDialogControl: 	at android.os.Looper.loop(Looper.java:223)
07-13 23:35:24.741   712  1064 E vol.VolumeDialogControl: 	at android.os.HandlerThread.run(HandlerThread.java:67)
07-13 23:35:24.741   712  1064 E vol.VolumeDialogControl: Caused by: android.os.RemoteException: Remote stack trace:
07-13 23:35:24.741   712  1064 E vol.VolumeDialogControl: 	at com.android.server.pm.PackageManagerService.getComponentEnabledSetting(PackageManagerService.java:21394)
07-13 23:35:24.741   712  1064 E vol.VolumeDialogControl: 	at android.content.pm.IPackageManager$Stub.onTransact(IPackageManager.java:3216)
07-13 23:35:24.741   712  1064 E vol.VolumeDialogControl: 	at com.android.server.pm.PackageManagerService.onTransact(PackageManagerService.java:4302)
07-13 23:35:24.741   712  1064 E vol.VolumeDialogControl: 	at android.os.Binder.execTransactInternal(Binder.java:1159)
07-13 23:35:24.741   712  1064 E vol.VolumeDialogControl: 	at android.os.Binder.execTransact(Binder.java:1123)
07-13 23:35:24.741   712  1064 E vol.VolumeDialogControl: 
07-13 23:35:24.745   712  1064 E vol.VolumeDialogControl: isCaptionsServiceEnabled failed to check for captions component
07-13 23:35:24.745   712  1064 E vol.VolumeDialogControl: java.lang.IllegalArgumentException: Unknown component: ComponentInfo{com.google.android.as/com.google.android.apps.miphone.aiai.captions.CaptionsService}
07-13 23:35:24.745   712  1064 E vol.VolumeDialogControl: 	at android.os.Parcel.createExceptionOrNull(Parcel.java:2377)
07-13 23:35:24.745   712  1064 E vol.VolumeDialogControl: 	at android.os.Parcel.createException(Parcel.java:2357)
07-13 23:35:24.745   712  1064 E vol.VolumeDialogControl: 	at android.os.Parcel.readException(Parcel.java:2340)
07-13 23:35:24.745   712  1064 E vol.VolumeDialogControl: 	at android.os.Parcel.readException(Parcel.java:2282)
07-13 23:35:24.745   712  1064 E vol.VolumeDialogControl: 	at android.content.pm.IPackageManager$Stub$Proxy.getComponentEnabledSetting(IPackageManager.java:6804)
07-13 23:35:24.745   712  1064 E vol.VolumeDialogControl: 	at android.app.ApplicationPackageManager.getComponentEnabledSetting(ApplicationPackageManager.java:2723)
07-13 23:35:24.745   712  1064 E vol.VolumeDialogControl: 	at com.android.systemui.volume.VolumeDialogControllerImpl.onGetCaptionsComponentStateW(VolumeDialogControllerImpl.java:441)
07-13 23:35:24.745   712  1064 E vol.VolumeDialogControl: 	at com.android.systemui.volume.VolumeDialogControllerImpl.access$2000(VolumeDialogControllerImpl.java:92)
07-13 23:35:24.745   712  1064 E vol.VolumeDialogControl: 	at com.android.systemui.volume.VolumeDialogControllerImpl$W.handleMessage(VolumeDialogControllerImpl.java:825)
07-13 23:35:24.745   712  1064 E vol.VolumeDialogControl: 	at android.os.Handler.dispatchMessage(Handler.java:106)
07-13 23:35:24.745   712  1064 E vol.VolumeDialogControl: 	at android.os.Looper.loop(Looper.java:223)
07-13 23:35:24.745   712  1064 E vol.VolumeDialogControl: 	at android.os.HandlerThread.run(HandlerThread.java:67)
07-13 23:35:24.780   712  1178 D OpenGLRenderer: endAllActiveAnimators on 0xb45e31f0 (RippleDrawable) with handle 0xbb105490
07-13 23:35:24.795  5795  5795 I Monkey  : :Sending Touch (ACTION_DOWN): 0:(433.0,1688.0)
07-13 23:35:24.797   507   613 W InputDispatcher: Window Window{6abe0bf u0 VolumeDialogImpl} already unregistered input channel
07-13 23:35:24.813  5795  5795 I Monkey  : :Sending Touch (ACTION_UP): 0:(433.35452,1676.3186)
07-13 23:35:24.816  5795  5795 I Monkey  : :Sending Touch (ACTION_DOWN): 0:(1004.0,278.0)
07-13 23:35:24.842  5795  5795 I Monkey  : :Sending Touch (ACTION_UP): 0:(1003.3438,274.97653)
07-13 23:35:24.911  5795  5795 I Monkey  : :Sending Touch (ACTION_DOWN): 0:(707.0,862.0)
07-13 23:35:24.931   257   257 I tombstoned: received crash request for pid 507
07-13 23:35:24.931   257   257 I tombstoned: found intercept fd 512 for pid 507 and type kDebuggerdJavaBacktrace
07-13 23:35:24.946   507  4405 I system_server: oneway function results will be dropped but finished with status OK and parcel size 4
07-13 23:35:24.948  5795  5795 I Monkey  : :Sending Touch (ACTION_UP): 0:(705.67596,876.4021)
07-13 23:35:24.954   507   513 I system_server: Wrote stack traces to tombstoned
07-13 23:35:25.000   507  5864 I system_server: libdebuggerd_client: done dumping process 507
07-13 23:35:25.013   507  5864 I ActivityManager: Collecting stacks for pid 1350
07-13 23:35:25.015   507  5864 I system_server: libdebuggerd_client: started dumping process 1350
07-13 23:35:25.016   257   257 I tombstoned: registered intercept for pid 1350 and type kDebuggerdJavaBacktrace
07-13 23:35:25.016  1350  1358 I putmethod.lati: Thread[3,tid=1358,WaitingInMainSignalCatcherLoop,Thread*=0xdf784610,peer=0x135401b0,"Signal Catcher"]: reacting to signal 3
07-13 23:35:25.016  1350  1358 I putmethod.lati: 
07-13 23:35:25.030   712   712 I PowerUI.Notification: Received PNW.startSaverConfirmation
07-13 23:35:25.038   507  4405 I system_server: oneway function results will be dropped but finished with status OK and parcel size 4
07-13 23:35:25.075   507  4405 I system_server: oneway function results will be dropped but finished with status OK and parcel size 4
07-13 23:35:25.182   712   712 D StatusBar: disable<e i a s b h r c s > disable2<q i n >
07-13 23:35:25.257   285   325 D goldfish-address-space: claimShared: Ask to claim region [0x3f789e000 0x3f7c74000]
07-13 23:35:25.278   257   257 I tombstoned: received crash request for pid 1350
07-13 23:35:25.278   257   257 I tombstoned: found intercept fd 512 for pid 1350 and type kDebuggerdJavaBacktrace
07-13 23:35:25.279  1350  1358 I putmethod.lati: Wrote stack traces to tombstoned
07-13 23:35:25.291  5795  5795 I Monkey  : :Sending Touch (ACTION_DOWN): 0:(342.0,1381.0)
07-13 23:35:25.297  5795  5795 I Monkey  : :Sending Touch (ACTION_UP): 0:(366.7797,1414.9095)
07-13 23:35:25.306  5795  5795 I Monkey  : :Sending Touch (ACTION_DOWN): 0:(52.0,1382.0)
07-13 23:35:25.308  5795  5795 I Monkey  : :Sending Touch (ACTION_UP): 0:(50.566364,1382.008)
07-13 23:35:25.308   507  5864 I system_server: libdebuggerd_client: done dumping process 1350
07-13 23:35:25.314  5795  5795 I Monkey  : :Sending Touch (ACTION_DOWN): 0:(903.0,1521.0)
07-13 23:35:25.336   507  5864 I ActivityManager: Collecting stacks for pid 1525
07-13 23:35:25.337   507  5864 I system_server: libdebuggerd_client: started dumping process 1525
07-13 23:35:25.338  5795  5795 I Monkey  : :Sending Touch (ACTION_UP): 0:(910.41974,1519.4236)
07-13 23:35:25.338   257   257 I tombstoned: registered intercept for pid 1525 and type kDebuggerdJavaBacktrace
07-13 23:35:25.345  1525  1534 I or.multidispla: Thread[2,tid=1534,WaitingInMainSignalCatcherLoop,Thread*=0xdf781c10,peer=0x12dc01b0,"Signal Catcher"]: reacting to signal 3
07-13 23:35:25.345  1525  1534 I or.multidispla: 
07-13 23:35:25.356   285   325 D goldfish-address-space: claimShared: Ask to claim region [0x3f5b72000 0x3f5f48000]
07-13 23:35:25.366   712  1064 I vol.Events: writeEvent level_changed STREAM_MUSIC 0
07-13 23:35:25.367   712  1064 I vol.Events: writeEvent mute_changed STREAM_MUSIC true
07-13 23:35:25.374   285   328 D goldfish-address-space: claimShared: Ask to claim region [0x3f5f48000 0x3f631e000]
07-13 23:35:25.442  5795  5795 I Monkey  : :Sending Touch (ACTION_DOWN): 0:(108.0,328.0)
07-13 23:35:25.473  5795  5795 I Monkey  : :Sending Touch (ACTION_UP): 0:(117.221535,329.31143)
07-13 23:35:25.480  5795  5795 I Monkey  : :Sending Touch (ACTION_DOWN): 0:(574.0,693.0)
07-13 23:35:25.499  5795  5795 I Monkey  : :Sending Touch (ACTION_UP): 0:(575.44495,698.46326)
07-13 23:35:25.500   712   712 D StatusBar: disable<e i a s b h r c s > disable2<q i n >
07-13 23:35:25.501   257   257 I tombstoned: received crash request for pid 1525
07-13 23:35:25.501   257   257 I tombstoned: found intercept fd 512 for pid 1525 and type kDebuggerdJavaBacktrace
07-13 23:35:25.502  1525  1534 I or.multidispla: Wrote stack traces to tombstoned
07-13 23:35:25.502  5795  5795 I Monkey  :     //[calendar_time:2021-07-13 23:35:25.502  system_uptime:1774363]
07-13 23:35:25.503  5795  5795 I Monkey  :     // Sending event #500
07-13 23:35:25.503  5795  5795 I Monkey  :     //[calendar_time:2021-07-13 23:35:25.503  system_uptime:1774364]
07-13 23:35:25.503  5795  5795 I Monkey  :     // Sending event #500
07-13 23:35:25.504  5795  5795 I Monkey  : :Sending Touch (ACTION_DOWN): 0:(631.0,748.0)
07-13 23:35:25.505   507  5864 I system_server: libdebuggerd_client: done dumping process 1525
07-13 23:35:25.514  5795  5795 I Monkey  : :Sending Touch (ACTION_UP): 0:(630.8173,750.9488)
07-13 23:35:25.514   507  5864 I ActivityManager: Collecting stacks for pid 1502
07-13 23:35:25.515   507  5864 I system_server: libdebuggerd_client: started dumping process 1502
07-13 23:35:25.518   257   257 I tombstoned: registered intercept for pid 1502 and type kDebuggerdJavaBacktrace
07-13 23:35:25.519  1502  1510 I .ims.rcsservic: Thread[3,tid=1510,WaitingInMainSignalCatcherLoop,Thread*=0xdf784610,peer=0x12dc0800,"Signal Catcher"]: reacting to signal 3
07-13 23:35:25.519  1502  1510 I .ims.rcsservic: 
07-13 23:35:25.562  5795  5795 I Monkey  : :Sending Touch (ACTION_DOWN): 0:(1067.0,225.0)
07-13 23:35:25.569  5795  5795 I Monkey  : :Sending Touch (ACTION_UP): 0:(1066.2177,232.27034)
07-13 23:35:25.619   507   613 W InputDispatcher: Waiting because no window has focus but ActivityRecord{dd05363 u0 com.android.todolist/.MainActivity t19} may eventually add a window when it finishes starting up. Will wait for 5000ms
07-13 23:35:25.619   507   613 W InputDispatcher: Still no focused window. Will drop the event in 4999ms
07-13 23:35:25.645   507   613 W InputDispatcher: Still no focused window. Will drop the event in 4973ms
07-13 23:35:25.666   507   613 W InputDispatcher: Still no focused window. Will drop the event in 4952ms
07-13 23:35:25.705   507   613 W InputDispatcher: Still no focused window. Will drop the event in 4914ms
07-13 23:35:25.705   507   613 W InputDispatcher: Still no focused window. Will drop the event in 4913ms
07-13 23:35:25.705   507   613 D InputDispatcher: Waiting to send key to Window{2cd1a31 u0 Turn on Battery Saver?} because there are unprocessed events that may cause focus to change
07-13 23:35:25.705   507   529 W system_server: Long monitor contention with owner android.anim (530) at void com.android.server.wm.WindowAnimator.lambda$new$1$WindowAnimator(long)(WindowAnimator.java:111) waiters=0 in void com.android.server.wm.WindowManagerService$H.handleMessage(android.os.Message) for 212ms
07-13 23:35:25.719   257   257 I tombstoned: received crash request for pid 1502
07-13 23:35:25.722  5813  5813 D CompatibilityChangeReporter: Compat change id reported: 150939131; UID 10156; state: DISABLED
07-13 23:35:25.735   257   257 I tombstoned: found intercept fd 512 for pid 1502 and type kDebuggerdJavaBacktrace
07-13 23:35:25.736  1502  1510 I .ims.rcsservic: Wrote stack traces to tombstoned
07-13 23:35:25.744   507  5864 I system_server: libdebuggerd_client: done dumping process 1502
07-13 23:35:25.778   507  5864 I ActivityManager: Collecting stacks for pid 945
07-13 23:35:25.798   507  5864 I system_server: libdebuggerd_client: started dumping process 945
07-13 23:35:25.803   257   257 I tombstoned: registered intercept for pid 945 and type kDebuggerdJavaBacktrace
07-13 23:35:25.804   945   960 I m.android.phon: Thread[4,tid=960,WaitingInMainSignalCatcherLoop,Thread*=0xdf789a10,peer=0x12cc01b0,"Signal Catcher"]: reacting to signal 3
07-13 23:35:25.804   945   960 I m.android.phon: 
07-13 23:35:25.825  5795  5795 I Monkey  : :Sending Touch (ACTION_DOWN): 0:(553.0,723.0)
07-13 23:35:25.913  5795  5795 I Monkey  : :Sending Touch (ACTION_UP): 0:(557.7914,717.4894)
07-13 23:35:25.992   507   613 D InputDispatcher: Waiting to send key to Window{2cd1a31 u0 Turn on Battery Saver?} because there are unprocessed events that may cause focus to change
07-13 23:35:26.013   507   613 D InputDispatcher: Waiting to send key to Window{2cd1a31 u0 Turn on Battery Saver?} because there are unprocessed events that may cause focus to change
07-13 23:35:26.034  5795  5795 I Monkey  : :Sending Touch (ACTION_DOWN): 0:(889.0,1889.0)
07-13 23:35:26.038  5795  5795 I Monkey  : :Sending Touch (ACTION_UP): 0:(878.57623,1895.1143)
07-13 23:35:26.081  5795  5795 I Monkey  : :Sending Touch (ACTION_DOWN): 0:(471.0,1236.0)
07-13 23:35:26.102  5795  5795 I Monkey  : :Sending Touch (ACTION_UP): 0:(471.9195,1255.3943)
07-13 23:35:26.140   507   613 W InputDispatcher: Window Window{2cd1a31 u0 Turn on Battery Saver?} already unregistered input channel
07-13 23:35:26.165   712   712 W InputEventReceiver: Attempted to finish an input event but the input event receiver has already been disposed.
07-13 23:35:26.165   712   712 W ViewRootImpl[Turn on Battery Saver?]: Dropping event due to root view being removed: MotionEvent { action=ACTION_DOWN, actionButton=0, id[0]=0, x[0]=371.0, y[0]=580.0, toolType[0]=TOOL_TYPE_UNKNOWN, buttonState=0, classification=NONE, metaState=0, flags=0x0, edgeFlags=0x0, pointerCount=1, historySize=0, eventTime=1774941, downTime=1774940, deviceId=-1, source=0x1002, displayId=0 }
07-13 23:35:26.165   712   712 W InputEventReceiver: Attempted to finish an input event but the input event receiver has already been disposed.
07-13 23:35:26.178   712   712 D StatusBar: disable<e i a s b h r c s > disable2<q i n >
07-13 23:35:26.234  5795  5795 I Monkey  : :Sending Touch (ACTION_DOWN): 0:(46.0,822.0)
07-13 23:35:26.240   257   257 I tombstoned: received crash request for pid 945
07-13 23:35:26.252   257   257 I tombstoned: found intercept fd 512 for pid 945 and type kDebuggerdJavaBacktrace
07-13 23:35:26.252   945   960 I m.android.phon: Wrote stack traces to tombstoned
07-13 23:35:26.293   507  5864 I system_server: libdebuggerd_client: done dumping process 945
07-13 23:35:26.297  5795  5795 I Monkey  : :Sending Touch (ACTION_UP): 0:(35.089638,824.00714)
07-13 23:35:26.323   507  5864 I ActivityManager: Collecting stacks for pid 909
07-13 23:35:26.324   507  5864 I system_server: libdebuggerd_client: started dumping process 909
07-13 23:35:26.326   257   257 I tombstoned: registered intercept for pid 909 and type kDebuggerdJavaBacktrace
07-13 23:35:26.330   909   917 I com.android.se: Thread[3,tid=917,WaitingInMainSignalCatcherLoop,Thread*=0xdf781c10,peer=0x12e801b0,"Signal Catcher"]: reacting to signal 3
07-13 23:35:26.331   909   917 I com.android.se: 
07-13 23:35:26.377  5795  5795 I Monkey  : :Sending Touch (ACTION_DOWN): 0:(846.0,1931.0)
07-13 23:35:26.416  5795  5795 I Monkey  : :Sending Touch (ACTION_UP): 0:(840.7527,1928.3816)
07-13 23:35:26.488   257   257 I tombstoned: received crash request for pid 909
07-13 23:35:26.489   257   257 I tombstoned: found intercept fd 512 for pid 909 and type kDebuggerdJavaBacktrace
07-13 23:35:26.494   909   917 I com.android.se: Wrote stack traces to tombstoned
07-13 23:35:26.494   507  5864 I system_server: libdebuggerd_client: done dumping process 909
07-13 23:35:26.499   507  5864 I ActivityManager: Collecting stacks for pid 873
07-13 23:35:26.501   507  5864 I system_server: libdebuggerd_client: started dumping process 873
07-13 23:35:26.504   873   884 I rkstack.proces: Thread[2,tid=884,WaitingInMainSignalCatcherLoop,Thread*=0xdf781c10,peer=0x136001b0,"Signal Catcher"]: reacting to signal 3
07-13 23:35:26.504   873   884 I rkstack.proces: 
07-13 23:35:26.511  5795  5795 I Monkey  : :Sending Touch (ACTION_DOWN): 0:(521.0,1578.0)
07-13 23:35:26.516   257   257 I tombstoned: registered intercept for pid 873 and type kDebuggerdJavaBacktrace
07-13 23:35:26.521  5795  5795 I Monkey  : :Sending Touch (ACTION_UP): 0:(518.97217,1585.4757)
07-13 23:35:26.582  5795  5795 I Monkey  : :Sending Touch (ACTION_DOWN): 0:(525.0,1859.0)
07-13 23:35:26.594  5795  5795 I Monkey  : :Sending Touch (ACTION_UP): 0:(524.92847,1849.412)
07-13 23:35:26.605   712   712 V ShadeControllerImpl: NotificationShadeWindow: com.android.systemui.statusbar.phone.NotificationShadeWindowView{8847504 V.E...... ........ 0,0-1080,2220} canPanelBeCollapsed(): false
07-13 23:35:26.614   712   712 V ShadeControllerImpl: NotificationShadeWindow: com.android.systemui.statusbar.phone.NotificationShadeWindowView{8847504 V.E...... ........ 0,0-1080,2220} canPanelBeCollapsed(): false
07-13 23:35:26.617  5795  5795 I Monkey  : :Sending Touch (ACTION_DOWN): 0:(79.0,1964.0)
07-13 23:35:26.617   712   712 D StatusBar: disable<e i a s b h r c s > disable2<q i n >
07-13 23:35:26.636  1350  1408 I PeriodicStatsRunner: PeriodicStatsRunner.call():180 call()
07-13 23:35:26.636  1350  1408 I PeriodicStatsRunner: PeriodicStatsRunner.call():184 No submit PeriodicStats since input started.
07-13 23:35:26.737   257   257 I tombstoned: received crash request for pid 873
07-13 23:35:26.737   257   257 I tombstoned: found intercept fd 512 for pid 873 and type kDebuggerdJavaBacktrace
07-13 23:35:26.738   873   884 I rkstack.proces: Wrote stack traces to tombstoned
07-13 23:35:26.745   507  5864 I system_server: libdebuggerd_client: done dumping process 873
07-13 23:35:26.747  5795  5795 I Monkey  : :Sending Touch (ACTION_UP): 0:(70.731316,1957.0701)
07-13 23:35:26.752  5795  5795 I Monkey  : :Sending Touch (ACTION_DOWN): 0:(256.0,80.0)
07-13 23:35:26.756   507  5864 I ActivityManager: Collecting stacks for native pid 161
07-13 23:35:26.756  5795  5795 I Monkey  : :Sending Touch (ACTION_UP): 0:(262.53366,75.19095)
07-13 23:35:26.758   507  5864 I system_server: libdebuggerd_client: started dumping process 161
07-13 23:35:26.759   257   257 I tombstoned: registered intercept for pid 161 and type kDebuggerdNativeBacktrace
07-13 23:35:26.760   161   161 I libc    : Requested dump for tid 161 (Binder:161_2)
07-13 23:35:26.766  5795  5795 I Monkey  : :Sending Touch (ACTION_DOWN): 0:(836.0,418.0)
07-13 23:35:26.774  5795  5795 I Monkey  : :Sending Touch (ACTION_UP): 0:(834.1402,440.80136)
07-13 23:35:26.796  1350  1408 I PeriodicStatsRunner: PeriodicStatsRunner.call():180 call()
07-13 23:35:26.796  1350  1408 I PeriodicStatsRunner: PeriodicStatsRunner.call():184 No submit PeriodicStats since input started.
07-13 23:35:26.797  5795  5795 I Monkey  : :Sending Touch (ACTION_DOWN): 0:(489.0,322.0)
07-13 23:35:26.803  5795  5795 I Monkey  : :Sending Touch (ACTION_UP): 0:(483.18796,320.3069)
07-13 23:35:26.817  5795  5795 I Monkey  : :Sending Touch (ACTION_DOWN): 0:(82.0,1867.0)
07-13 23:35:26.832  5795  5795 I Monkey  : :Sending Touch (ACTION_UP): 0:(81.698135,1876.7268)
07-13 23:35:26.835  5795  5795 I Monkey  : :Sending Touch (ACTION_DOWN): 0:(285.0,110.0)
07-13 23:35:26.840  5795  5795 I Monkey  : :Sending Touch (ACTION_UP): 0:(290.00055,105.28953)
07-13 23:35:26.851  5795  5795 I Monkey  : :Sending Trackball (ACTION_MOVE): 0:(-1.0,-1.0)
07-13 23:35:26.917  5795  5795 I Monkey  : :Sending Touch (ACTION_DOWN): 0:(527.0,1412.0)
07-13 23:35:26.936  5795  5795 I Monkey  : :Sending Touch (ACTION_UP): 0:(537.0727,1413.0754)
07-13 23:35:26.942  5795  5795 I Monkey  : :Sending Touch (ACTION_DOWN): 0:(346.0,651.0)
07-13 23:35:26.947  5795  5795 I Monkey  : :Sending Touch (ACTION_UP): 0:(328.90445,667.54694)
07-13 23:35:26.977  5874  5874 I crash_dump32: obtaining output fd from tombstoned, type: kDebuggerdNativeBacktrace
07-13 23:35:26.977   257   257 I tombstoned: received crash request for pid 161
07-13 23:35:26.977   257   257 I tombstoned: found intercept fd 512 for pid 161 and type kDebuggerdNativeBacktrace
07-13 23:35:26.978  5874  5874 I crash_dump32: performing dump of process 161 (target tid = 161)
07-13 23:35:26.982   507   613 D InputDispatcher: Waiting to send key to Window{4d2008 u0 com.android.todolist/com.android.todolist.MainActivity} because there are unprocessed events that may cause focus to change
07-13 23:35:27.013  5795  5795 I Monkey  : :Sending Touch (ACTION_DOWN): 0:(918.0,1282.0)
07-13 23:35:27.031  5795  5795 I Monkey  : :Sending Touch (ACTION_UP): 0:(909.35913,1282.1464)
07-13 23:35:27.055  1350  1408 I PeriodicStatsRunner: PeriodicStatsRunner.call():180 call()
