07-13 23:35:14.394   507   529 D EventSequenceValidator: dec AccIntentStartedEvents to 1
07-13 23:35:14.398   712   712 V ShadeControllerImpl: NotificationShadeWindow: com.android.systemui.statusbar.phone.NotificationShadeWindowView{8847504 V.E...... .......D 0,0-1080,2220} canPanelBeCollapsed(): true
07-13 23:35:14.421   507  1548 I system_server: oneway function results will be dropped but finished with status OK and parcel size 4
07-13 23:35:14.423   507   535 I DropBoxManagerService: add tag=system_server_wtf isTagEnabled=true flags=0x2
07-13 23:35:14.438   507  1767 I system_server: oneway function results will be dropped but finished with status OK and parcel size 4
07-13 23:35:14.457   354   436 D AudioFlinger: mixer(0xf18ec030) throttle end: throttle time(48)
07-13 23:35:14.460  5795  5795 I Monkey  : :Sending Touch (ACTION_UP): 0:(492.84683,1803.7686)
07-13 23:35:14.473  5795  5795 I Monkey  : :Sending Trackball (ACTION_MOVE): 0:(2.0,1.0)
07-13 23:35:14.496  5795  5795 I Monkey  :     //[calendar_time:2021-07-13 23:35:14.496  system_uptime:1763357]
07-13 23:35:14.496  5795  5795 I Monkey  :     // Sending event #200
07-13 23:35:14.538   507  1767 I system_server: oneway function results will be dropped but finished with status OK and parcel size 4
07-13 23:35:14.545   507   529 D EventSequenceValidator: inc AccIntentStartedEvents to 2
07-13 23:35:14.548   507  1767 I ActivityTaskManager: START u0 {cmp=com.android.settings/.deviceinfo.StorageWizardInit (has extras)} from uid 10143
07-13 23:35:14.549  5795  5807 I Monkey  :     // Rejecting start of Intent { cmp=com.android.settings/.deviceinfo.StorageWizardInit } in package com.android.settings
07-13 23:35:14.554   507   529 D EventSequenceValidator: dec AccIntentStartedEvents to 1
07-13 23:35:14.564   392   392 I perfetto: ing_service_impl.cc:758 Configured tracing session 5, #sources:1, duration:5000 ms, #buffers:1, total buffer size:4096 KB, total sessions:1, uid:1071 session name: ""
07-13 23:35:14.565   388   388 I perfetto: probes_producer.cc:230  Ftrace setup (target_buf=5)
07-13 23:35:14.624  5795  5795 I Monkey  : :Sending Trackball (ACTION_MOVE): 0:(2.0,2.0)
07-13 23:35:14.596     0     0 W perfetto: enabled ftrace
07-13 23:35:14.670   388   388 I perfetto: ftrace_procfs.cc:176    enabled ftrace
07-13 23:35:14.719   712   712 V ShadeControllerImpl: NotificationShadeWindow: com.android.systemui.statusbar.phone.NotificationShadeWindowView{8847504 V.E...... .......D 0,0-1080,2220} canPanelBeCollapsed(): true
07-13 23:35:14.785   507   613 D InputDispatcher: Waiting to send key to Window{142f344 u0 com.android.todolist/com.android.todolist.MainActivity} because there are unprocessed events that may cause focus to change
07-13 23:35:14.807   507   507 D AutofillInlineSuggestionsRequestSession: onCreateInlineSuggestionsRequestLocked called: 1073741825@929206565
07-13 23:35:14.826   507  1017 D AutofillInlineSuggestionsRequestSession: onInlineSuggestionsSessionInvalidated() called.
07-13 23:35:14.879  5813  5813 E ndroid.todolis: Invalid ID 0x00000000.
07-13 23:35:14.892   507  1767 D AutofillInlineSuggestionsRequestSession: onInlineSuggestionsUnsupported() called.
07-13 23:35:14.900  5813  5813 I AssistStructure: Flattened final assist data: 3068 bytes, containing 2 windows, 25 views
07-13 23:35:14.994   507   535 W BroadcastQueue: Background execution not allowed: receiving Intent { act=android.intent.action.DROPBOX_ENTRY_ADDED flg=0x10 (has extras) } to com.google.android.gms/.stats.service.DropBoxEntryAddedReceiver
07-13 23:35:14.996   507   535 W BroadcastQueue: Background execution not allowed: receiving Intent { act=android.intent.action.DROPBOX_ENTRY_ADDED flg=0x10 (has extras) } to com.google.android.gms/.chimera.GmsIntentOperationService$PersistentTrustedReceiver
07-13 23:35:15.015  1195  1195 W kqw     : Pending fill request while another request in the same session was triggered. [CONTEXT service_id=177 ]
07-13 23:35:15.218   712   712 D StatusBar: disable<e i a s b h r c s > disable2<q i n >
07-13 23:35:15.264   712   712 V ShadeControllerImpl: NotificationShadeWindow: com.android.systemui.statusbar.phone.NotificationShadeWindowView{8847504 V.E...... .......D 0,0-1080,2220} canPanelBeCollapsed(): false
07-13 23:35:15.290   507   613 W InputDispatcher: Dispatching key to Window{142f344 u0 com.android.todolist/com.android.todolist.MainActivity} even though there are other unprocessed events
07-13 23:35:15.294   507   613 D InputDispatcher: Waiting to send key to Window{142f344 u0 com.android.todolist/com.android.todolist.MainActivity} because there are unprocessed events that may cause focus to change
07-13 23:35:15.398   712   712 D StatusBar: disable<e i a s b h r c s > disable2<q i n >
07-13 23:35:15.526  1195  1207 I .gms.persisten: Background young concurrent copying GC freed 144268(6821KB) AllocSpace objects, 0(0B) LOS objects, 37% free, 10MB/16MB, paused 21.291ms total 170.190ms
07-13 23:35:15.612   507   507 E RemoteAugmentedAutofillService: Bad service name for flags 1048704: com.google.android.as/com.google.android.apps.miphone.aiai.app.AiAiAugmentedAutofillService
07-13 23:35:15.613   507   507 D AutofillInlineSuggestionsRequestSession: onInlineSuggestionsResponseLocked called for:1073741825@929206565
07-13 23:35:15.613   507   527 D AutofillUI: destroySaveUiUiThread(): already destroyed
07-13 23:35:15.616   982   982 V InlineSuggestionRenderService: handleDestroySuggestionViews called for 0:929206565
07-13 23:35:15.742  1350  1408 I PeriodicStatsRunner: PeriodicStatsRunner.call():180 call()
07-13 23:35:15.742  1350  1408 I PeriodicStatsRunner: PeriodicStatsRunner.call():184 No submit PeriodicStats since input started.
07-13 23:35:15.800   507   613 W InputDispatcher: Dispatching key to Window{142f344 u0 com.android.todolist/com.android.todolist.MainActivity} even though there are other unprocessed events
07-13 23:35:15.805  5795  5795 I Monkey  : :Sending Touch (ACTION_DOWN): 0:(37.0,1743.0)
07-13 23:35:15.812  5795  5795 I Monkey  : :Sending Touch (ACTION_UP): 0:(43.450096,1761.4614)
07-13 23:35:15.823   507   613 D InputDispatcher: Waiting to send key to Window{142f344 u0 com.android.todolist/com.android.todolist.MainActivity} because there are unprocessed events that may cause focus to change
07-13 23:35:15.824  1350  1408 I PeriodicStatsRunner: PeriodicStatsRunner.call():180 call()
07-13 23:35:15.828  1350  1408 I PeriodicStatsRunner: PeriodicStatsRunner.call():184 No submit PeriodicStats since input started.
07-13 23:35:15.858   507   613 W InputDispatcher: Waiting because no window has focus but ActivityRecord{dd05363 u0 com.android.todolist/.MainActivity t19} may eventually add a window when it finishes starting up. Will wait for 5000ms
07-13 23:35:15.858   507   613 W InputDispatcher: Still no focused window. Will drop the event in 4999ms
07-13 23:35:15.873   507   613 W InputDispatcher: Still no focused window. Will drop the event in 4984ms
07-13 23:35:15.873   507   613 W InputDispatcher: Still no focused window. Will drop the event in 4984ms
07-13 23:35:15.874  5813  5813 W InputEventReceiver: Attempted to finish an input event but the input event receiver has already been disposed.
07-13 23:35:16.324   507   613 W InputDispatcher: Dispatching key to Window{4d2008 u0 com.android.todolist/com.android.todolist.MainActivity} even though there are other unprocessed events
07-13 23:35:16.329   507   613 D InputDispatcher: Waiting to send key to Window{4d2008 u0 com.android.todolist/com.android.todolist.MainActivity} because there are unprocessed events that may cause focus to change
07-13 23:35:16.831   507   613 W InputDispatcher: Dispatching key to Window{4d2008 u0 com.android.todolist/com.android.todolist.MainActivity} even though there are other unprocessed events
07-13 23:35:16.833  5795  5795 I Monkey  : :Sending Touch (ACTION_DOWN): 0:(875.0,305.0)
07-13 23:35:16.838  5795  5795 I Monkey  : :Sending Touch (ACTION_UP): 0:(886.0733,297.95993)
07-13 23:35:16.850   507   613 D InputDispatcher: Waiting to send key to Window{4d2008 u0 com.android.todolist/com.android.todolist.MainActivity} because there are unprocessed events that may cause focus to change
07-13 23:35:17.350   507   613 W InputDispatcher: Dispatching key to Window{4d2008 u0 com.android.todolist/com.android.todolist.MainActivity} even though there are other unprocessed events
07-13 23:35:17.354   507   613 D InputDispatcher: Waiting to send key to Window{4d2008 u0 com.android.todolist/com.android.todolist.MainActivity} because there are unprocessed events that may cause focus to change
07-13 23:35:17.478   507  1548 I system_server: oneway function results will be dropped but finished with status OK and parcel size 4
07-13 23:35:17.855   507   613 W InputDispatcher: Dispatching key to Window{4d2008 u0 com.android.todolist/com.android.todolist.MainActivity} even though there are other unprocessed events
07-13 23:35:17.858  5795  5795 I Monkey  : :Sending Touch (ACTION_DOWN): 0:(436.0,1347.0)
07-13 23:35:17.868  5795  5795 I Monkey  : :Sending Touch (ACTION_UP): 0:(439.91968,1345.1154)
07-13 23:35:17.872  5795  5795 I Monkey  : :Sending Touch (ACTION_DOWN): 0:(356.0,1230.0)
07-13 23:35:17.876  5795  5795 I Monkey  : :Sending Touch (ACTION_UP): 0:(339.90134,1242.6675)
07-13 23:35:17.880  5795  5795 I Monkey  : :Sending Touch (ACTION_DOWN): 0:(520.0,872.0)
07-13 23:35:17.893  5795  5795 I Monkey  : :Sending Touch (ACTION_UP): 0:(510.36923,873.5061)
07-13 23:35:17.907  5795  5795 I Monkey  : :Sending Touch (ACTION_DOWN): 0:(417.0,1177.0)
07-13 23:35:17.917  5795  5795 I Monkey  : :Sending Touch (ACTION_UP): 0:(416.73975,1190.9117)
07-13 23:35:17.932   507   613 D InputDispatcher: Waiting to send key to Window{4d2008 u0 com.android.todolist/com.android.todolist.MainActivity} because there are unprocessed events that may cause focus to change
07-13 23:35:18.435   507   613 W InputDispatcher: Dispatching key to Window{4d2008 u0 com.android.todolist/com.android.todolist.MainActivity} even though there are other unprocessed events
07-13 23:35:18.437   507   613 D InputDispatcher: Waiting to send key to Window{4d2008 u0 com.android.todolist/com.android.todolist.MainActivity} because there are unprocessed events that may cause focus to change
07-13 23:35:18.939   507   613 W InputDispatcher: Dispatching key to Window{4d2008 u0 com.android.todolist/com.android.todolist.MainActivity} even though there are other unprocessed events
07-13 23:35:18.940  5795  5795 I Monkey  : :Sending Touch (ACTION_DOWN): 0:(287.0,1919.0)
07-13 23:35:18.949  5795  5795 I Monkey  : :Sending Touch (ACTION_UP): 0:(265.90115,1924.9131)
07-13 23:35:18.954  5795  5795 I Monkey  : :Sending Touch (ACTION_DOWN): 0:(779.0,668.0)
07-13 23:35:18.958  5795  5795 I Monkey  : :Sending Touch (ACTION_UP): 0:(778.871,666.98267)
07-13 23:35:18.963  5795  5795 I Monkey  : :Sending Touch (ACTION_DOWN): 0:(694.0,900.0)
07-13 23:35:18.969  5795  5795 I Monkey  : :Sending Touch (ACTION_UP): 0:(701.2305,900.0037)
07-13 23:35:18.972  5795  5795 I Monkey  : :Sending Touch (ACTION_DOWN): 0:(820.0,1456.0)
07-13 23:35:18.981  5795  5795 I Monkey  : :Sending Touch (ACTION_UP): 0:(809.2487,1453.2637)
07-13 23:35:18.988  5795  5795 I Monkey  : :Sending Touch (ACTION_DOWN): 0:(63.0,908.0)
07-13 23:35:18.994  5795  5795 I Monkey  : :Sending Touch (ACTION_UP): 0:(68.62666,903.7977)
07-13 23:35:19.042  5795  5795 I Monkey  : :Sending Touch (ACTION_DOWN): 0:(261.0,174.0)
07-13 23:35:19.053  5795  5795 I Monkey  : :Sending Touch (ACTION_UP): 0:(271.32056,179.64804)
07-13 23:35:19.073  5795  5795 I Monkey  : :Sending Touch (ACTION_DOWN): 0:(967.0,2064.0)
07-13 23:35:19.078  5795  5795 I Monkey  : :Sending Touch (ACTION_UP): 0:(961.17914,2052.1738)
07-13 23:35:19.091  5795  5795 I Monkey  : :Sending Touch (ACTION_DOWN): 0:(634.0,496.0)
07-13 23:35:19.100  5795  5795 I Monkey  : :Sending Touch (ACTION_UP): 0:(612.7805,495.0868)
07-13 23:35:19.104  5795  5795 I Monkey  : :Sending Touch (ACTION_DOWN): 0:(378.0,1072.0)
07-13 23:35:19.183  5795  5795 I Monkey  : :Sending Touch (ACTION_UP): 0:(283.20032,1015.98865)
07-13 23:35:19.198   507   613 D InputDispatcher: Waiting to send key to Window{4d2008 u0 com.android.todolist/com.android.todolist.MainActivity} because there are unprocessed events that may cause focus to change
07-13 23:35:19.267   440   440 E netmgr  : qemu_pipe_open_ns:62: Could not connect to the 'pipe:qemud:network' service: Invalid argument
07-13 23:35:19.267   440   440 E netmgr  : Failed to open QEMU pipe 'qemud:network': Invalid argument
07-13 23:35:19.308   449   449 E wifi_forwarder: qemu_pipe_open_ns:62: Could not connect to the 'pipe:qemud:wififorward' service: Invalid argument
07-13 23:35:19.308   449   449 E wifi_forwarder: RemoteConnection failed to initialize: RemoteConnection failed to open pipe
07-13 23:35:19.485   507   613 I WindowManager: Input event dispatching timed out sending to NotificationShade.  Reason: 3a1496c NotificationShade (server) is not responding. Waited 5001ms for MotionEvent(deviceId=-1, source=0x00010004, displayId=0, action=MOVE, actionButton=0x00000000, flags=0x00000000, metaState=0x00000000, buttonState=0x00000000, classification=NONE, edgeFlags=0x00000000, xPrecision=1.0, yPrecision=1.0, xCursorPosition=nan, yCursorPosition=nan, pointers=[0: (2.0, 1.0)]), policyFlags=0x6b000000
07-13 23:35:19.574   388   388 I perfetto: probes_producer.cc:329  Producer stop (id=5)
07-13 23:35:19.578   392   392 I perfetto: ng_service_impl.cc:1948 Tracing session 5 ended, total sessions:0
07-13 23:35:19.539     0     0 W perfetto: disabled ftrace
07-13 23:35:19.578   388   388 I perfetto: ftrace_procfs.cc:183    disabled ftrace
07-13 23:35:19.652  1350  1408 I PeriodicStatsRunner: PeriodicStatsRunner.call():180 call()
07-13 23:35:19.652  1350  1408 I PeriodicStatsRunner: PeriodicStatsRunner.call():184 No submit PeriodicStats since input started.
07-13 23:35:19.917  1350  1408 I PeriodicStatsRunner: PeriodicStatsRunner.call():180 call()
07-13 23:35:19.918  1350  1408 I PeriodicStatsRunner: PeriodicStatsRunner.call():184 No submit PeriodicStats since input started.
07-13 23:35:19.991   507   613 D WindowManager: notifyANR took 515ms
07-13 23:35:19.991   507   613 W InputDispatcher: Canceling events for 3a1496c NotificationShade (server) because it is unresponsive
07-13 23:35:20.010   507   613 D InputDispatcher: Waiting to send key to Window{4d2008 u0 com.android.todolist/com.android.todolist.MainActivity} because there are unprocessed events that may cause focus to change
07-13 23:35:20.067   507  5864 I ActivityManager: dumpStackTraces pids={694=true, 982=true, 1055=true, 1195=true, 1272=true, 1442=true, 1461=true, 1481=true, 1562=true, 1935=true, 2300=true, 2720=true, 3043=true, 3523=true, 3848=true, 4817=true, 5065=true, 5265=true, 5375=true, 5397=true, 5418=true, 5465=true, 5534=true, 5556=true, 5660=true, 5742=true, 5813=true} nativepids=[161, 262, 263, 344, 354, 395, 396, 408, 410, 413, 420, 426, 694]
07-13 23:35:20.086  5795  5795 I Monkey  : :Sending Touch (ACTION_DOWN): 0:(1060.0,948.0)
07-13 23:35:20.104  5795  5795 I Monkey  : :Sending Touch (ACTION_UP): 0:(1059.6808,938.91595)
07-13 23:35:20.112  5795  5795 I Monkey  : :Sending Touch (ACTION_DOWN): 0:(24.0,1544.0)
07-13 23:35:20.115  5795  5795 I Monkey  : :Sending Touch (ACTION_UP): 0:(32.75108,1562.4122)
07-13 23:35:20.118  5795  5795 I Monkey  : :Sending Trackball (ACTION_MOVE): 0:(-1.0,4.0)
07-13 23:35:20.137  5795  5795 I Monkey  : :Sending Touch (ACTION_DOWN): 0:(486.0,827.0)
07-13 23:35:20.140  5795  5795 I Monkey  : :Sending Touch (ACTION_UP): 0:(499.78174,829.0784)
07-13 23:35:20.149  5795  5795 I Monkey  : :Sending Touch (ACTION_DOWN): 0:(799.0,536.0)
07-13 23:35:20.152  5795  5795 I Monkey  : :Sending Touch (ACTION_UP): 0:(807.515,534.7569)
07-13 23:35:20.154  5795  5795 I Monkey  : :Sending Touch (ACTION_DOWN): 0:(131.0,515.0)
07-13 23:35:20.168  5795  5795 I Monkey  : :Sending Touch (ACTION_UP): 0:(123.51923,516.5692)
07-13 23:35:20.212  5795  5795 I Monkey  : :Sending Touch (ACTION_DOWN): 0:(451.0,1566.0)
07-13 23:35:20.223  5795  5795 I Monkey  : :Sending Touch (ACTION_UP): 0:(431.96695,1587.6735)
07-13 23:35:20.227  5795  5795 I Monkey  : :Switch: #Intent;action=android.intent.action.MAIN;category=android.intent.category.LAUNCHER;launchFlags=0x10200000;component=com.android.todolist/.MainActivity;end
07-13 23:35:20.232   507   529 D EventSequenceValidator: inc AccIntentStartedEvents to 2
07-13 23:35:20.238   507  1522 I ActivityTaskManager: START u0 {act=android.intent.action.MAIN cat=[android.intent.category.LAUNCHER] flg=0x10200000 cmp=com.android.todolist/.MainActivity} from uid 2000
07-13 23:35:20.248  5795  5795 I Monkey  :     // Allowing start of Intent { act=android.intent.action.MAIN cat=[android.intent.category.LAUNCHER] cmp=com.android.todolist/.MainActivity } in package com.android.todolist
07-13 23:35:20.286  5795  5795 I Monkey  : :Sending Touch (ACTION_DOWN): 0:(229.0,996.0)
07-13 23:35:20.298   507   529 D EventSequenceValidator: dec AccIntentStartedEvents to 1
07-13 23:35:20.317  5795  5795 I Monkey  : :Sending Touch (ACTION_UP): 0:(219.97397,997.1617)
07-13 23:35:20.344  5795  5795 I Monkey  : :Sending Touch (ACTION_DOWN): 0:(959.0,1874.0)
07-13 23:35:20.357  5795  5795 I Monkey  : :Sending Touch (ACTION_UP): 0:(954.2304,1872.0255)
07-13 23:35:20.406  5795  5795 I Monkey  : :Sending Touch (ACTION_DOWN): 0:(910.0,1835.0)
07-13 23:35:20.417  5795  5795 I Monkey  : :Sending Touch (ACTION_UP): 0:(911.4178,1840.1798)
07-13 23:35:20.452  5795  5795 I Monkey  : :Sending Touch (ACTION_DOWN): 0:(774.0,1136.0)
07-13 23:35:20.458  5795  5795 I Monkey  : :Sending Touch (ACTION_UP): 0:(776.6445,1120.6882)
07-13 23:35:20.470   507   613 D InputDispatcher: Waiting to send key to Window{4d2008 u0 com.android.todolist/com.android.todolist.MainActivity} because there are unprocessed events that may cause focus to change
07-13 23:35:20.487  5795  5795 I Monkey  : :Sending Touch (ACTION_DOWN): 0:(700.0,1084.0)
07-13 23:35:20.503  5795  5795 I Monkey  :     //[calendar_time:2021-07-13 23:35:20.500  system_uptime:1769364]
07-13 23:35:20.503  5795  5795 I Monkey  :     // Sending event #300
07-13 23:35:20.504  5795  5795 I Monkey  : :Sending Touch (ACTION_UP): 0:(695.5999,1089.3289)
07-13 23:35:20.518  5795  5795 I Monkey  : :Sending Touch (ACTION_DOWN): 0:(318.0,1391.0)
07-13 23:35:20.536  5795  5795 I Monkey  : :Sending Touch (ACTION_UP): 0:(318.95465,1401.4431)
07-13 23:35:20.546  5795  5795 I Monkey  : :Sending Touch (ACTION_DOWN): 0:(972.0,881.0)
07-13 23:35:20.566  5795  5795 I Monkey  : :Sending Touch (ACTION_UP): 0:(956.41125,881.98096)
07-13 23:35:20.619  5795  5795 I Monkey  : :Sending Touch (ACTION_DOWN): 0:(784.0,990.0)
07-13 23:35:20.629  5795  5795 I Monkey  : :Sending Touch (ACTION_UP): 0:(790.2842,991.3553)
07-13 23:35:20.640  5795  5795 I Monkey  : :Sending Touch (ACTION_DOWN): 0:(733.0,2043.0)
07-13 23:35:20.663  5795  5795 I Monkey  : :Sending Touch (ACTION_UP): 0:(709.6841,2031.906)
07-13 23:35:20.694  5795  5795 I Monkey  : :Sending Touch (ACTION_DOWN): 0:(833.0,815.0)
07-13 23:35:20.709  5795  5795 I Monkey  : :Sending Touch (ACTION_UP): 0:(831.54565,815.8311)
07-13 23:35:20.742  5795  5795 I Monkey  : :Sending Touch (ACTION_DOWN): 0:(873.0,721.0)
07-13 23:35:20.755  5795  5795 I Monkey  : :Sending Touch (ACTION_UP): 0:(872.27045,718.53326)
07-13 23:35:20.761  5795  5795 I Monkey  : :Sending Touch (ACTION_DOWN): 0:(536.0,1121.0)
07-13 23:35:20.776  5795  5795 I Monkey  : :Sending Touch (ACTION_UP): 0:(528.9801,1121.769)
07-13 23:35:20.793  5795  5795 I Monkey  : :Sending Touch (ACTION_DOWN): 0:(900.0,1955.0)
07-13 23:35:20.820  5795  5795 I Monkey  : :Sending Touch (ACTION_UP): 0:(917.7654,1970.0729)
07-13 23:35:20.841  5795  5795 I Monkey  : :Sending Touch (ACTION_DOWN): 0:(301.0,1650.0)
07-13 23:35:20.891   507  1767 I system_server: oneway function results will be dropped but finished with status OK and parcel size 4
07-13 23:35:20.897   507  1767 I system_server: oneway function results will be dropped but finished with status OK and parcel size 4
07-13 23:35:20.919   354   436 D AudioFlinger: mixer(0xf18ec030) throttle end: throttle time(20)
07-13 23:35:20.964  5795  5795 I Monkey  : :Sending Touch (ACTION_UP): 0:(337.7273,1669.1283)
07-13 23:35:20.971  1350  1408 I PeriodicStatsRunner: PeriodicStatsRunner.call():180 call()
07-13 23:35:20.972  1350  1408 I PeriodicStatsRunner: PeriodicStatsRunner.call():184 No submit PeriodicStats since input started.
07-13 23:35:20.995  5795  5795 I Monkey  : :Sending Touch (ACTION_DOWN): 0:(595.0,215.0)
07-13 23:35:21.038   507  1548 I system_server: oneway function results will be dropped but finished with status OK and parcel size 4
07-13 23:35:21.057  5795  5795 I Monkey  : :Sending Touch (ACTION_UP): 0:(603.7129,220.68146)
07-13 23:35:21.062  5795  5795 I Monkey  : :Sending Touch (ACTION_DOWN): 0:(633.0,1957.0)
07-13 23:35:21.067  5795  5795 I Monkey  : :Sending Touch (ACTION_UP): 0:(629.15564,1962.0881)
07-13 23:35:21.082  5795  5795 I Monkey  : :Sending Touch (ACTION_DOWN): 0:(996.0,1389.0)
07-13 23:35:21.098  5795  5795 I Monkey  : :Sending Touch (ACTION_UP): 0:(988.73505,1389.0979)
07-13 23:35:21.113  5795  5795 I Monkey  : :Sending Touch (ACTION_DOWN): 0:(579.0,611.0)
07-13 23:35:21.138  5795  5795 I Monkey  : :Sending Touch (ACTION_UP): 0:(586.84705,606.06116)
07-13 23:35:21.201  5795  5795 I Monkey  : :Sending Trackball (ACTION_MOVE): 0:(3.0,-2.0)
07-13 23:35:21.202   507   613 W InputDispatcher: Waiting because no window has focus but ActivityRecord{dd05363 u0 com.android.todolist/.MainActivity t19} may eventually add a window when it finishes starting up. Will wait for 5000ms
07-13 23:35:21.203   507   613 W InputDispatcher: Still no focused window. Will drop the event in 4998ms
07-13 23:35:21.203   507   613 W InputDispatcher: Still no focused window. Will drop the event in 4998ms
07-13 23:35:21.256   507   613 W InputDispatcher: Still no focused window. Will drop the event in 4945ms
07-13 23:35:21.261   285   328 D goldfish-address-space: claimShared: Ask to claim region [0x3f76e4000 0x3f7a6c000]
07-13 23:35:21.318   507   613 W InputDispatcher: Still no focused window. Will drop the event in 4883ms
07-13 23:35:21.334   285   328 D goldfish-address-space: claimShared: Ask to claim region [0x3f7a6c000 0x3f7df4000]
07-13 23:35:21.347   285   328 D goldfish-address-space: claimShared: Ask to claim region [0x3f4000000 0x3f4388000]
07-13 23:35:21.409   507   613 W InputDispatcher: Still no focused window. Will drop the event in 4792ms
07-13 23:35:21.420   507   613 W InputDispatcher: Still no focused window. Will drop the event in 4781ms
07-13 23:35:21.436   507   613 W InputDispatcher: Still no focused window. Will drop the event in 4765ms
07-13 23:35:21.533   507   529 W system_server: Long monitor contention with owner android.anim (530) at void com.android.server.wm.WindowSurfacePlacer$Traverser.run()(WindowSurfacePlacer.java:59) waiters=0 in void com.android.server.wm.WindowManagerService$H.handleMessage(android.os.Message) for 108ms
07-13 23:35:21.540   507   613 W InputDispatcher: Still no focused window. Will drop the event in 4661ms
07-13 23:35:21.708   507   507 D AutofillInlineSuggestionsRequestSession: onCreateInlineSuggestionsRequestLocked called: 1073741849@1214622199
07-13 23:35:21.734   507  1522 D AutofillInlineSuggestionsRequestSession: onInlineSuggestionsSessionInvalidated() called.
07-13 23:35:21.540   507   613 W InputDispatcher: Still no focused window. Will drop the event in 4661ms
07-13 23:35:21.749  5795  5795 I Monkey  : :Sending Touch (ACTION_DOWN): 0:(429.0,1432.0)
07-13 23:35:21.758  5795  5795 I Monkey  : :Sending Touch (ACTION_UP): 0:(418.1706,1434.9052)
07-13 23:35:21.770  5813  5813 E ndroid.todolis: Invalid ID 0x00000000.
07-13 23:35:21.780  5795  5795 I Monkey  : :Sending Touch (ACTION_DOWN): 0:(206.0,1200.0)
07-13 23:35:21.790  5795  5795 I Monkey  : :Sending Touch (ACTION_UP): 0:(211.37834,1219.0654)
07-13 23:35:21.808  5795  5795 I Monkey  : :Sending Touch (ACTION_DOWN): 0:(1050.0,1350.0)
07-13 23:35:21.817   507  1017 D AutofillInlineSuggestionsRequestSession: onInlineSuggestionsUnsupported() called.
07-13 23:35:21.823  5813  5813 I AssistStructure: Flattened final assist data: 3068 bytes, containing 2 windows, 25 views
07-13 23:35:21.832  5795  5795 I Monkey  : :Sending Touch (ACTION_UP): 0:(1049.5231,1358.8441)
07-13 23:35:21.839  5795  5795 I Monkey  : :Sending Touch (ACTION_DOWN): 0:(992.0,558.0)
07-13 23:35:21.851  5795  5795 I Monkey  : :Sending Touch (ACTION_UP): 0:(981.49445,571.1705)
07-13 23:35:21.855  1195  1195 W kqw     : Pending fill request while another request in the same session was triggered. [CONTEXT service_id=177 ]
07-13 23:35:21.866   507   613 W InputDispatcher: Window Window{8338b6e u0 com.android.todolist/com.android.todolist.MainActivity} already unregistered input channel
07-13 23:35:21.902  5813  5813 W InputEventReceiver: Attempted to finish an input event but the input event receiver has already been disposed.
07-13 23:35:21.903  5813  5813 W ViewRootImpl[MainActivity]: Dropping event due to root view being removed: MotionEvent { action=ACTION_DOWN, actionButton=0, id[0]=0, x[0]=178.0, y[0]=421.0, toolType[0]=TOOL_TYPE_UNKNOWN, buttonState=0, classification=NONE, metaState=0, flags=0x0, edgeFlags=0x0, pointerCount=1, historySize=0, eventTime=1770641, downTime=1770641, deviceId=-1, source=0x1002, displayId=0 }
07-13 23:35:21.905  5813  5813 W ViewRootImpl[MainActivity]: Dropping event due to root view being removed: MotionEvent { action=ACTION_UP, actionButton=0, id[0]=0, x[0]=183.37834, y[0]=440.06543, toolType[0]=TOOL_TYPE_UNKNOWN, buttonState=0, classification=NONE, metaState=0, flags=0x0, edgeFlags=0x0, pointerCount=1, historySize=0, eventTime=1770650, downTime=1770641, deviceId=-1, source=0x1002, displayId=0 }
07-13 23:35:21.907  5813  5813 W ViewRootImpl[MainActivity]: Dropping event due to root view being removed: MotionEvent { action=ACTION_DOWN, actionButton=0, id[0]=0, x[0]=1022.0, y[0]=571.0, toolType[0]=TOOL_TYPE_UNKNOWN, buttonState=0, classification=NONE, metaState=0, flags=0x0, edgeFlags=0x0, pointerCount=1, historySize=0, eventTime=1770669, downTime=1770667, deviceId=-1, source=0x1002, displayId=0 }
07-13 23:35:21.916  5813  5813 W ViewRootImpl[MainActivity]: Dropping event due to root view being removed: MotionEvent { action=ACTION_UP, actionButton=0, id[0]=0, x[0]=1021.5231, y[0]=579.8441, toolType[0]=TOOL_TYPE_UNKNOWN, buttonState=0, classification=NONE, metaState=0, flags=0x0, edgeFlags=0x0, pointerCount=1, historySize=0, eventTime=1770684, downTime=1770667, deviceId=-1, source=0x1002, displayId=0 }
07-13 23:35:21.917  5813  5813 W ViewRootImpl[MainActivity]: Dropping event due to root view being removed: MotionEvent { action=ACTION_DOWN, actionButton=0, id[0]=0, x[0]=964.0, y[0]=-221.0, toolType[0]=TOOL_TYPE_UNKNOWN, buttonState=0, classification=NONE, metaState=0, flags=0x0, edgeFlags=0x0, pointerCount=1, historySize=0, eventTime=1770700, downTime=1770699, deviceId=-1, source=0x1002, displayId=0 }
07-13 23:35:21.924  5813  5813 W ViewRootImpl[MainActivity]: Dropping event due to root view being removed: MotionEvent { action=ACTION_MOVE, actionButton=0, id[0]=0, x[0]=-3.0, y[0]=-2.0, toolType[0]=TOOL_TYPE_UNKNOWN, buttonState=0, classification=NONE, metaState=0, flags=0x0, edgeFlags=0x0, pointerCount=1, historySize=2, eventTime=1770597, downTime=-1, deviceId=-1, source=0x10004, displayId=0 }
07-13 23:35:21.925  5813  5813 W ViewRootImpl[MainActivity]: Dropping event due to root view being removed: KeyEvent { action=ACTION_MULTIPLE, keyCode=KEYCODE_DPAD_UP, scanCode=0, metaState=0, flags=0x400, repeatCount=13, eventTime=1770590, downTime=1770590, deviceId=-1, source=0x101, displayId=-1 }
07-13 23:35:21.925  5813  5813 W ViewRootImpl[MainActivity]: Dropping event due to root view being removed: KeyEvent { action=ACTION_DOWN, keyCode=KEYCODE_DPAD_UP, scanCode=0, metaState=0, flags=0x400, repeatCount=0, eventTime=1770590, downTime=1770590, deviceId=-1, source=0x101, displayId=-1 }
07-13 23:35:21.926  5813  5813 W ViewRootImpl[MainActivity]: Dropping event due to root view being removed: KeyEvent { action=ACTION_UP, keyCode=KEYCODE_DPAD_UP, scanCode=0, metaState=0, flags=0x400, repeatCount=0, eventTime=1770590, downTime=1770590, deviceId=-1, source=0x101, displayId=-1 }
07-13 23:35:21.919  5813  5813 I chatty  : uid=10156(com.android.todolist) identical 5 lines
07-13 23:35:21.926  5813  5813 W InputEventReceiver: Attempted to finish an input event but the input event receiver has already been disposed.
07-13 23:35:21.937   507  1017 W InputDispatcher: Excessive delay in interceptKeyBeforeQueueing; took 62 ms
07-13 23:35:21.950   507   507 E RemoteAugmentedAutofillService: Bad service name for flags 1048704: com.google.android.as/com.google.android.apps.miphone.aiai.app.AiAiAugmentedAutofillService
07-13 23:35:21.956   507   527 D AutofillUI: destroySaveUiUiThread(): already destroyed
07-13 23:35:21.956   507   507 D AutofillInlineSuggestionsRequestSession: onInlineSuggestionsResponseLocked called for:1073741849@1214622199
07-13 23:35:21.958   982   982 V InlineSuggestionRenderService: handleDestroySuggestionViews called for 0:1214622199
07-13 23:35:22.042   507   613 D InputDispatcher: Waiting to send key to Window{4d2008 u0 com.android.todolist/com.android.todolist.MainActivity} because there are unprocessed events that may cause focus to change
07-13 23:35:22.080   507  1624 D MediaSessionService: dispatchVolumeKeyEvent, pkg=com.android.todolist, opPkg=com.android.todolist, pid=5813, uid=10156, asSystem=true, event=KeyEvent { action=ACTION_DOWN, keyCode=KEYCODE_VOLUME_DOWN, scanCode=0, metaState=0, flags=0x8, repeatCount=0, eventTime=1770735, downTime=1770735, deviceId=-1, source=0x101, displayId=-1 }, stream=-2147483648, musicOnly=false
07-13 23:35:22.081   507  1624 D MediaSessionService: Adjusting suggestedStream=-2147483648 by -1. flags=4113, preferSuggestedStream=false, session=null
07-13 23:35:22.090  5795  5795 I Monkey  : :Sending Touch (ACTION_DOWN): 0:(587.0,705.0)
07-13 23:35:22.094   507  1017 D MediaSessionService: dispatchVolumeKeyEvent, pkg=com.android.todolist, opPkg=com.android.todolist, pid=5813, uid=10156, asSystem=true, event=KeyEvent { action=ACTION_UP, keyCode=KEYCODE_VOLUME_DOWN, scanCode=0, metaState=0, flags=0x8, repeatCount=0, eventTime=1770896, downTime=1770896, deviceId=-1, source=0x101, displayId=-1 }, stream=-2147483648, musicOnly=false
07-13 23:35:22.094   507  1017 D MediaSessionService: Adjusting suggestedStream=-2147483648 by 0. flags=4116, preferSuggestedStream=false, session=null
07-13 23:35:22.109   712  1064 I vol.Events: writeEvent active_stream_changed STREAM_MUSIC
07-13 23:35:22.111  5795  5795 I Monkey  : :Sending Touch (ACTION_UP): 0:(590.21533,698.1149)
07-13 23:35:22.116  5795  5795 I Monkey  : :Sending Touch (ACTION_DOWN): 0:(848.0,52.0)
07-13 23:35:22.129  5795  5795 I Monkey  : :Sending Touch (ACTION_UP): 0:(849.4492,53.534615)
07-13 23:35:22.154   507   613 D InputDispatcher: Waiting to send key to Window{4d2008 u0 com.android.todolist/com.android.todolist.MainActivity} because there are unprocessed events that may cause focus to change
07-13 23:35:22.159   712  1064 I vol.Events: writeEvent key STREAM_MUSIC 5
07-13 23:35:22.225   712   712 D StatusBar: disable<e i a s b h r c s > disable2<q i n >
07-13 23:35:22.258   285   328 D goldfish-address-space: claimShared: Ask to claim region [0x3f4000000 0x3f4926000]
07-13 23:35:22.318  5795  5795 I Monkey  : :Sending Touch (ACTION_DOWN): 0:(699.0,511.0)
07-13 23:35:22.329  5795  5795 I Monkey  : :Sending Touch (ACTION_UP): 0:(706.9759,515.8949)
07-13 23:35:22.330   285   328 D goldfish-address-space: claimShared: Ask to claim region [0x3f4926000 0x3f524c000]
07-13 23:35:22.349  5795  5795 I Monkey  : :Sending Touch (ACTION_DOWN): 0:(7.0,493.0)
07-13 23:35:22.381  5795  5795 I Monkey  : :Sending Touch (ACTION_UP): 0:(6.9085007,501.7049)
07-13 23:35:22.491   507   613 D InputDispatcher: Waiting to send key to Window{4d2008 u0 com.android.todolist/com.android.todolist.MainActivity} because there are unprocessed events that may cause focus to change
07-13 23:35:22.508   507   613 D InputDispatcher: Waiting to send key to Window{4d2008 u0 com.android.todolist/com.android.todolist.MainActivity} because there are unprocessed events that may cause focus to change
07-13 23:35:22.509   285   328 D goldfish-address-space: claimShared: Ask to claim region [0x3f524c000 0x3f5b72000]
07-13 23:35:22.547  3523  3535 W ssioncontrolle: Suspending all threads took: 9.713ms
07-13 23:35:22.559   507  5864 I ActivityManager: Skipping next CPU consuming process, not a java proc: 507
07-13 23:35:22.559   507  5864 I ActivityManager: Skipping next CPU consuming process, not a java proc: 344
07-13 23:35:22.559   507  5864 I ActivityManager: Skipping next CPU consuming process, not a java proc: 286
07-13 23:35:22.559   507  5864 I ActivityManager: Skipping next CPU consuming process, not a java proc: 271
07-13 23:35:22.559   507  5864 I ActivityManager: Skipping next CPU consuming process, not a java proc: 354
07-13 23:35:22.559   507  5864 I ActivityManager: Skipping next CPU consuming process, not a java proc: 363
07-13 23:35:22.559   507  5864 I ActivityManager: Skipping next CPU consuming process, not a java proc: 269
07-13 23:35:22.559   507  5864 I ActivityManager: Skipping next CPU consuming process, not a java proc: 285
07-13 23:35:22.559   507  5864 I ActivityManager: Skipping next CPU consuming process, not a java proc: 712
07-13 23:35:22.559   507  5864 I ActivityManager: Skipping next CPU consuming process, not a java proc: 350
07-13 23:35:22.559   507  5864 I ActivityManager: Skipping next CPU consuming process, not a java proc: 5795
07-13 23:35:22.559   507  5864 I ActivityManager: Skipping next CPU consuming process, not a java proc: 148
07-13 23:35:22.559   507  5864 I ActivityManager: Skipping next CPU consuming process, not a java proc: 312
07-13 23:35:22.559   507  5864 I ActivityManager: Skipping next CPU consuming process, not a java proc: 1350
07-13 23:35:22.559   507  5864 I ActivityManager: Skipping next CPU consuming process, not a java proc: 10
07-13 23:35:22.559   507  5864 I ActivityManager: Skipping next CPU consuming process, not a java proc: 149
07-13 23:35:22.559   507  5864 I ActivityManager: Skipping next CPU consuming process, not a java proc: 262
07-13 23:35:22.559   507  5864 I ActivityManager: Skipping next CPU consuming process, not a java proc: 337
07-13 23:35:22.560   507  5864 I ActivityManager: Skipping next CPU consuming process, not a java proc: 392
07-13 23:35:22.572  5795  5795 I Monkey  : :Sending Touch (ACTION_DOWN): 0:(551.0,414.0)
07-13 23:35:22.576   507  5864 I ActivityManager: Skipping next CPU consuming process, not a java proc: 5853
07-13 23:35:22.577   507   613 W InputDispatcher: Unresponsive window Window{3a1496c u0 NotificationShade} will not get the new gesture at 1771418000000
07-13 23:35:22.577   507   613 I InputDispatcher: Dropping event because there is no touchable window or gesture monitor at (551, 414) in display 0.
07-13 23:35:22.577   507  1624 W InputManager: Input event injection from pid 5795 failed.
07-13 23:35:22.579   712   712 I vol.Events: writeEvent show_dialog volume_changed keyguard=false
07-13 23:35:22.589   712   712 D StatusBar: disable<e i a s b h r c s > disable2<q i n >
07-13 23:35:22.598   712  1064 E vol.VolumeDialogControl: isCaptionsServiceEnabled failed to check for captions component
07-13 23:35:22.598   712  1064 E vol.VolumeDialogControl: java.lang.IllegalArgumentException: Unknown component: ComponentInfo{com.google.android.as/com.google.android.apps.miphone.aiai.captions.CaptionsService}
07-13 23:35:22.598   712  1064 E vol.VolumeDialogControl: 	at android.os.Parcel.createExceptionOrNull(Parcel.java:2377)
07-13 23:35:22.598   712  1064 E vol.VolumeDialogControl: 	at android.os.Parcel.createException(Parcel.java:2357)
07-13 23:35:22.598   712  1064 E vol.VolumeDialogControl: 	at android.os.Parcel.readException(Parcel.java:2340)
07-13 23:35:22.598   712  1064 E vol.VolumeDialogControl: 	at android.os.Parcel.readException(Parcel.java:2282)
07-13 23:35:22.598   712  1064 E vol.VolumeDialogControl: 	at android.content.pm.IPackageManager$Stub$Proxy.getComponentEnabledSetting(IPackageManager.java:6804)
07-13 23:35:22.598   712  1064 E vol.VolumeDialogControl: 	at android.app.ApplicationPackageManager.getComponentEnabledSetting(ApplicationPackageManager.java:2723)
07-13 23:35:22.598   712  1064 E vol.VolumeDialogControl: 	at com.android.systemui.volume.VolumeDialogControllerImpl.onGetCaptionsComponentStateW(VolumeDialogControllerImpl.java:441)
07-13 23:35:22.598   712  1064 E vol.VolumeDialogControl: 	at com.android.systemui.volume.VolumeDialogControllerImpl.access$2000(VolumeDialogControllerImpl.java:92)
07-13 23:35:22.598   712  1064 E vol.VolumeDialogControl: 	at com.android.systemui.volume.VolumeDialogControllerImpl$W.handleMessage(VolumeDialogControllerImpl.java:825)
07-13 23:35:22.598   712  1064 E vol.VolumeDialogControl: 	at android.os.Handler.dispatchMessage(Handler.java:106)
07-13 23:35:22.598   712  1064 E vol.VolumeDialogControl: 	at android.os.Looper.loop(Looper.java:223)
07-13 23:35:22.598   712  1064 E vol.VolumeDialogControl: 	at android.os.HandlerThread.run(HandlerThread.java:67)
07-13 23:35:22.598   712  1064 E vol.VolumeDialogControl: Caused by: android.os.RemoteException: Remote stack trace:
07-13 23:35:22.598   712  1064 E vol.VolumeDialogControl: 	at com.android.server.pm.PackageManagerService.getComponentEnabledSetting(PackageManagerService.java:21394)
07-13 23:35:22.598   712  1064 E vol.VolumeDialogControl: 	at android.content.pm.IPackageManager$Stub.onTransact(IPackageManager.java:3216)
07-13 23:35:22.598   712  1064 E vol.VolumeDialogControl: 	at com.android.server.pm.PackageManagerService.onTransact(PackageManagerService.java:4302)
07-13 23:35:22.598   712  1064 E vol.VolumeDialogControl: 	at android.os.Binder.execTransactInternal(Binder.java:1159)
07-13 23:35:22.598   712  1064 E vol.VolumeDialogControl: 	at android.os.Binder.execTransact(Binder.java:1123)
07-13 23:35:22.598   712  1064 E vol.VolumeDialogControl: 
07-13 23:35:22.673   712  1064 E vol.VolumeDialogControl: isCaptionsServiceEnabled failed to check for captions component
07-13 23:35:22.673   712  1064 E vol.VolumeDialogControl: java.lang.IllegalArgumentException: Unknown component: ComponentInfo{com.google.android.as/com.google.android.apps.miphone.aiai.captions.CaptionsService}
07-13 23:35:22.673   712  1064 E vol.VolumeDialogControl: 	at android.os.Parcel.createExceptionOrNull(Parcel.java:2377)
07-13 23:35:22.673   712  1064 E vol.VolumeDialogControl: 	at android.os.Parcel.createException(Parcel.java:2357)
07-13 23:35:22.673   712  1064 E vol.VolumeDialogControl: 	at android.os.Parcel.readException(Parcel.java:2340)
07-13 23:35:22.673   712  1064 E vol.VolumeDialogControl: 	at android.os.Parcel.readException(Parcel.java:2282)
07-13 23:35:22.673   712  1064 E vol.VolumeDialogControl: 	at android.content.pm.IPackageManager$Stub$Proxy.getComponentEnabledSetting(IPackageManager.java:6804)
07-13 23:35:22.673   712  1064 E vol.VolumeDialogControl: 	at android.app.ApplicationPackageManager.getComponentEnabledSetting(ApplicationPackageManager.java:2723)
07-13 23:35:22.673   712  1064 E vol.VolumeDialogControl: 	at com.android.systemui.volume.VolumeDialogControllerImpl.onGetCaptionsComponentStateW(VolumeDialogControllerImpl.java:441)
07-13 23:35:22.673   712  1064 E vol.VolumeDialogControl: 	at com.android.systemui.volume.VolumeDialogControllerImpl.access$2000(VolumeDialogControllerImpl.java:92)
07-13 23:35:22.673   712  1064 E vol.VolumeDialogControl: 	at com.android.systemui.volume.VolumeDialogControllerImpl$W.handleMessage(VolumeDialogControllerImpl.java:825)
07-13 23:35:22.673   712  1064 E vol.VolumeDialogControl: 	at android.os.Handler.dispatchMessage(Handler.java:106)
07-13 23:35:22.673   712  1064 E vol.VolumeDialogControl: 	at android.os.Looper.loop(Looper.java:223)
07-13 23:35:22.673   712  1064 E vol.VolumeDialogControl: 	at android.os.HandlerThread.run(HandlerThread.java:67)
07-13 23:35:22.732  5795  5795 I Monkey  :     // Injection Failed
07-13 23:35:22.732  5795  5795 I Monkey  : :Sending Touch (ACTION_UP): 0:(557.4504,415.73428)
07-13 23:35:22.735   507   613 I InputDispatcher: Dropping event because there is no touched foreground window in display 0 or gesture monitor to receive it.
07-13 23:35:22.739  5795  5795 I Monkey  :     // Injection Failed
07-13 23:35:22.741  5795  5795 I Monkey  : :Sending Touch (ACTION_DOWN): 0:(673.0,1545.0)
07-13 23:35:22.743   507   613 W InputDispatcher: Unresponsive window Window{3a1496c u0 NotificationShade} will not get the new gesture at 1771601000000
07-13 23:35:22.744   507   613 I InputDispatcher: Dropping event because there is no touchable window or gesture monitor at (673, 1545) in display 0.
07-13 23:35:22.737   507  1624 W InputManager: Input event injection from pid 5795 failed.
07-13 23:35:22.748   507  1767 W InputManager: Input event injection from pid 5795 failed.
07-13 23:35:22.755   507  5864 I ActivityManager: Dumping to /data/anr/anr_2021-07-13-23-35-22-743
07-13 23:35:22.755   507  5864 I ActivityManager: Collecting stacks for pid 712
07-13 23:35:22.757  5795  5795 I Monkey  :     // Injection Failed
07-13 23:35:22.764   507  5864 I system_server: libdebuggerd_client: started dumping process 712
07-13 23:35:22.766  5795  5795 I Monkey  : :Sending Touch (ACTION_UP): 0:(694.39294,1545.1355)
07-13 23:35:22.769   507   613 I InputDispatcher: Dropping event because there is no touched foreground window in display 0 or gesture monitor to receive it.
07-13 23:35:22.770   507  1767 W InputManager: Input event injection from pid 5795 failed.
07-13 23:35:22.772  5795  5795 I Monkey  :     // Injection Failed
07-13 23:35:22.774  5795  5795 I Monkey  : :Sending Touch (ACTION_DOWN): 0:(845.0,1714.0)
07-13 23:35:22.818   257   257 I tombstoned: registered intercept for pid 712 and type kDebuggerdJavaBacktrace
07-13 23:35:22.835   507   613 W InputDispatcher: Unresponsive window Window{3a1496c u0 NotificationShade} will not get the new gesture at 1771634000000
07-13 23:35:22.835   507   613 I InputDispatcher: Dropping event because there is no touchable window or gesture monitor at (845, 1714) in display 0.
07-13 23:35:22.836   507  1624 W InputManager: Input event injection from pid 5795 failed.
07-13 23:35:22.836  5795  5795 I Monkey  :     // Injection Failed
07-13 23:35:22.836  5795  5795 I Monkey  : :Sending Touch (ACTION_UP): 0:(836.01184,1710.7947)
07-13 23:35:22.838   507   613 I InputDispatcher: Dropping event because there is no touched foreground window in display 0 or gesture monitor to receive it.
07-13 23:35:22.839  5795  5795 I Monkey  :     // Injection Failed
07-13 23:35:22.841  5795  5795 I Monkey  : :Sending Touch (ACTION_DOWN): 0:(943.0,367.0)
07-13 23:35:22.845   507   613 W InputDispatcher: Unresponsive window Window{3a1496c u0 NotificationShade} will not get the new gesture at 1771702000000
07-13 23:35:22.846   507   613 I InputDispatcher: Dropping event because there is no touchable window or gesture monitor at (943, 367) in display 0.
07-13 23:35:22.876   712   720 I ndroid.systemu: Thread[3,tid=720,WaitingInMainSignalCatcherLoop,Thread*=0xdf78d210,peer=0x12ec1c40,"Signal Catcher"]: reacting to signal 3
07-13 23:35:22.876   712   720 I ndroid.systemu: 
07-13 23:35:22.889  5795  5795 I Monkey  :     // Injection Failed
07-13 23:35:22.890  5795  5795 I Monkey  : :Sending Touch (ACTION_UP): 0:(950.9644,364.1141)
07-13 23:35:22.909   285   328 D goldfish-address-space: claimShared: Ask to claim region [0x3f76e4000 0x3f77c1000]
07-13 23:35:22.910   507   613 I InputDispatcher: Dropping event because there is no touched foreground window in display 0 or gesture monitor to receive it.
07-13 23:35:22.839   507  1624 I chatty  : uid=1000(system) Binder:507_14 identical 1 line
07-13 23:35:22.847   507  1624 W InputManager: Input event injection from pid 5795 failed.
07-13 23:35:22.911   507   522 W InputManager: Input event injection from pid 5795 failed.
07-13 23:35:22.924  5795  5795 I Monkey  :     // Injection Failed
07-13 23:35:22.932  5795  5795 I Monkey  : :Sending Touch (ACTION_DOWN): 0:(531.0,1120.0)
07-13 23:35:22.938   285   328 D goldfish-address-space: claimShared: Ask to claim region [0x3f77c1000 0x3f789e000]
07-13 23:35:22.958   285   325 D goldfish-address-space: claimShared: Ask to claim region [0x3f789e000 0x3f797b000]
07-13 23:35:22.971   507   613 W InputDispatcher: Unresponsive window Window{3a1496c u0 NotificationShade} will not get the new gesture at 1771793000000
07-13 23:35:22.971   507   613 I InputDispatcher: Dropping event because there is no touchable window or gesture monitor at (531, 1120) in display 0.
07-13 23:35:22.973  5795  5795 I Monkey  :     // Injection Failed
07-13 23:35:22.973  5795  5795 I Monkey  : :Sending Touch (ACTION_UP): 0:(529.81586,1115.8446)
07-13 23:35:22.974   507   613 I InputDispatcher: Dropping event because there is no touched foreground window in display 0 or gesture monitor to receive it.
07-13 23:35:22.974  5795  5795 I Monkey  :     // Injection Failed
07-13 23:35:23.014  5795  5795 I Monkey  : :Sending Touch (ACTION_DOWN): 0:(266.0,1865.0)
07-13 23:35:23.016   507   613 W InputDispatcher: Unresponsive window Window{3a1496c u0 NotificationShade} will not get the new gesture at 1771875000000
07-13 23:35:23.016   507   613 I InputDispatcher: Dropping event because there is no touchable window or gesture monitor at (266, 1865) in display 0.
07-13 23:35:22.972   507   522 I chatty  : uid=1000(system) Binder:507_2 identical 1 line
07-13 23:35:22.974   507   522 W InputManager: Input event injection from pid 5795 failed.
07-13 23:35:23.017   507  1017 W InputManager: Input event injection from pid 5795 failed.
07-13 23:35:23.018  5795  5795 I Monkey  :     // Injection Failed
07-13 23:35:23.021  5795  5795 I Monkey  : :Sending Touch (ACTION_UP): 0:(270.409,1866.07)
07-13 23:35:23.024   507   613 I InputDispatcher: Dropping event because there is no touched foreground window in display 0 or gesture monitor to receive it.
07-13 23:35:23.029  5795  5795 I Monkey  :     // Injection Failed
07-13 23:35:23.031  5795  5795 I Monkey  : :Sending Touch (ACTION_DOWN): 0:(1.0,468.0)
07-13 23:35:23.032   507   613 W InputDispatcher: Unresponsive window Window{3a1496c u0 NotificationShade} will not get the new gesture at 1771891000000
07-13 23:35:23.033   507   613 I InputDispatcher: Dropping event because there is no touchable window or gesture monitor at (1, 468) in display 0.
07-13 23:35:23.034  5795  5795 I Monkey  :     // Injection Failed
07-13 23:35:23.036  5795  5795 I Monkey  : :Sending Touch (ACTION_UP): 0:(0.0,460.13797)
07-13 23:35:23.038   507   613 I InputDispatcher: Dropping event because there is no touched foreground window in display 0 or gesture monitor to receive it.
07-13 23:35:23.041  5795  5795 I Monkey  :     // Injection Failed
07-13 23:35:23.050  5795  5795 I Monkey  : :Sending Touch (ACTION_DOWN): 0:(879.0,669.0)
07-13 23:35:23.051   507   613 W InputDispatcher: Unresponsive window Window{3a1496c u0 NotificationShade} will not get the new gesture at 1771910000000
07-13 23:35:23.051   507   613 I InputDispatcher: Dropping event because there is no touchable window or gesture monitor at (879, 669) in display 0.
07-13 23:35:23.056  5795  5795 I Monkey  :     // Injection Failed
07-13 23:35:23.056  5795  5795 I Monkey  : :Sending Touch (ACTION_UP): 0:(882.2068,658.2211)
07-13 23:35:23.057   507   613 I InputDispatcher: Dropping event because there is no touched foreground window in display 0 or gesture monitor to receive it.
07-13 23:35:23.058  5795  5795 I Monkey  :     // Injection Failed
07-13 23:35:23.061  5795  5795 I Monkey  : :Sending Touch (ACTION_DOWN): 0:(332.0,1744.0)
07-13 23:35:23.062   507   613 W InputDispatcher: Unresponsive window Window{3a1496c u0 NotificationShade} will not get the new gesture at 1771920000000
07-13 23:35:23.062   507   613 I InputDispatcher: Dropping event because there is no touchable window or gesture monitor at (332, 1744) in display 0.
07-13 23:35:23.064  5795  5795 I Monkey  :     // Injection Failed
07-13 23:35:23.065  5795  5795 I Monkey  : :Sending Touch (ACTION_UP): 0:(329.57132,1732.05)
07-13 23:35:23.066   507   613 I InputDispatcher: Dropping event because there is no touched foreground window in display 0 or gesture monitor to receive it.
07-13 23:35:23.071  5795  5795 I Monkey  :     // Injection Failed
07-13 23:35:23.072  5795  5795 I Monkey  : :Sending Touch (ACTION_DOWN): 0:(181.0,989.0)
07-13 23:35:23.073   507   613 W InputDispatcher: Unresponsive window Window{3a1496c u0 NotificationShade} will not get the new gesture at 1771933000000
07-13 23:35:23.073   507   613 I InputDispatcher: Dropping event because there is no touchable window or gesture monitor at (181, 989) in display 0.
07-13 23:35:23.074  5795  5795 I Monkey  :     // Injection Failed
07-13 23:35:23.075  5795  5795 I Monkey  : :Sending Touch (ACTION_UP): 0:(181.78423,991.8021)
07-13 23:35:23.075   507   613 I InputDispatcher: Dropping event because there is no touched foreground window in display 0 or gesture monitor to receive it.
07-13 23:35:23.078  5795  5795 I Monkey  :     // Injection Failed
07-13 23:35:23.080  5795  5795 I Monkey  : :Sending Touch (ACTION_DOWN): 0:(243.0,1335.0)
07-13 23:35:23.081   507   613 W InputDispatcher: Unresponsive window Window{3a1496c u0 NotificationShade} will not get the new gesture at 1771940000000
07-13 23:35:23.081   507   613 I InputDispatcher: Dropping event because there is no touchable window or gesture monitor at (243, 1335) in display 0.
