07-13 23:35:44.873  5795  5795 W Monkey  :          24,395K: com.google.android.apps.wellbeing (pid 5065)
07-13 23:35:44.874  5795  5795 W Monkey  :          20,639K: com.google.android.projection.gearhead:shared (pid 4817)
07-13 23:35:44.874  5795  5795 W Monkey  :          15,969K: com.google.android.gms.ui (pid 5418)
07-13 23:35:44.874  5795  5795 W Monkey  :          13,158K: com.android.chrome (pid 5397)
07-13 23:35:44.874  5795  5795 W Monkey  :          11,870K: com.google.android.permissioncontroller (pid 3523)
07-13 23:35:44.874  5795  5795 W Monkey  :          11,514K: android.process.media (pid 2300)
07-13 23:35:44.874  5795  5795 W Monkey  :          10,820K: com.google.android.documentsui (pid 5534)
07-13 23:35:44.875  5795  5795 W Monkey  :           8,869K: com.android.dialer (pid 3848)
07-13 23:35:44.875  5795  5795 W Monkey  :           8,853K: com.google.android.configupdater (pid 5660)
07-13 23:35:44.875  5795  5795 W Monkey  :           7,246K: com.google.process.gapps (pid 1935)
07-13 23:35:44.876  5795  5795 W Monkey  :           6,745K: com.google.android.packageinstaller (pid 5742)
07-13 23:35:44.876  5795  5795 W Monkey  :           5,577K: com.android.keychain (pid 5375)
07-13 23:35:44.876  5795  5795 W Monkey  : 
07-13 23:35:44.876  5795  5795 W Monkey  : Total PSS by category:
07-13 23:35:44.876  5795  5795 W Monkey  :     351,034K: .apk mmap
07-13 23:35:44.877  5795  5795 W Monkey  :     343,823K: Native
07-13 23:35:44.877  5795  5795 W Monkey  :     152,617K: Dalvik
07-13 23:35:44.877  5795  5795 W Monkey  :      93,451K: .so mmap
07-13 23:35:44.877  5795  5795 W Monkey  :      62,283K: .art mmap
07-13 23:35:44.877  5795  5795 W Monkey  :      51,618K: .jar mmap
07-13 23:35:44.878  5795  5795 W Monkey  :      49,662K: Dalvik Other
07-13 23:35:44.878  5795  5795 W Monkey  :      46,363K: .dex mmap
07-13 23:35:44.878  5795  5795 W Monkey  :      25,001K: Stack
07-13 23:35:44.878  5795  5795 W Monkey  :      21,300K: Unknown
07-13 23:35:44.878  5795  5795 W Monkey  :      20,418K: Other mmap
07-13 23:35:44.879  5795  5795 W Monkey  :      16,055K: .oat mmap
07-13 23:35:44.879  5795  5795 W Monkey  :       3,863K: .ttf mmap
07-13 23:35:44.880  5795  5795 W Monkey  :       1,725K: Other dev
07-13 23:35:44.880  5795  5795 W Monkey  :         468K: Ashmem
07-13 23:35:44.880  5795  5795 W Monkey  :           0K: Cursor
07-13 23:35:44.880  5795  5795 W Monkey  :           0K: Gfx dev
07-13 23:35:44.881  5795  5795 W Monkey  :           0K: EGL mtrack
07-13 23:35:44.882  5795  5795 W Monkey  :           0K: GL mtrack
07-13 23:35:44.883  5795  5795 W Monkey  :           0K: Other mtrack
07-13 23:35:44.884  5795  5795 W Monkey  : 
07-13 23:35:44.884  5795  5795 W Monkey  : Total RAM: 2,028,660K (status normal)
07-13 23:35:44.884  5795  5795 W Monkey  :  Free RAM:   971,946K (  400,630K cached pss +   510,408K cached kernel +    60,908K free)
07-13 23:35:44.885  5795  5795 W Monkey  :  Used RAM: 1,095,192K (  925,048K used pss +   170,144K kernel)
07-13 23:35:44.885  5795  5795 W Monkey  :  Lost RAM:    20,951K
07-13 23:35:44.885  5795  5795 W Monkey  :      ZRAM:    26,568K physical used for    88,832K in swap (1,521,488K total swap)
07-13 23:35:44.885  5795  5795 W Monkey  :    Tuning: 192 (large 512), oom   184,320K, restore limit    61,440K (high-end-gfx)
07-13 23:35:44.885  5795  5795 W Monkey  : // meminfo status was 0
07-13 23:35:44.885  5795  5795 I Monkey  : ** Monkey aborted due to error.
07-13 23:35:44.886  5795  5795 I Monkey  : Events injected: 939
07-13 23:35:44.887  5795  5795 I Monkey  : :Sending rotation degree=0, persist=false
07-13 23:35:44.943  5795  5795 I Monkey  : :Dropped: keys=0 pointers=62 trackballs=0 flips=1 rotations=0
07-13 23:35:44.944  5795  5795 I Monkey  : ## Network stats: elapsed time=37360ms (0ms mobile, 0ms wifi, 37360ms not connected)
07-13 23:35:44.944  5795  5795 W Monkey  : ** System appears to have crashed at event 939 of 1000 using seed 1626376426351
07-13 23:35:44.945   507   527 W InputReader: Device virtio_input_multi_touch_9 is associated with display ADISPLAY_ID_NONE.
07-13 23:35:44.945   507   527 W InputReader: Device virtio_input_multi_touch_6 is associated with display ADISPLAY_ID_NONE.
07-13 23:35:44.945   507   527 W InputReader: Device virtio_input_multi_touch_3 is associated with display ADISPLAY_ID_NONE.
07-13 23:35:44.945   507   527 W InputReader: Device virtio_input_multi_touch_10 is associated with display ADISPLAY_ID_NONE.
07-13 23:35:44.945   507   527 W InputReader: Device virtio_input_multi_touch_7 is associated with display ADISPLAY_ID_NONE.
07-13 23:35:44.945   507   527 W InputReader: Device virtio_input_multi_touch_8 is associated with display ADISPLAY_ID_NONE.
07-13 23:35:44.945   507   527 W InputReader: Device virtio_input_multi_touch_4 is associated with display ADISPLAY_ID_NONE.
07-13 23:35:44.945   507   527 W InputReader: Device virtio_input_multi_touch_11 is associated with display ADISPLAY_ID_NONE.
07-13 23:35:44.945   507   527 W InputReader: Device virtio_input_multi_touch_5 is associated with display ADISPLAY_ID_NONE.
07-13 23:35:44.945   507   527 W InputReader: Device virtio_input_multi_touch_2 is associated with display ADISPLAY_ID_NONE.
07-13 23:35:44.980  5795  5795 I app_process: System.exit called, status: 939
07-13 23:35:44.981  5795  5795 I AndroidRuntime: VM exiting with result code 939.
--------- beginning of kernel
07-13 23:35:45.052     0     0 D logd    : logdr: UID=2000 GID=2000 PID=5942 n tail=0 logMask=99 pid=0 start=0ns timeout=0ns
--------- beginning of system
07-13 23:35:45.420   507   535 I ActivityManager: Force stopping com.android.todolist appid=10156 user=-1: deletePackageX
07-13 23:35:45.421   507   535 I ActivityManager: Killing 5813:com.android.todolist/u0a156 (adj 0): stop com.android.todolist due to deletePackageX
07-13 23:35:45.424   507   535 W ActivityTaskManager: Force removing ActivityRecord{dd05363 u0 com.android.todolist/.MainActivity t19 f}}: app died, no saved state
07-13 23:35:45.459   507   535 W InputReader: Device virtio_input_multi_touch_9 is associated with display ADISPLAY_ID_NONE.
07-13 23:35:45.459   507   535 W InputReader: Device virtio_input_multi_touch_6 is associated with display ADISPLAY_ID_NONE.
07-13 23:35:45.459   507   535 W InputReader: Device virtio_input_multi_touch_3 is associated with display ADISPLAY_ID_NONE.
07-13 23:35:45.459   507   535 W InputReader: Device virtio_input_multi_touch_10 is associated with display ADISPLAY_ID_NONE.
07-13 23:35:45.459   507   535 W InputReader: Device virtio_input_multi_touch_7 is associated with display ADISPLAY_ID_NONE.
07-13 23:35:45.459   507   535 W InputReader: Device virtio_input_multi_touch_8 is associated with display ADISPLAY_ID_NONE.
07-13 23:35:45.460   507   535 W InputReader: Device virtio_input_multi_touch_4 is associated with display ADISPLAY_ID_NONE.
07-13 23:35:45.461   507   535 W InputReader: Device virtio_input_multi_touch_11 is associated with display ADISPLAY_ID_NONE.
07-13 23:35:45.461   507   535 W InputReader: Device virtio_input_multi_touch_5 is associated with display ADISPLAY_ID_NONE.
07-13 23:35:45.461   507   535 W InputReader: Device virtio_input_multi_touch_2 is associated with display ADISPLAY_ID_NONE.
07-13 23:35:45.481   264   264 I Zygote  : Process 5813 exited due to signal 9 (Killed)
07-13 23:35:45.431     0     0 I binder  : undelivered transaction 397334, process died.
07-13 23:35:45.492   507   535 W InputReader: Device virtio_input_multi_touch_9 is associated with display ADISPLAY_ID_NONE.
07-13 23:35:45.492   507   535 W InputReader: Device virtio_input_multi_touch_6 is associated with display ADISPLAY_ID_NONE.
07-13 23:35:45.492   507   535 W InputReader: Device virtio_input_multi_touch_3 is associated with display ADISPLAY_ID_NONE.
07-13 23:35:45.492   507   535 W InputReader: Device virtio_input_multi_touch_10 is associated with display ADISPLAY_ID_NONE.
07-13 23:35:45.492   507   535 W InputReader: Device virtio_input_multi_touch_7 is associated with display ADISPLAY_ID_NONE.
07-13 23:35:45.493   507   535 W InputReader: Device virtio_input_multi_touch_8 is associated with display ADISPLAY_ID_NONE.
07-13 23:35:45.493   507   535 W InputReader: Device virtio_input_multi_touch_4 is associated with display ADISPLAY_ID_NONE.
07-13 23:35:45.493   507   535 W InputReader: Device virtio_input_multi_touch_11 is associated with display ADISPLAY_ID_NONE.
07-13 23:35:45.493   507   535 W InputReader: Device virtio_input_multi_touch_5 is associated with display ADISPLAY_ID_NONE.
07-13 23:35:45.493   507   535 W InputReader: Device virtio_input_multi_touch_2 is associated with display ADISPLAY_ID_NONE.
07-13 23:35:45.511   507   537 I libprocessgroup: Successfully killed process cgroup uid 10156 pid 5813 in 56ms
07-13 23:35:45.533   507   530 W system_server: Long monitor contention with owner ActivityManager (535) at void com.android.server.wm.ActivityTaskManagerService$LocalService.handleAppDied(com.android.server.wm.WindowProcessController, boolean, java.lang.Runnable)(ActivityTaskManagerService.java:6801) waiters=0 in void com.android.server.wm.InputMonitor$UpdateInputWindows.run() for 101ms
07-13 23:35:45.676   507   527 W system_server: Long monitor contention with owner ActivityManager (535) at void com.android.server.am.ActivityManagerService$MainHandler.handleMessage(android.os.Message)(ActivityManagerService.java:1824) waiters=0 in void com.android.server.am.ActivityManagerService.dispatchUidsChanged() for 254ms
07-13 23:35:45.734   507   599 W system_server: Long monitor contention with owner PackageManager (556) at void com.android.server.pm.PackageManagerService.removePackageDataLIF(com.android.server.pm.PackageSetting, int[], com.android.server.pm.PackageManagerService$PackageRemovedInfo, int, boolean)(PackageManagerService.java:18842) waiters=0 in android.content.pm.ApplicationInfo com.android.server.pm.PackageManagerService.getApplicationInfoInternal(java.lang.String, int, int, int) for 199ms
07-13 23:35:45.778   285   328 D goldfish-address-space: claimShared: Ask to claim region [0x3f4000000 0x3f4926000]
07-13 23:35:45.823   507   527 W Looper  : Slow dispatch took 401ms android.ui h=com.android.server.am.ActivityManagerService$UiHandler c=null m=53
07-13 23:35:45.823   507   527 W Looper  : Slow delivery took 400ms android.ui h=com.android.server.am.ActivityManagerService$UiHandler c=null m=32
07-13 23:35:45.952   405   405 I keystore: clear_uid 10156
07-13 23:35:45.965   507   556 D PackageManager: Instant App installer not found with android.intent.action.INSTALL_INSTANT_APP_PACKAGE
07-13 23:35:45.965   507   556 D PackageManager: Clear ephemeral installer activity
07-13 23:35:45.965   507   556 E PermissionMonitor: unknown permission type: -1for uid: 10156
07-13 23:35:46.188   507   527 W Looper  : Drained
07-13 23:35:46.189   507   530 W system_server: Long monitor contention with owner Binder:507_5 (623) at android.content.res.Configuration com.android.server.wm.ActivityTaskManagerService.getGlobalConfigurationForPid(int)(ActivityTaskManagerService.java:976) waiters=0 in void com.android.server.wm.InputMonitor$UpdateInputWindows.run() for 353ms
07-13 23:35:46.212   285   328 D goldfish-address-space: claimShared: Ask to claim region [0x3f4926000 0x3f524c000]
07-13 23:35:46.223   507   529 W system_server: Long monitor contention with owner Binder:507_5 (623) at android.content.res.Configuration com.android.server.wm.ActivityTaskManagerService.getGlobalConfigurationForPid(int)(ActivityTaskManagerService.java:976) waiters=1 in void com.android.server.wm.WindowManagerService$H.handleMessage(android.os.Message) for 386ms
07-13 23:35:46.225   507   529 W ActivityManager: setHasOverlayUi called on unknown pid: 5813
07-13 23:35:46.250  1481  5244 W GmsLocationProvider: Error removing location updates: 16
07-13 23:35:46.318   285   325 D goldfish-address-space: claimShared: Ask to claim region [0x3f524c000 0x3f5b72000]
07-13 23:35:46.349   285   328 D goldfish-address-space: claimShared: Ask to claim region [0x3f5b72000 0x3f6498000]
07-13 23:35:46.388   285   285 D goldfish-address-space: claimShared: Ask to claim region [0x3f6498000 0x3f6dbe000]
07-13 23:35:46.418   285   325 D goldfish-address-space: claimShared: Ask to claim region [0x3f6dbe000 0x3f76e4000]
07-13 23:35:46.502  1481  2089 I OpenGLRenderer: Davey! duration=752ms; Flags=1, IntendedVsync=1794544009208, Vsync=1794594009206, OldestInputEvent=9223372036854775807, NewestInputEvent=0, HandleInputStart=1794609294200, AnimationStart=1794609370100, PerformTraversalsStart=1794609428900, DrawStart=1795178403400, SyncQueued=1795179048300, SyncStart=1795245763300, IssueDrawCommandsStart=1795246133500, SwapBuffers=1795250365000, FrameCompleted=1795363377000, DequeueBufferDuration=626800, QueueBufferDuration=1775000, GpuCompleted=1678190476200, 
07-13 23:35:46.579  1481  1481 W ThreadPoolDumper: Queue length for executor EventBus is now 11. Perhaps some tasks are too long, or the pool is too small.
07-13 23:35:46.614  1055  1578 I OpenGLRenderer: Davey! duration=1091ms; Flags=1, IntendedVsync=1794377343289, Vsync=1794610676613, OldestInputEvent=9223372036854775807, NewestInputEvent=0, HandleInputStart=1794623877400, AnimationStart=1794623943300, PerformTraversalsStart=1794624006600, DrawStart=1795157387000, SyncQueued=1795159032700, SyncStart=1795165828800, IssueDrawCommandsStart=1795180487100, SwapBuffers=1795377040100, FrameCompleted=1795475404300, DequeueBufferDuration=5166500, QueueBufferDuration=34256600, GpuCompleted=839352278000, 
07-13 23:35:46.682  1481  1710 W LocationOracle: No location history returned by ContextManager
07-13 23:35:46.701   507   599 W ActivityManager: Unable to start service Intent { act=android.service.appprediction.AppPredictionService cmp=com.google.android.as/com.google.android.apps.miphone.aiai.app.AiAiPredictionService } U=0: not found
07-13 23:35:46.702   507   599 W RemoteAppPredictionService: could not bind to Intent { act=android.service.appprediction.AppPredictionService cmp=com.google.android.as/com.google.android.apps.miphone.aiai.app.AiAiPredictionService } using flags 67108865
07-13 23:35:46.779   507   556 I system_server: Explicit concurrent copying GC freed 397482(15MB) AllocSpace objects, 43(4328KB) LOS objects, 49% free, 13MB/27MB, paused 885us total 530.009ms
07-13 23:35:46.780   507   517 I system_server: WaitForGcToComplete blocked Background on ObjectsAllocated for 501.241ms
07-13 23:35:46.781   507   518 W JavaBinder: BinderProxy is being destroyed but the application did not call unlinkToDeath to unlink all of its death recipients beforehand.  Releasing leaked death recipient: com.android.server.AlarmManagerService$2
07-13 23:35:46.781   507   518 I BpBinder: onLastStrongRef automatically unlinking death recipients: <uncached descriptor>
07-13 23:35:46.800   507   556 I ActivityManager: Force stopping com.android.todolist appid=10156 user=0: pkg removed
07-13 23:35:47.166   507   527 W Looper  : Slow dispatch took 304ms android.ui h=com.android.server.am.ActivityManagerService$UiHandler c=null m=31
07-13 23:35:47.139     0     0 D logd    : logdr: UID=2000 GID=2000 PID=5953 n tail=0 logMask=99 pid=0 start=0ns timeout=0ns
07-13 23:35:47.178   507   527 W Looper  : Slow delivery took 292ms android.ui h=com.android.server.wm.BarController$BarHandler c=com.android.server.wm.-$$Lambda$StatusBarController$1$3FiQ0kybPCSlgcNJkCsNm5M12iA@ec37eb6 m=0
07-13 23:35:47.180  1442  1442 I MediaProvider: Invalidating LocalCallingIdentity cache for package com.android.todolist. Reason: package android.intent.action.PACKAGE_REMOVED
07-13 23:35:47.217   507   625 V StorageManagerService: Package com.android.todolist does not have legacy storage
07-13 23:35:47.222  1055  1072 I s.nexuslaunche: Background concurrent copying GC freed 14166(711KB) AllocSpace objects, 3(192KB) LOS objects, 49% free, 3671KB/7342KB, paused 832us total 294.512ms
07-13 23:35:47.227   694   694 V AvrcpMediaPlayerList: mPackageChangedBroadcastReceiver: action: android.intent.action.PACKAGE_REMOVED
07-13 23:35:47.243   507   526 I RoleManagerService: Granting default roles...
07-13 23:35:47.254  1461  1461 I GsaVoiceInteractionSrv: O received Intent { act=android.intent.action.PACKAGE_REMOVED dat=package:com.android.todolist flg=0x4000010 (has extras) }
07-13 23:35:47.291   507   607 I RollbackManager: broadcast=ACTION_PACKAGE_FULLY_REMOVED pkg=com.android.todolist
07-13 23:35:47.299   507   535 W BroadcastQueue: Background execution not allowed: receiving Intent { act=android.intent.action.PACKAGE_REMOVED dat=package:com.android.todolist flg=0x4000010 (has extras) } to com.android.musicfx/.Compatibility$Receiver
07-13 23:35:47.318  2720  2720 E CarrierServices: [2] ecr.a: Invalid signature found for com.android.contacts: E39B7BFBE0A67D78292F6CC62E06CA27A2EBF255
07-13 23:35:47.333   507   507 W Looper  : Slow dispatch took 123ms main h=android.app.ActivityThread$H c=android.app.-$$Lambda$LoadedApk$ReceiverDispatcher$Args$_BumDX2UKsnxLVrE6UJsJZkotuA@39122c0 m=0
